{ strLength: 7, keyLength: 3, time: 8, count: 100, size: 50000 }
[173454:0x5921400]      107 ms: Mark-Compact 14.3 (27.9) -> 10.5 (27.2) MB, 1.26 / 0.00 ms  (+ 0.0 ms in 2 steps since start of marking, biggest step 0.0 ms, walltime since start of marking 6 ms) (average mu = 1.000, current mu = 1.000) finalize incremental marking via task; GC in old space requested
[173454:0x5921400]    22360 ms: Mark-Compact 35.3 (67.5) -> 10.6 (67.7) MB, 1.46 / 0.00 ms  (+ 4.8 ms in 31 steps since start of marking, biggest step 0.5 ms, walltime since start of marking 8 ms) (average mu = 1.000, current mu = 1.000) finalize incremental marking via task; GC in old space requested
[173454:0x5921400]    30744 ms: Mark-Compact 20.0 (67.7) -> 10.6 (53.2) MB, 1.62 / 0.00 ms  (+ 5.3 ms in 22 steps since start of marking, biggest step 2.7 ms, walltime since start of marking 8 ms) (average mu = 1.000, current mu = 0.999) finalize incremental marking via task; GC in old space requested
[173454:0x5921400]    39131 ms: Mark-Compact 20.0 (53.2) -> 10.6 (53.0) MB, 1.27 / 0.00 ms  (+ 3.7 ms in 31 steps since start of marking, biggest step 0.2 ms, walltime since start of marking 6 ms) (average mu = 1.000, current mu = 0.999) finalize incremental marking via task; GC in old space requested
[173454:0x5921400]    47508 ms: Mark-Compact 19.9 (53.0) -> 10.6 (53.5) MB, 1.50 / 0.00 ms  (+ 6.2 ms in 29 steps since start of marking, biggest step 0.4 ms, walltime since start of marking 9 ms) (average mu = 0.999, current mu = 0.999) finalize incremental marking via task; GC in old space requested
[173454:0x5921400]    55867 ms: Mark-Compact 19.9 (53.5) -> 10.4 (53.7) MB, 1.36 / 0.00 ms  (+ 6.2 ms in 21 steps since start of marking, biggest step 3.6 ms, walltime since start of marking 9 ms) (average mu = 0.999, current mu = 0.999) finalize incremental marking via task; GC in old space requested
[173454:0x5921400]    64223 ms: Mark-Compact 19.7 (53.7) -> 10.3 (54.0) MB, 1.43 / 0.00 ms  (+ 6.9 ms in 42 steps since start of marking, biggest step 0.3 ms, walltime since start of marking 9 ms) (average mu = 0.999, current mu = 0.999) finalize incremental marking via task; GC in old space requested
[173454:0x5921400]    72596 ms: Mark-Compact 19.8 (54.0) -> 10.3 (53.2) MB, 1.10 / 0.00 ms  (+ 5.0 ms in 43 steps since start of marking, biggest step 0.3 ms, walltime since start of marking 7 ms) (average mu = 0.999, current mu = 0.999) finalize incremental marking via task; GC in old space requested
[173454:0x5921400]    80965 ms: Mark-Compact 19.8 (53.2) -> 10.3 (53.0) MB, 1.61 / 0.00 ms  (+ 4.1 ms in 23 steps since start of marking, biggest step 1.3 ms, walltime since start of marking 7 ms) (average mu = 0.999, current mu = 0.999) finalize incremental marking via task; GC in old space requested
[173454:0x5921400]    89329 ms: Mark-Compact 19.9 (53.0) -> 10.3 (52.7) MB, 1.48 / 0.00 ms  (+ 7.8 ms in 28 steps since start of marking, biggest step 0.7 ms, walltime since start of marking 11 ms) (average mu = 0.999, current mu = 0.999) finalize incremental marking via task; GC in old space requested
[173454:0x5921400]    97706 ms: Mark-Compact 19.7 (52.7) -> 10.3 (53.7) MB, 1.34 / 0.00 ms  (+ 7.2 ms in 30 steps since start of marking, biggest step 0.4 ms, walltime since start of marking 10 ms) (average mu = 0.999, current mu = 0.999) finalize incremental marking via task; GC in old space requested
[173454:0x5921400]   106075 ms: Mark-Compact 19.8 (53.7) -> 10.3 (53.5) MB, 1.60 / 0.00 ms  (+ 5.4 ms in 32 steps since start of marking, biggest step 0.5 ms, walltime since start of marking 8 ms) (average mu = 0.999, current mu = 0.999) finalize incremental marking via task; GC in old space requested
[173454:0x5921400]   114432 ms: Mark-Compact 19.7 (53.5) -> 10.3 (54.5) MB, 1.49 / 0.00 ms  (+ 8.3 ms in 44 steps since start of marking, biggest step 0.5 ms, walltime since start of marking 11 ms) (average mu = 0.999, current mu = 0.999) finalize incremental marking via task; GC in old space requested
[173454:0x5921400]   122747 ms: Mark-Compact 19.7 (54.5) -> 10.3 (54.5) MB, 1.31 / 0.00 ms  (+ 5.5 ms in 41 steps since start of marking, biggest step 1.3 ms, walltime since start of marking 8 ms) (average mu = 0.999, current mu = 0.999) finalize incremental marking via task; GC in old space requested
[173454:0x5921400]   131108 ms: Mark-Compact 19.7 (54.5) -> 10.3 (53.0) MB, 2.15 / 0.00 ms  (+ 8.5 ms in 30 steps since start of marking, biggest step 0.7 ms, walltime since start of marking 12 ms) (average mu = 0.999, current mu = 0.999) finalize incremental marking via task; GC in old space requested
[173454:0x5921400]   139479 ms: Mark-Compact 19.7 (53.0) -> 10.3 (54.0) MB, 1.34 / 0.01 ms  (+ 7.0 ms in 27 steps since start of marking, biggest step 0.6 ms, walltime since start of marking 10 ms) (average mu = 0.999, current mu = 0.999) finalize incremental marking via task; GC in old space requested
[173454:0x5921400]   147826 ms: Mark-Compact 19.9 (54.0) -> 10.3 (53.5) MB, 2.05 / 0.00 ms  (+ 12.7 ms in 33 steps since start of marking, biggest step 1.0 ms, walltime since start of marking 17 ms) (average mu = 0.999, current mu = 0.998) finalize incremental marking via task; GC in old space requested
[173454:0x5921400]   156177 ms: Mark-Compact 19.8 (53.5) -> 10.3 (54.0) MB, 1.52 / 0.00 ms  (+ 6.8 ms in 32 steps since start of marking, biggest step 0.5 ms, walltime since start of marking 10 ms) (average mu = 0.999, current mu = 0.999) finalize incremental marking via task; GC in old space requested
[173454:0x5921400]   164493 ms: Mark-Compact 19.6 (54.0) -> 10.3 (54.2) MB, 1.04 / 0.00 ms  (+ 3.3 ms in 35 steps since start of marking, biggest step 0.7 ms, walltime since start of marking 5 ms) (average mu = 0.999, current mu = 0.999) finalize incremental marking via task; GC in old space requested
[173454:0x5921400]   172826 ms: Mark-Compact 19.7 (54.2) -> 10.3 (52.2) MB, 1.54 / 0.00 ms  (+ 6.9 ms in 44 steps since start of marking, biggest step 0.4 ms, walltime since start of marking 10 ms) (average mu = 0.999, current mu = 0.999) finalize incremental marking via task; GC in old space requested
[173454:0x5921400]   181210 ms: Mark-Compact 19.7 (52.2) -> 10.3 (53.2) MB, 1.37 / 0.00 ms  (+ 5.7 ms in 27 steps since start of marking, biggest step 0.5 ms, walltime since start of marking 8 ms) (average mu = 0.999, current mu = 0.999) finalize incremental marking via task; GC in old space requested
[173454:0x5921400]   189581 ms: Mark-Compact 19.9 (53.2) -> 10.4 (53.0) MB, 1.65 / 0.00 ms  (+ 10.3 ms in 43 steps since start of marking, biggest step 0.5 ms, walltime since start of marking 14 ms) (average mu = 0.999, current mu = 0.999) finalize incremental marking via task; GC in old space requested
[173454:0x5921400]   197927 ms: Mark-Compact 19.8 (53.0) -> 10.3 (53.5) MB, 1.28 / 0.00 ms  (+ 6.2 ms in 34 steps since start of marking, biggest step 2.1 ms, walltime since start of marking 8 ms) (average mu = 0.999, current mu = 0.999) finalize incremental marking via task; GC in old space requested
[173454:0x5921400]   206161 ms: Mark-Compact 19.7 (53.5) -> 10.3 (52.2) MB, 1.47 / 0.00 ms  (+ 9.1 ms in 42 steps since start of marking, biggest step 0.4 ms, walltime since start of marking 12 ms) (average mu = 0.999, current mu = 0.999) finalize incremental marking via task; GC in old space requested
[173454:0x5921400]   214446 ms: Mark-Compact 19.7 (52.2) -> 10.3 (52.7) MB, 1.19 / 0.00 ms  (+ 8.1 ms in 45 steps since start of marking, biggest step 0.6 ms, walltime since start of marking 10 ms) (average mu = 0.999, current mu = 0.999) finalize incremental marking via task; GC in old space requested
[173454:0x5921400]   222705 ms: Mark-Compact 19.9 (52.7) -> 10.4 (53.2) MB, 3.09 / 0.00 ms  (+ 15.3 ms in 30 steps since start of marking, biggest step 0.7 ms, walltime since start of marking 21 ms) (average mu = 0.998, current mu = 0.998) finalize incremental marking via task; GC in old space requested
[173454:0x5921400]   231028 ms: Mark-Compact 19.8 (53.2) -> 10.3 (54.2) MB, 1.49 / 0.00 ms  (+ 4.8 ms in 45 steps since start of marking, biggest step 0.2 ms, walltime since start of marking 7 ms) (average mu = 0.999, current mu = 0.999) finalize incremental marking via task; GC in old space requested
[173454:0x5921400]   239381 ms: Mark-Compact 19.7 (54.2) -> 10.3 (53.7) MB, 1.87 / 0.00 ms  (+ 8.1 ms in 42 steps since start of marking, biggest step 0.4 ms, walltime since start of marking 11 ms) (average mu = 0.999, current mu = 0.999) finalize incremental marking via task; GC in old space requested
[173454:0x5921400]   247745 ms: Mark-Compact 19.7 (53.7) -> 10.3 (53.7) MB, 2.68 / 0.00 ms  (+ 8.1 ms in 31 steps since start of marking, biggest step 0.7 ms, walltime since start of marking 13 ms) (average mu = 0.999, current mu = 0.999) finalize incremental marking via task; GC in old space requested
[173454:0x5921400]   256102 ms: Mark-Compact 19.8 (53.7) -> 10.3 (54.0) MB, 1.83 / 0.00 ms  (+ 9.1 ms in 35 steps since start of marking, biggest step 0.5 ms, walltime since start of marking 12 ms) (average mu = 0.999, current mu = 0.999) finalize incremental marking via task; GC in old space requested
[173454:0x5921400]   264437 ms: Mark-Compact 19.7 (54.0) -> 10.3 (54.0) MB, 1.69 / 0.00 ms  (+ 6.7 ms in 31 steps since start of marking, biggest step 2.2 ms, walltime since start of marking 10 ms) (average mu = 0.999, current mu = 0.999) finalize incremental marking via task; GC in old space requested
[173454:0x5921400]   272774 ms: Mark-Compact 19.7 (54.0) -> 10.3 (54.0) MB, 1.96 / 0.00 ms  (+ 6.0 ms in 29 steps since start of marking, biggest step 0.5 ms, walltime since start of marking 9 ms) (average mu = 0.999, current mu = 0.999) finalize incremental marking via task; GC in old space requested
[173454:0x5921400]   281093 ms: Mark-Compact 19.8 (54.0) -> 10.3 (53.5) MB, 1.26 / 0.00 ms  (+ 4.1 ms in 32 steps since start of marking, biggest step 0.2 ms, walltime since start of marking 6 ms) (average mu = 0.999, current mu = 0.999) finalize incremental marking via task; GC in old space requested
[173454:0x5921400]   289393 ms: Mark-Compact 19.7 (53.5) -> 10.3 (53.0) MB, 1.56 / 0.00 ms  (+ 7.3 ms in 32 steps since start of marking, biggest step 0.6 ms, walltime since start of marking 10 ms) (average mu = 0.999, current mu = 0.999) finalize incremental marking via task; GC in old space requested
[173454:0x5921400]   297691 ms: Mark-Compact 19.7 (53.0) -> 10.3 (53.0) MB, 1.63 / 0.00 ms  (+ 5.9 ms in 27 steps since start of marking, biggest step 0.4 ms, walltime since start of marking 9 ms) (average mu = 0.999, current mu = 0.999) finalize incremental marking via task; GC in old space requested
[173454:0x5921400]   305972 ms: Mark-Compact 19.8 (53.0) -> 10.3 (53.0) MB, 1.66 / 0.00 ms  (+ 4.0 ms in 25 steps since start of marking, biggest step 0.3 ms, walltime since start of marking 7 ms) (average mu = 0.999, current mu = 0.999) finalize incremental marking via task; GC in old space requested
[173454:0x5921400]   314166 ms: Mark-Compact 19.8 (53.0) -> 10.3 (53.5) MB, 1.53 / 0.00 ms  (+ 3.6 ms in 30 steps since start of marking, biggest step 0.2 ms, walltime since start of marking 6 ms) (average mu = 0.999, current mu = 0.999) finalize incremental marking via task; GC in old space requested
[173454:0x5921400]   322412 ms: Mark-Compact 19.8 (53.5) -> 10.3 (53.5) MB, 1.98 / 0.00 ms  (+ 7.1 ms in 32 steps since start of marking, biggest step 0.4 ms, walltime since start of marking 10 ms) (average mu = 0.999, current mu = 0.999) finalize incremental marking via task; GC in old space requested
[173454:0x5921400]   330589 ms: Mark-Compact 19.8 (53.5) -> 10.3 (53.7) MB, 1.52 / 0.00 ms  (+ 4.9 ms in 26 steps since start of marking, biggest step 0.3 ms, walltime since start of marking 7 ms) (average mu = 0.999, current mu = 0.999) finalize incremental marking via task; GC in old space requested
[173454:0x5921400]   338728 ms: Mark-Compact 19.7 (53.7) -> 10.3 (54.0) MB, 1.38 / 0.00 ms  (+ 6.4 ms in 29 steps since start of marking, biggest step 1.6 ms, walltime since start of marking 9 ms) (average mu = 0.999, current mu = 0.999) finalize incremental marking via task; GC in old space requested
[173454:0x5921400]   346899 ms: Mark-Compact 19.7 (54.0) -> 10.3 (53.5) MB, 1.84 / 0.00 ms  (+ 4.9 ms in 27 steps since start of marking, biggest step 0.3 ms, walltime since start of marking 8 ms) (average mu = 0.999, current mu = 0.999) finalize incremental marking via task; GC in old space requested
[173454:0x5921400]   355054 ms: Mark-Compact 19.8 (53.5) -> 10.3 (52.7) MB, 2.73 / 0.00 ms  (+ 6.6 ms in 32 steps since start of marking, biggest step 0.5 ms, walltime since start of marking 11 ms) (average mu = 0.999, current mu = 0.999) finalize incremental marking via task; GC in old space requested
[173454:0x5921400]   363197 ms: Mark-Compact 19.8 (52.7) -> 10.3 (53.7) MB, 1.47 / 0.00 ms  (+ 4.4 ms in 30 steps since start of marking, biggest step 0.5 ms, walltime since start of marking 7 ms) (average mu = 0.999, current mu = 0.999) finalize incremental marking via task; GC in old space requested
[173454:0x5921400]   371343 ms: Mark-Compact 19.7 (53.7) -> 10.3 (53.5) MB, 1.31 / 0.00 ms  (+ 4.3 ms in 26 steps since start of marking, biggest step 0.2 ms, walltime since start of marking 6 ms) (average mu = 0.999, current mu = 0.999) finalize incremental marking via task; GC in old space requested
[173454:0x5921400]   379506 ms: Mark-Compact 19.8 (53.5) -> 10.3 (54.0) MB, 2.03 / 0.00 ms  (+ 5.1 ms in 30 steps since start of marking, biggest step 0.3 ms, walltime since start of marking 8 ms) (average mu = 0.999, current mu = 0.999) finalize incremental marking via task; GC in old space requested
[173454:0x5921400]   387658 ms: Mark-Compact 19.8 (54.0) -> 10.3 (53.5) MB, 1.17 / 0.00 ms  (+ 7.4 ms in 43 steps since start of marking, biggest step 0.5 ms, walltime since start of marking 10 ms) (average mu = 0.999, current mu = 0.999) finalize incremental marking via task; GC in old space requested
[173454:0x5921400]   395821 ms: Mark-Compact 19.9 (53.5) -> 10.4 (53.2) MB, 2.32 / 0.00 ms  (+ 13.5 ms in 38 steps since start of marking, biggest step 0.9 ms, walltime since start of marking 18 ms) (average mu = 0.999, current mu = 0.998) finalize incremental marking via task; GC in old space requested
[173454:0x5921400]   403984 ms: Mark-Compact 19.9 (53.2) -> 10.4 (54.2) MB, 3.15 / 0.00 ms  (+ 11.3 ms in 33 steps since start of marking, biggest step 0.9 ms, walltime since start of marking 17 ms) (average mu = 0.998, current mu = 0.998) finalize incremental marking via task; GC in old space requested
[173454:0x5921400]   412139 ms: Mark-Compact 19.8 (54.2) -> 10.3 (54.2) MB, 1.93 / 0.00 ms  (+ 6.2 ms in 28 steps since start of marking, biggest step 0.4 ms, walltime since start of marking 9 ms) (average mu = 0.999, current mu = 0.999) finalize incremental marking via task; GC in old space requested
[173454:0x5921400]   420294 ms: Mark-Compact 19.7 (54.2) -> 10.3 (53.5) MB, 1.44 / 0.00 ms  (+ 5.3 ms in 30 steps since start of marking, biggest step 0.3 ms, walltime since start of marking 8 ms) (average mu = 0.999, current mu = 0.999) finalize incremental marking via task; GC in old space requested
[173454:0x5921400]   428490 ms: Mark-Compact 19.7 (53.5) -> 10.3 (53.7) MB, 2.22 / 0.00 ms  (+ 4.7 ms in 29 steps since start of marking, biggest step 0.3 ms, walltime since start of marking 8 ms) (average mu = 0.999, current mu = 0.999) finalize incremental marking via task; GC in old space requested
[173454:0x5921400]   436691 ms: Mark-Compact 19.7 (53.7) -> 10.3 (53.7) MB, 1.57 / 0.00 ms  (+ 4.9 ms in 28 steps since start of marking, biggest step 0.3 ms, walltime since start of marking 8 ms) (average mu = 0.999, current mu = 0.999) finalize incremental marking via task; GC in old space requested
[173454:0x5921400]   444869 ms: Mark-Compact 19.8 (53.7) -> 10.3 (53.0) MB, 2.23 / 0.00 ms  (+ 7.1 ms in 38 steps since start of marking, biggest step 0.3 ms, walltime since start of marking 10 ms) (average mu = 0.999, current mu = 0.999) finalize incremental marking via task; GC in old space requested
[173454:0x5921400]   453038 ms: Mark-Compact 19.9 (53.0) -> 10.4 (54.0) MB, 1.98 / 0.00 ms  (+ 11.3 ms in 29 steps since start of marking, biggest step 0.9 ms, walltime since start of marking 16 ms) (average mu = 0.999, current mu = 0.998) finalize incremental marking via task; GC in old space requested
[173454:0x5921400]   461224 ms: Mark-Compact 19.9 (54.0) -> 10.4 (53.5) MB, 2.59 / 0.00 ms  (+ 14.6 ms in 42 steps since start of marking, biggest step 1.0 ms, walltime since start of marking 19 ms) (average mu = 0.998, current mu = 0.998) finalize incremental marking via task; GC in old space requested
[173454:0x5921400]   469400 ms: Mark-Compact 19.8 (53.5) -> 10.3 (53.2) MB, 2.50 / 0.00 ms  (+ 9.2 ms in 38 steps since start of marking, biggest step 2.0 ms, walltime since start of marking 12 ms) (average mu = 0.998, current mu = 0.999) finalize incremental marking via task; GC in old space requested
[173454:0x5921400]   477543 ms: Mark-Compact 19.7 (53.2) -> 10.3 (54.2) MB, 1.53 / 0.00 ms  (+ 8.0 ms in 26 steps since start of marking, biggest step 1.8 ms, walltime since start of marking 11 ms) (average mu = 0.999, current mu = 0.999) finalize incremental marking via task; GC in old space requested
[173454:0x5921400]   485727 ms: Mark-Compact 19.9 (54.2) -> 10.4 (53.0) MB, 1.84 / 0.00 ms  (+ 14.5 ms in 38 steps since start of marking, biggest step 1.2 ms, walltime since start of marking 19 ms) (average mu = 0.998, current mu = 0.998) finalize incremental marking via task; GC in old space requested
[173454:0x5921400]   493888 ms: Mark-Compact 19.8 (53.0) -> 10.3 (54.0) MB, 1.55 / 0.00 ms  (+ 7.2 ms in 27 steps since start of marking, biggest step 0.7 ms, walltime since start of marking 10 ms) (average mu = 0.999, current mu = 0.999) finalize incremental marking via task; GC in old space requested
[173454:0x5921400]   502044 ms: Mark-Compact 19.9 (54.0) -> 10.4 (53.2) MB, 2.15 / 0.00 ms  (+ 12.3 ms in 31 steps since start of marking, biggest step 0.6 ms, walltime since start of marking 17 ms) (average mu = 0.998, current mu = 0.998) finalize incremental marking via task; GC in old space requested
[173454:0x5921400]   510224 ms: Mark-Compact 19.6 (53.2) -> 10.3 (53.5) MB, 1.28 / 0.00 ms  (+ 4.4 ms in 47 steps since start of marking, biggest step 0.1 ms, walltime since start of marking 6 ms) (average mu = 0.999, current mu = 0.999) finalize incremental marking via task; GC in old space requested
[173454:0x5921400]   518375 ms: Mark-Compact 19.7 (53.5) -> 10.3 (53.5) MB, 1.35 / 0.00 ms  (+ 4.4 ms in 45 steps since start of marking, biggest step 0.2 ms, walltime since start of marking 6 ms) (average mu = 0.999, current mu = 0.999) finalize incremental marking via task; GC in old space requested
[173454:0x5921400]   526551 ms: Mark-Compact 19.9 (53.5) -> 10.4 (54.5) MB, 2.70 / 0.00 ms  (+ 11.0 ms in 30 steps since start of marking, biggest step 0.6 ms, walltime since start of marking 16 ms) (average mu = 0.999, current mu = 0.998) finalize incremental marking via task; GC in old space requested
[173454:0x5921400]   534723 ms: Mark-Compact 19.8 (54.5) -> 10.3 (54.5) MB, 1.33 / 0.00 ms  (+ 5.2 ms in 39 steps since start of marking, biggest step 0.2 ms, walltime since start of marking 7 ms) (average mu = 0.999, current mu = 0.999) finalize incremental marking via task; GC in old space requested
[173454:0x5921400]   542967 ms: Mark-Compact 19.9 (54.5) -> 10.4 (54.2) MB, 4.87 / 0.00 ms  (+ 14.0 ms in 27 steps since start of marking, biggest step 0.7 ms, walltime since start of marking 22 ms) (average mu = 0.998, current mu = 0.998) finalize incremental marking via task; GC in old space requested
[173454:0x5921400]   551177 ms: Mark-Compact 19.8 (54.2) -> 10.3 (54.7) MB, 1.74 / 0.00 ms  (+ 4.9 ms in 40 steps since start of marking, biggest step 0.2 ms, walltime since start of marking 7 ms) (average mu = 0.999, current mu = 0.999) finalize incremental marking via task; GC in old space requested
[173454:0x5921400]   559326 ms: Mark-Compact 19.7 (54.7) -> 10.3 (54.2) MB, 1.87 / 0.00 ms  (+ 5.5 ms in 30 steps since start of marking, biggest step 0.3 ms, walltime since start of marking 8 ms) (average mu = 0.999, current mu = 0.999) finalize incremental marking via task; GC in old space requested
[173454:0x5921400]   567488 ms: Mark-Compact 19.8 (54.2) -> 10.3 (54.0) MB, 1.88 / 0.00 ms  (+ 5.4 ms in 29 steps since start of marking, biggest step 0.3 ms, walltime since start of marking 8 ms) (average mu = 0.999, current mu = 0.999) finalize incremental marking via task; GC in old space requested
[173454:0x5921400]   575659 ms: Mark-Compact 19.8 (54.0) -> 10.3 (54.2) MB, 1.56 / 0.00 ms  (+ 4.2 ms in 31 steps since start of marking, biggest step 0.2 ms, walltime since start of marking 6 ms) (average mu = 0.999, current mu = 0.999) finalize incremental marking via task; GC in old space requested
[173454:0x5921400]   583867 ms: Mark-Compact 19.8 (54.2) -> 10.3 (54.0) MB, 1.59 / 0.00 ms  (+ 7.2 ms in 39 steps since start of marking, biggest step 0.6 ms, walltime since start of marking 10 ms) (average mu = 0.999, current mu = 0.999) finalize incremental marking via task; GC in old space requested
[173454:0x5921400]   592006 ms: Mark-Compact 19.7 (54.0) -> 10.3 (53.0) MB, 1.87 / 0.00 ms  (+ 9.6 ms in 22 steps since start of marking, biggest step 3.8 ms, walltime since start of marking 13 ms) (average mu = 0.999, current mu = 0.999) finalize incremental marking via task; GC in old space requested
[173454:0x5921400]   600200 ms: Mark-Compact 19.7 (53.0) -> 10.3 (52.7) MB, 2.03 / 0.00 ms  (+ 8.8 ms in 31 steps since start of marking, biggest step 0.9 ms, walltime since start of marking 12 ms) (average mu = 0.999, current mu = 0.999) finalize incremental marking via task; GC in old space requested
[173454:0x5921400]   608399 ms: Mark-Compact 19.9 (52.7) -> 10.3 (53.2) MB, 4.07 / 0.00 ms  (+ 12.8 ms in 30 steps since start of marking, biggest step 0.8 ms, walltime since start of marking 19 ms) (average mu = 0.998, current mu = 0.998) finalize incremental marking via task; GC in old space requested
[173454:0x5921400]   616592 ms: Mark-Compact 19.9 (53.2) -> 10.4 (53.5) MB, 1.26 / 0.00 ms  (+ 12.4 ms in 27 steps since start of marking, biggest step 3.9 ms, walltime since start of marking 16 ms) (average mu = 0.998, current mu = 0.998) finalize incremental marking via task; GC in old space requested
[173454:0x5921400]   624752 ms: Mark-Compact 20.0 (53.5) -> 10.4 (54.5) MB, 2.50 / 0.00 ms  (+ 10.5 ms in 31 steps since start of marking, biggest step 1.0 ms, walltime since start of marking 15 ms) (average mu = 0.998, current mu = 0.998) finalize incremental marking via task; GC in old space requested
[173454:0x5921400]   632911 ms: Mark-Compact 19.8 (54.5) -> 10.3 (55.5) MB, 1.39 / 0.00 ms  (+ 4.2 ms in 40 steps since start of marking, biggest step 0.7 ms, walltime since start of marking 6 ms) (average mu = 0.999, current mu = 0.999) finalize incremental marking via task; GC in old space requested
[173454:0x5921400]   641108 ms: Mark-Compact 19.7 (55.5) -> 10.3 (51.7) MB, 4.74 / 0.01 ms  (+ 6.1 ms in 29 steps since start of marking, biggest step 0.4 ms, walltime since start of marking 12 ms) (average mu = 0.999, current mu = 0.999) finalize incremental marking via task; GC in old space requested
[173454:0x5921400]   649324 ms: Mark-Compact 19.7 (51.7) -> 10.3 (52.7) MB, 1.67 / 0.00 ms  (+ 7.5 ms in 29 steps since start of marking, biggest step 0.5 ms, walltime since start of marking 10 ms) (average mu = 0.999, current mu = 0.999) finalize incremental marking via task; GC in old space requested
[173454:0x5921400]   657509 ms: Mark-Compact 19.8 (52.7) -> 10.3 (53.7) MB, 1.64 / 0.00 ms  (+ 5.1 ms in 27 steps since start of marking, biggest step 0.3 ms, walltime since start of marking 8 ms) (average mu = 0.999, current mu = 0.999) finalize incremental marking via task; GC in old space requested
[173454:0x5921400]   665711 ms: Mark-Compact 19.7 (53.7) -> 10.3 (54.0) MB, 1.58 / 0.00 ms  (+ 8.5 ms in 36 steps since start of marking, biggest step 3.8 ms, walltime since start of marking 11 ms) (average mu = 0.999, current mu = 0.999) finalize incremental marking via task; GC in old space requested
[173454:0x5921400]   673885 ms: Mark-Compact 19.8 (54.0) -> 10.3 (53.7) MB, 1.55 / 0.00 ms  (+ 7.3 ms in 47 steps since start of marking, biggest step 0.3 ms, walltime since start of marking 10 ms) (average mu = 0.999, current mu = 0.999) finalize incremental marking via task; GC in old space requested
[173454:0x5921400]   682038 ms: Mark-Compact 19.8 (53.7) -> 10.3 (53.5) MB, 1.62 / 0.00 ms  (+ 6.8 ms in 29 steps since start of marking, biggest step 0.6 ms, walltime since start of marking 9 ms) (average mu = 0.999, current mu = 0.999) finalize incremental marking via task; GC in old space requested
[173454:0x5921400]   690234 ms: Mark-Compact 19.8 (53.5) -> 10.3 (53.5) MB, 1.64 / 0.00 ms  (+ 3.8 ms in 42 steps since start of marking, biggest step 0.1 ms, walltime since start of marking 6 ms) (average mu = 0.999, current mu = 0.999) finalize incremental marking via task; GC in old space requested
[173454:0x5921400]   698413 ms: Mark-Compact 19.8 (53.5) -> 10.3 (53.7) MB, 1.48 / 0.00 ms  (+ 4.9 ms in 26 steps since start of marking, biggest step 0.5 ms, walltime since start of marking 8 ms) (average mu = 0.999, current mu = 0.999) finalize incremental marking via task; GC in old space requested
[173454:0x5921400]   706576 ms: Mark-Compact 19.9 (53.7) -> 10.4 (53.7) MB, 3.06 / 0.00 ms  (+ 12.1 ms in 45 steps since start of marking, biggest step 0.5 ms, walltime since start of marking 17 ms) (average mu = 0.999, current mu = 0.998) finalize incremental marking via task; GC in old space requested
[173454:0x5921400]   714733 ms: Mark-Compact 19.8 (53.7) -> 10.3 (54.2) MB, 1.81 / 0.00 ms  (+ 11.3 ms in 22 steps since start of marking, biggest step 4.3 ms, walltime since start of marking 15 ms) (average mu = 0.999, current mu = 0.998) finalize incremental marking via task; GC in old space requested
[173454:0x5921400]   722913 ms: Mark-Compact 19.8 (54.2) -> 10.3 (53.2) MB, 1.29 / 0.00 ms  (+ 5.8 ms in 36 steps since start of marking, biggest step 0.8 ms, walltime since start of marking 8 ms) (average mu = 0.999, current mu = 0.999) finalize incremental marking via task; GC in old space requested
[173454:0x5921400]   731090 ms: Mark-Compact 19.8 (53.2) -> 10.3 (53.0) MB, 1.52 / 0.00 ms  (+ 3.3 ms in 24 steps since start of marking, biggest step 1.1 ms, walltime since start of marking 6 ms) (average mu = 0.999, current mu = 0.999) finalize incremental marking via task; GC in old space requested
[173454:0x5921400]   739252 ms: Mark-Compact 19.7 (53.0) -> 10.3 (53.5) MB, 2.32 / 0.00 ms  (+ 9.2 ms in 30 steps since start of marking, biggest step 0.7 ms, walltime since start of marking 13 ms) (average mu = 0.999, current mu = 0.999) finalize incremental marking via task; GC in old space requested
[173454:0x5921400]   747424 ms: Mark-Compact 19.7 (53.5) -> 10.3 (53.2) MB, 1.61 / 0.00 ms  (+ 5.1 ms in 26 steps since start of marking, biggest step 0.3 ms, walltime since start of marking 8 ms) (average mu = 0.999, current mu = 0.999) finalize incremental marking via task; GC in old space requested
[173454:0x5921400]   755639 ms: Mark-Compact 19.8 (53.2) -> 10.3 (53.7) MB, 1.22 / 0.00 ms  (+ 6.9 ms in 39 steps since start of marking, biggest step 1.8 ms, walltime since start of marking 9 ms) (average mu = 0.999, current mu = 0.999) finalize incremental marking via task; GC in old space requested
[173454:0x5921400]   763867 ms: Mark-Compact 19.9 (53.7) -> 10.4 (52.7) MB, 1.46 / 0.00 ms  (+ 10.8 ms in 40 steps since start of marking, biggest step 0.4 ms, walltime since start of marking 14 ms) (average mu = 0.999, current mu = 0.999) finalize incremental marking via task; GC in old space requested
[173454:0x5921400]   772040 ms: Mark-Compact 19.8 (52.7) -> 10.3 (53.7) MB, 1.73 / 0.00 ms  (+ 4.8 ms in 21 steps since start of marking, biggest step 2.0 ms, walltime since start of marking 7 ms) (average mu = 0.999, current mu = 0.999) finalize incremental marking via task; GC in old space requested
[173454:0x5921400]   780253 ms: Mark-Compact 19.7 (53.7) -> 10.3 (54.0) MB, 3.46 / 0.00 ms  (+ 15.9 ms in 20 steps since start of marking, biggest step 6.8 ms, walltime since start of marking 21 ms) (average mu = 0.998, current mu = 0.998) finalize incremental marking via task; GC in old space requested
[173454:0x5921400]   788459 ms: Mark-Compact 19.8 (54.0) -> 10.3 (53.7) MB, 1.54 / 0.00 ms  (+ 7.3 ms in 37 steps since start of marking, biggest step 0.4 ms, walltime since start of marking 10 ms) (average mu = 0.999, current mu = 0.999) finalize incremental marking via task; GC in old space requested
[173454:0x5921400]   796671 ms: Mark-Compact 19.7 (53.7) -> 10.3 (54.0) MB, 2.15 / 0.00 ms  (+ 5.3 ms in 29 steps since start of marking, biggest step 0.3 ms, walltime since start of marking 8 ms) (average mu = 0.999, current mu = 0.999) finalize incremental marking via task; GC in old space requested
[173454:0x5921400]   804846 ms: Mark-Compact 19.7 (54.0) -> 10.3 (53.7) MB, 1.67 / 0.00 ms  (+ 5.4 ms in 27 steps since start of marking, biggest step 0.5 ms, walltime since start of marking 8 ms) (average mu = 0.999, current mu = 0.999) finalize incremental marking via task; GC in old space requested
[173454:0x5921400]   813051 ms: Mark-Compact 19.7 (53.7) -> 10.3 (53.7) MB, 1.09 / 0.00 ms  (+ 7.7 ms in 24 steps since start of marking, biggest step 4.1 ms, walltime since start of marking 10 ms) (average mu = 0.999, current mu = 0.999) finalize incremental marking via task; GC in old space requested
[173454:0x5921400]   821235 ms: Mark-Compact 19.7 (53.7) -> 10.3 (52.7) MB, 1.66 / 0.00 ms  (+ 4.2 ms in 29 steps since start of marking, biggest step 0.2 ms, walltime since start of marking 7 ms) (average mu = 0.999, current mu = 0.999) finalize incremental marking via task; GC in old space requested
[173454:0x5921400]   829425 ms: Mark-Compact 19.8 (52.7) -> 10.3 (53.2) MB, 2.65 / 0.00 ms  (+ 7.5 ms in 28 steps since start of marking, biggest step 0.5 ms, walltime since start of marking 11 ms) (average mu = 0.999, current mu = 0.999) finalize incremental marking via task; GC in old space requested
[173454:0x5921400]   837603 ms: Mark-Compact 19.8 (53.2) -> 10.3 (53.5) MB, 1.39 / 0.00 ms  (+ 3.8 ms in 27 steps since start of marking, biggest step 0.3 ms, walltime since start of marking 6 ms) (average mu = 0.999, current mu = 0.999) finalize incremental marking via task; GC in old space requested
[173454:0x5921400]   845801 ms: Mark-Compact 19.8 (53.5) -> 10.3 (53.2) MB, 1.78 / 0.00 ms  (+ 6.1 ms in 44 steps since start of marking, biggest step 0.4 ms, walltime since start of marking 9 ms) (average mu = 0.999, current mu = 0.999) finalize incremental marking via task; GC in old space requested
[173454:0x5921400]   854005 ms: Mark-Compact 19.9 (53.2) -> 10.4 (53.5) MB, 1.77 / 0.00 ms  (+ 13.0 ms in 38 steps since start of marking, biggest step 0.7 ms, walltime since start of marking 17 ms) (average mu = 0.999, current mu = 0.998) finalize incremental marking via task; GC in old space requested
[173454:0x5921400]   862162 ms: Mark-Compact 19.8 (53.5) -> 10.3 (53.0) MB, 2.00 / 0.00 ms  (+ 5.8 ms in 44 steps since start of marking, biggest step 0.3 ms, walltime since start of marking 9 ms) (average mu = 0.999, current mu = 0.999) finalize incremental marking via task; GC in old space requested
[173454:0x5921400]   870336 ms: Mark-Compact 19.8 (53.0) -> 10.3 (53.5) MB, 1.32 / 0.00 ms  (+ 4.8 ms in 43 steps since start of marking, biggest step 0.2 ms, walltime since start of marking 7 ms) (average mu = 0.999, current mu = 0.999) finalize incremental marking via task; GC in old space requested
[173454:0x5921400]   878544 ms: Mark-Compact 19.8 (53.5) -> 10.3 (52.7) MB, 1.67 / 0.00 ms  (+ 4.7 ms in 22 steps since start of marking, biggest step 2.0 ms, walltime since start of marking 7 ms) (average mu = 0.999, current mu = 0.999) finalize incremental marking via task; GC in old space requested
[173454:0x5921400]   886727 ms: Mark-Compact 19.8 (52.7) -> 10.3 (53.7) MB, 1.76 / 0.00 ms  (+ 6.5 ms in 30 steps since start of marking, biggest step 0.5 ms, walltime since start of marking 9 ms) (average mu = 0.999, current mu = 0.999) finalize incremental marking via task; GC in old space requested
[173454:0x5921400]   894887 ms: Mark-Compact 19.7 (53.7) -> 10.3 (54.2) MB, 1.38 / 0.00 ms  (+ 5.8 ms in 30 steps since start of marking, biggest step 0.4 ms, walltime since start of marking 8 ms) (average mu = 0.999, current mu = 0.999) finalize incremental marking via task; GC in old space requested
[173454:0x5921400]   903095 ms: Mark-Compact 19.7 (54.2) -> 10.3 (53.7) MB, 2.15 / 0.00 ms  (+ 7.1 ms in 31 steps since start of marking, biggest step 0.5 ms, walltime since start of marking 10 ms) (average mu = 0.999, current mu = 0.999) finalize incremental marking via task; GC in old space requested
[173454:0x5921400]   911311 ms: Mark-Compact 19.7 (53.7) -> 10.3 (54.0) MB, 2.05 / 0.00 ms  (+ 7.4 ms in 44 steps since start of marking, biggest step 0.4 ms, walltime since start of marking 10 ms) (average mu = 0.999, current mu = 0.999) finalize incremental marking via task; GC in old space requested
[173454:0x5921400]   919483 ms: Mark-Compact 19.8 (54.0) -> 10.3 (53.7) MB, 2.61 / 0.00 ms  (+ 10.4 ms in 27 steps since start of marking, biggest step 1.0 ms, walltime since start of marking 15 ms) (average mu = 0.999, current mu = 0.998) finalize incremental marking via task; GC in old space requested
[173454:0x5921400]   927648 ms: Mark-Compact 19.8 (53.7) -> 10.3 (53.7) MB, 1.08 / 0.00 ms  (+ 3.4 ms in 28 steps since start of marking, biggest step 0.2 ms, walltime since start of marking 5 ms) (average mu = 0.999, current mu = 0.999) finalize incremental marking via task; GC in old space requested
[173454:0x5921400]   935855 ms: Mark-Compact 19.7 (53.7) -> 10.3 (54.0) MB, 1.59 / 0.00 ms  (+ 4.2 ms in 24 steps since start of marking, biggest step 1.8 ms, walltime since start of marking 6 ms) (average mu = 0.999, current mu = 0.999) finalize incremental marking via task; GC in old space requested
[173454:0x5921400]   944060 ms: Mark-Compact 19.8 (54.0) -> 10.3 (53.0) MB, 2.04 / 0.00 ms  (+ 5.2 ms in 26 steps since start of marking, biggest step 0.3 ms, walltime since start of marking 8 ms) (average mu = 0.999, current mu = 0.999) finalize incremental marking via task; GC in old space requested
[173454:0x5921400]   952219 ms: Mark-Compact 19.7 (53.0) -> 10.3 (54.0) MB, 1.30 / 0.00 ms  (+ 3.7 ms in 32 steps since start of marking, biggest step 0.3 ms, walltime since start of marking 6 ms) (average mu = 0.999, current mu = 0.999) finalize incremental marking via task; GC in old space requested
[173454:0x5921400]   960410 ms: Mark-Compact 19.7 (54.0) -> 10.3 (54.0) MB, 1.91 / 0.00 ms  (+ 6.1 ms in 38 steps since start of marking, biggest step 0.9 ms, walltime since start of marking 9 ms) (average mu = 0.999, current mu = 0.999) finalize incremental marking via task; GC in old space requested
[173454:0x5921400]   968586 ms: Mark-Compact 19.7 (54.0) -> 10.3 (53.7) MB, 1.69 / 0.00 ms  (+ 6.3 ms in 41 steps since start of marking, biggest step 0.4 ms, walltime since start of marking 9 ms) (average mu = 0.999, current mu = 0.999) finalize incremental marking via task; GC in old space requested
[173454:0x5921400]   976793 ms: Mark-Compact 19.7 (53.7) -> 10.3 (53.7) MB, 1.87 / 0.00 ms  (+ 4.8 ms in 31 steps since start of marking, biggest step 0.2 ms, walltime since start of marking 8 ms) (average mu = 0.999, current mu = 0.999) finalize incremental marking via task; GC in old space requested
[173454:0x5921400]   984969 ms: Mark-Compact 19.8 (53.7) -> 10.3 (54.0) MB, 1.70 / 0.00 ms  (+ 7.4 ms in 24 steps since start of marking, biggest step 0.9 ms, walltime since start of marking 10 ms) (average mu = 0.999, current mu = 0.999) finalize incremental marking via task; GC in old space requested
[173454:0x5921400]   993184 ms: Mark-Compact 19.7 (54.0) -> 10.3 (54.0) MB, 1.93 / 0.00 ms  (+ 9.6 ms in 39 steps since start of marking, biggest step 2.0 ms, walltime since start of marking 13 ms) (average mu = 0.999, current mu = 0.999) finalize incremental marking via task; GC in old space requested
[173454:0x5921400]  1001403 ms: Mark-Compact 19.8 (54.0) -> 10.3 (52.7) MB, 2.29 / 0.00 ms  (+ 11.5 ms in 27 steps since start of marking, biggest step 0.7 ms, walltime since start of marking 15 ms) (average mu = 0.999, current mu = 0.998) finalize incremental marking via task; GC in old space requested
[173454:0x5921400]  1009586 ms: Mark-Compact 19.7 (52.7) -> 10.3 (53.7) MB, 1.81 / 0.00 ms  (+ 3.8 ms in 27 steps since start of marking, biggest step 0.3 ms, walltime since start of marking 7 ms) (average mu = 0.999, current mu = 0.999) finalize incremental marking via task; GC in old space requested
[173454:0x5921400]  1017769 ms: Mark-Compact 19.9 (53.7) -> 10.4 (53.5) MB, 2.30 / 0.00 ms  (+ 11.8 ms in 29 steps since start of marking, biggest step 0.7 ms, walltime since start of marking 16 ms) (average mu = 0.999, current mu = 0.998) finalize incremental marking via task; GC in old space requested
[173454:0x5921400]  1026002 ms: Mark-Compact 19.8 (53.5) -> 10.3 (53.7) MB, 1.58 / 0.00 ms  (+ 4.2 ms in 26 steps since start of marking, biggest step 0.3 ms, walltime since start of marking 7 ms) (average mu = 0.999, current mu = 0.999) finalize incremental marking via task; GC in old space requested
[173454:0x5921400]  1034231 ms: Mark-Compact 19.9 (53.7) -> 10.4 (54.0) MB, 1.94 / 0.00 ms  (+ 13.3 ms in 40 steps since start of marking, biggest step 0.6 ms, walltime since start of marking 17 ms) (average mu = 0.999, current mu = 0.998) finalize incremental marking via task; GC in old space requested
[173454:0x5921400]  1042413 ms: Mark-Compact 19.8 (54.0) -> 10.3 (53.5) MB, 1.66 / 0.00 ms  (+ 6.0 ms in 30 steps since start of marking, biggest step 0.5 ms, walltime since start of marking 8 ms) (average mu = 0.999, current mu = 0.999) finalize incremental marking via task; GC in old space requested
[173454:0x5921400]  1050599 ms: Mark-Compact 19.7 (53.5) -> 10.3 (53.2) MB, 1.68 / 0.00 ms  (+ 5.3 ms in 25 steps since start of marking, biggest step 1.7 ms, walltime since start of marking 8 ms) (average mu = 0.999, current mu = 0.999) finalize incremental marking via task; GC in old space requested
[173454:0x5921400]  1058830 ms: Mark-Compact 19.7 (53.2) -> 10.3 (54.2) MB, 1.75 / 0.00 ms  (+ 4.9 ms in 41 steps since start of marking, biggest step 0.2 ms, walltime since start of marking 7 ms) (average mu = 0.999, current mu = 0.999) finalize incremental marking via task; GC in old space requested
[173454:0x5921400]  1067056 ms: Mark-Compact 19.7 (54.2) -> 10.3 (53.2) MB, 2.04 / 0.00 ms  (+ 7.1 ms in 26 steps since start of marking, biggest step 0.5 ms, walltime since start of marking 10 ms) (average mu = 0.999, current mu = 0.999) finalize incremental marking via task; GC in old space requested
[173454:0x5921400]  1075191 ms: Mark-Compact 19.7 (53.2) -> 10.3 (53.7) MB, 1.86 / 0.00 ms  (+ 9.2 ms in 43 steps since start of marking, biggest step 0.4 ms, walltime since start of marking 12 ms) (average mu = 0.999, current mu = 0.999) finalize incremental marking via task; GC in old space requested
[173454:0x5921400]  1083404 ms: Mark-Compact 19.7 (53.7) -> 10.3 (52.7) MB, 1.67 / 0.00 ms  (+ 5.7 ms in 30 steps since start of marking, biggest step 0.6 ms, walltime since start of marking 8 ms) (average mu = 0.999, current mu = 0.999) finalize incremental marking via task; GC in old space requested
[173454:0x5921400]  1091609 ms: Mark-Compact 19.9 (52.7) -> 10.4 (53.7) MB, 2.57 / 0.00 ms  (+ 14.6 ms in 31 steps since start of marking, biggest step 4.7 ms, walltime since start of marking 19 ms) (average mu = 0.998, current mu = 0.998) finalize incremental marking via task; GC in old space requested
[173454:0x5921400]  1099777 ms: Mark-Compact 19.8 (53.7) -> 10.3 (53.7) MB, 1.80 / 0.00 ms  (+ 5.8 ms in 20 steps since start of marking, biggest step 0.5 ms, walltime since start of marking 9 ms) (average mu = 0.999, current mu = 0.999) finalize incremental marking via task; GC in old space requested
[173454:0x5921400]  1107917 ms: Mark-Compact 19.7 (53.7) -> 10.3 (53.2) MB, 1.69 / 0.00 ms  (+ 4.8 ms in 41 steps since start of marking, biggest step 0.4 ms, walltime since start of marking 7 ms) (average mu = 0.999, current mu = 0.999) finalize incremental marking via task; GC in old space requested
[173454:0x5921400]  1116138 ms: Mark-Compact 19.7 (53.2) -> 10.3 (54.2) MB, 2.07 / 0.00 ms  (+ 7.2 ms in 25 steps since start of marking, biggest step 2.0 ms, walltime since start of marking 10 ms) (average mu = 0.999, current mu = 0.999) finalize incremental marking via task; GC in old space requested
[173454:0x5921400]  1124374 ms: Mark-Compact 19.7 (54.2) -> 10.3 (53.0) MB, 1.34 / 0.00 ms  (+ 5.2 ms in 18 steps since start of marking, biggest step 2.3 ms, walltime since start of marking 8 ms) (average mu = 0.999, current mu = 0.999) finalize incremental marking via task; GC in old space requested
[173454:0x5921400]  1132599 ms: Mark-Compact 19.7 (53.0) -> 10.3 (53.5) MB, 4.69 / 0.00 ms  (+ 6.9 ms in 44 steps since start of marking, biggest step 0.5 ms, walltime since start of marking 12 ms) (average mu = 0.999, current mu = 0.999) finalize incremental marking via task; GC in old space requested
[173454:0x5921400]  1140819 ms: Mark-Compact 19.8 (53.5) -> 10.3 (53.7) MB, 1.75 / 0.00 ms  (+ 5.7 ms in 33 steps since start of marking, biggest step 0.4 ms, walltime since start of marking 9 ms) (average mu = 0.999, current mu = 0.999) finalize incremental marking via task; GC in old space requested
[173454:0x5921400]  1148994 ms: Mark-Compact 19.7 (53.7) -> 10.3 (54.0) MB, 1.30 / 0.00 ms  (+ 5.9 ms in 38 steps since start of marking, biggest step 0.6 ms, walltime since start of marking 9 ms) (average mu = 0.999, current mu = 0.999) finalize incremental marking via task; GC in old space requested
[173454:0x5921400]  1157217 ms: Mark-Compact 19.9 (54.0) -> 10.4 (53.5) MB, 5.88 / 0.00 ms  (+ 12.2 ms in 42 steps since start of marking, biggest step 0.6 ms, walltime since start of marking 20 ms) (average mu = 0.998, current mu = 0.998) finalize incremental marking via task; GC in old space requested
[173454:0x5921400]  1165403 ms: Mark-Compact 19.8 (53.5) -> 10.3 (54.0) MB, 1.38 / 0.00 ms  (+ 5.1 ms in 32 steps since start of marking, biggest step 0.5 ms, walltime since start of marking 8 ms) (average mu = 0.999, current mu = 0.999) finalize incremental marking via task; GC in old space requested
[173454:0x5921400]  1173622 ms: Mark-Compact 19.7 (54.0) -> 10.3 (54.0) MB, 1.47 / 0.00 ms  (+ 7.1 ms in 29 steps since start of marking, biggest step 0.5 ms, walltime since start of marking 10 ms) (average mu = 0.999, current mu = 0.999) finalize incremental marking via task; GC in old space requested
[173454:0x5921400]  1181821 ms: Mark-Compact 19.7 (54.0) -> 10.3 (54.2) MB, 1.71 / 0.00 ms  (+ 4.8 ms in 27 steps since start of marking, biggest step 0.3 ms, walltime since start of marking 7 ms) (average mu = 0.999, current mu = 0.999) finalize incremental marking via task; GC in old space requested
[173454:0x5921400]  1190005 ms: Mark-Compact 19.8 (54.2) -> 10.3 (53.5) MB, 1.69 / 0.00 ms  (+ 6.8 ms in 29 steps since start of marking, biggest step 0.4 ms, walltime since start of marking 10 ms) (average mu = 0.999, current mu = 0.999) finalize incremental marking via task; GC in old space requested
[173454:0x5921400]  1198165 ms: Mark-Compact 19.7 (53.5) -> 10.3 (54.0) MB, 1.61 / 0.00 ms  (+ 4.1 ms in 30 steps since start of marking, biggest step 0.2 ms, walltime since start of marking 6 ms) (average mu = 0.999, current mu = 0.999) finalize incremental marking via task; GC in old space requested
[173454:0x5921400]  1206377 ms: Mark-Compact 19.9 (54.0) -> 10.4 (53.5) MB, 2.76 / 0.00 ms  (+ 13.6 ms in 29 steps since start of marking, biggest step 0.8 ms, walltime since start of marking 19 ms) (average mu = 0.999, current mu = 0.998) finalize incremental marking via task; GC in old space requested
[173454:0x5921400]  1214601 ms: Mark-Compact 19.8 (53.5) -> 10.3 (53.7) MB, 3.48 / 0.00 ms  (+ 8.6 ms in 40 steps since start of marking, biggest step 0.3 ms, walltime since start of marking 13 ms) (average mu = 0.999, current mu = 0.999) finalize incremental marking via task; GC in old space requested
[173454:0x5921400]  1222748 ms: Mark-Compact 19.7 (53.7) -> 10.3 (54.0) MB, 1.80 / 0.00 ms  (+ 5.7 ms in 30 steps since start of marking, biggest step 0.4 ms, walltime since start of marking 9 ms) (average mu = 0.999, current mu = 0.999) finalize incremental marking via task; GC in old space requested
[173454:0x5921400]  1230935 ms: Mark-Compact 19.8 (54.0) -> 10.3 (54.0) MB, 1.12 / 0.00 ms  (+ 4.9 ms in 44 steps since start of marking, biggest step 0.3 ms, walltime since start of marking 7 ms) (average mu = 0.999, current mu = 0.999) finalize incremental marking via task; GC in old space requested
[173454:0x5921400]  1239136 ms: Mark-Compact 19.9 (54.0) -> 10.4 (53.5) MB, 3.05 / 0.00 ms  (+ 16.2 ms in 41 steps since start of marking, biggest step 0.6 ms, walltime since start of marking 22 ms) (average mu = 0.998, current mu = 0.998) finalize incremental marking via task; GC in old space requested
[173454:0x5921400]  1247315 ms: Mark-Compact 19.8 (53.5) -> 10.3 (54.5) MB, 2.21 / 0.00 ms  (+ 7.0 ms in 27 steps since start of marking, biggest step 0.5 ms, walltime since start of marking 10 ms) (average mu = 0.999, current mu = 0.999) finalize incremental marking via task; GC in old space requested
[173454:0x5921400]  1255473 ms: Mark-Compact 19.7 (54.5) -> 10.3 (54.5) MB, 1.74 / 0.00 ms  (+ 6.0 ms in 30 steps since start of marking, biggest step 0.4 ms, walltime since start of marking 9 ms) (average mu = 0.999, current mu = 0.999) finalize incremental marking via task; GC in old space requested
[173454:0x5921400]  1263692 ms: Mark-Compact 19.9 (54.5) -> 10.4 (53.7) MB, 4.57 / 0.00 ms  (+ 15.9 ms in 27 steps since start of marking, biggest step 1.1 ms, walltime since start of marking 23 ms) (average mu = 0.998, current mu = 0.998) finalize incremental marking via task; GC in old space requested
[173454:0x5921400]  1271875 ms: Mark-Compact 19.8 (53.7) -> 10.3 (54.7) MB, 1.83 / 0.00 ms  (+ 6.7 ms in 26 steps since start of marking, biggest step 0.7 ms, walltime since start of marking 10 ms) (average mu = 0.999, current mu = 0.999) finalize incremental marking via task; GC in old space requested
[173454:0x5921400]  1280062 ms: Mark-Compact 19.7 (54.7) -> 10.3 (54.7) MB, 2.00 / 0.00 ms  (+ 5.3 ms in 38 steps since start of marking, biggest step 0.7 ms, walltime since start of marking 8 ms) (average mu = 0.999, current mu = 0.999) finalize incremental marking via task; GC in old space requested
[173454:0x5921400]  1288222 ms: Mark-Compact 19.7 (54.7) -> 10.3 (53.0) MB, 2.28 / 0.00 ms  (+ 7.1 ms in 44 steps since start of marking, biggest step 0.4 ms, walltime since start of marking 10 ms) (average mu = 0.999, current mu = 0.999) finalize incremental marking via task; GC in old space requested
[173454:0x5921400]  1296418 ms: Mark-Compact 19.9 (53.0) -> 10.4 (53.0) MB, 3.15 / 0.00 ms  (+ 13.3 ms in 26 steps since start of marking, biggest step 1.1 ms, walltime since start of marking 19 ms) (average mu = 0.998, current mu = 0.998) finalize incremental marking via task; GC in old space requested
[173454:0x5921400]  1304596 ms: Mark-Compact 19.9 (53.0) -> 10.4 (54.0) MB, 1.75 / 0.00 ms  (+ 12.3 ms in 31 steps since start of marking, biggest step 0.8 ms, walltime since start of marking 16 ms) (average mu = 0.998, current mu = 0.998) finalize incremental marking via task; GC in old space requested
[173454:0x5921400]  1312771 ms: Mark-Compact 19.8 (54.0) -> 10.3 (53.2) MB, 1.33 / 0.00 ms  (+ 6.2 ms in 36 steps since start of marking, biggest step 0.4 ms, walltime since start of marking 8 ms) (average mu = 0.999, current mu = 0.999) finalize incremental marking via task; GC in old space requested
[173454:0x5921400]  1320972 ms: Mark-Compact 19.7 (53.2) -> 10.3 (53.2) MB, 1.29 / 0.00 ms  (+ 9.5 ms in 32 steps since start of marking, biggest step 0.8 ms, walltime since start of marking 12 ms) (average mu = 0.999, current mu = 0.999) finalize incremental marking via task; GC in old space requested
[173454:0x5921400]  1329189 ms: Mark-Compact 19.9 (53.2) -> 10.4 (53.2) MB, 1.82 / 0.00 ms  (+ 13.3 ms in 36 steps since start of marking, biggest step 0.8 ms, walltime since start of marking 17 ms) (average mu = 0.998, current mu = 0.998) finalize incremental marking via task; GC in old space requested
[173454:0x5921400]  1337373 ms: Mark-Compact 19.8 (53.2) -> 10.3 (54.2) MB, 2.05 / 0.00 ms  (+ 4.4 ms in 20 steps since start of marking, biggest step 2.0 ms, walltime since start of marking 7 ms) (average mu = 0.999, current mu = 0.999) finalize incremental marking via task; GC in old space requested
[173454:0x5921400]  1345555 ms: Mark-Compact 19.9 (54.2) -> 10.4 (53.7) MB, 1.85 / 0.00 ms  (+ 9.8 ms in 30 steps since start of marking, biggest step 0.7 ms, walltime since start of marking 13 ms) (average mu = 0.999, current mu = 0.999) finalize incremental marking via task; GC in old space requested
[173454:0x5921400]  1353774 ms: Mark-Compact 19.8 (53.7) -> 10.3 (53.5) MB, 1.89 / 0.00 ms  (+ 4.4 ms in 26 steps since start of marking, biggest step 0.3 ms, walltime since start of marking 7 ms) (average mu = 0.999, current mu = 0.999) finalize incremental marking via task; GC in old space requested
[173454:0x5921400]  1361953 ms: Mark-Compact 19.7 (53.5) -> 10.3 (54.0) MB, 1.40 / 0.00 ms  (+ 7.2 ms in 42 steps since start of marking, biggest step 0.6 ms, walltime since start of marking 10 ms) (average mu = 0.999, current mu = 0.999) finalize incremental marking via task; GC in old space requested
[173454:0x5921400]  1370134 ms: Mark-Compact 19.8 (54.0) -> 10.3 (54.0) MB, 1.66 / 0.00 ms  (+ 4.6 ms in 32 steps since start of marking, biggest step 0.2 ms, walltime since start of marking 7 ms) (average mu = 0.999, current mu = 0.999) finalize incremental marking via task; GC in old space requested
[173454:0x5921400]  1378299 ms: Mark-Compact 19.7 (54.0) -> 10.3 (52.7) MB, 1.25 / 0.00 ms  (+ 4.8 ms in 41 steps since start of marking, biggest step 0.7 ms, walltime since start of marking 7 ms) (average mu = 0.999, current mu = 0.999) finalize incremental marking via task; GC in old space requested
[173454:0x5921400]  1386496 ms: Mark-Compact 19.7 (52.7) -> 10.3 (53.7) MB, 2.54 / 0.00 ms  (+ 11.6 ms in 27 steps since start of marking, biggest step 1.0 ms, walltime since start of marking 16 ms) (average mu = 0.999, current mu = 0.998) finalize incremental marking via task; GC in old space requested
[173454:0x5921400]  1394698 ms: Mark-Compact 19.7 (53.7) -> 10.3 (53.7) MB, 2.31 / 0.00 ms  (+ 5.8 ms in 36 steps since start of marking, biggest step 3.0 ms, walltime since start of marking 9 ms) (average mu = 0.999, current mu = 0.999) finalize incremental marking via task; GC in old space requested
[173454:0x5921400]  1402858 ms: Mark-Compact 19.8 (53.7) -> 10.3 (54.2) MB, 1.85 / 0.00 ms  (+ 7.4 ms in 27 steps since start of marking, biggest step 0.4 ms, walltime since start of marking 11 ms) (average mu = 0.999, current mu = 0.999) finalize incremental marking via task; GC in old space requested
[173454:0x5921400]  1411067 ms: Mark-Compact 19.9 (54.2) -> 10.4 (53.7) MB, 2.27 / 0.00 ms  (+ 17.1 ms in 29 steps since start of marking, biggest step 1.2 ms, walltime since start of marking 23 ms) (average mu = 0.998, current mu = 0.998) finalize incremental marking via task; GC in old space requested
[173454:0x5921400]  1419269 ms: Mark-Compact 19.8 (53.7) -> 10.3 (54.7) MB, 2.20 / 0.00 ms  (+ 6.8 ms in 27 steps since start of marking, biggest step 0.4 ms, walltime since start of marking 10 ms) (average mu = 0.999, current mu = 0.999) finalize incremental marking via task; GC in old space requested
[173454:0x5921400]  1427458 ms: Mark-Compact 19.8 (54.7) -> 10.3 (53.7) MB, 1.62 / 0.00 ms  (+ 9.8 ms in 40 steps since start of marking, biggest step 0.6 ms, walltime since start of marking 12 ms) (average mu = 0.999, current mu = 0.999) finalize incremental marking via task; GC in old space requested
[173454:0x5921400]  1435630 ms: Mark-Compact 19.9 (53.7) -> 10.4 (53.5) MB, 2.69 / 0.00 ms  (+ 9.8 ms in 30 steps since start of marking, biggest step 0.5 ms, walltime since start of marking 15 ms) (average mu = 0.999, current mu = 0.998) finalize incremental marking via task; GC in old space requested
[173454:0x5921400]  1443875 ms: Mark-Compact 19.9 (53.5) -> 10.3 (54.0) MB, 1.77 / 0.00 ms  (+ 12.7 ms in 42 steps since start of marking, biggest step 2.4 ms, walltime since start of marking 15 ms) (average mu = 0.998, current mu = 0.998) finalize incremental marking via task; GC in old space requested
[173454:0x5921400]  1452063 ms: Mark-Compact 19.7 (54.0) -> 10.3 (53.7) MB, 2.43 / 0.00 ms  (+ 6.2 ms in 29 steps since start of marking, biggest step 0.7 ms, walltime since start of marking 10 ms) (average mu = 0.999, current mu = 0.999) finalize incremental marking via task; GC in old space requested
[173454:0x5921400]  1460235 ms: Mark-Compact 19.8 (53.7) -> 10.3 (54.7) MB, 2.32 / 0.00 ms  (+ 11.0 ms in 31 steps since start of marking, biggest step 0.7 ms, walltime since start of marking 15 ms) (average mu = 0.999, current mu = 0.998) finalize incremental marking via task; GC in old space requested
[173454:0x5921400]  1468410 ms: Mark-Compact 19.8 (54.7) -> 10.3 (54.7) MB, 1.36 / 0.00 ms  (+ 4.6 ms in 36 steps since start of marking, biggest step 1.2 ms, walltime since start of marking 7 ms) (average mu = 0.999, current mu = 0.999) finalize incremental marking via task; GC in old space requested
[173454:0x5921400]  1476604 ms: Mark-Compact 19.7 (54.7) -> 10.3 (53.5) MB, 1.72 / 0.00 ms  (+ 5.7 ms in 39 steps since start of marking, biggest step 2.2 ms, walltime since start of marking 8 ms) (average mu = 0.999, current mu = 0.999) finalize incremental marking via task; GC in old space requested
[173454:0x5921400]  1484808 ms: Mark-Compact 19.8 (53.5) -> 10.3 (53.2) MB, 1.82 / 0.00 ms  (+ 10.7 ms in 30 steps since start of marking, biggest step 0.5 ms, walltime since start of marking 14 ms) (average mu = 0.999, current mu = 0.998) finalize incremental marking via task; GC in old space requested
[173454:0x5921400]  1492971 ms: Mark-Compact 19.7 (53.2) -> 10.3 (53.5) MB, 1.91 / 0.00 ms  (+ 6.1 ms in 29 steps since start of marking, biggest step 0.4 ms, walltime since start of marking 9 ms) (average mu = 0.999, current mu = 0.999) finalize incremental marking via task; GC in old space requested
[173454:0x5921400]  1501158 ms: Mark-Compact 19.7 (53.5) -> 10.3 (52.7) MB, 2.35 / 0.00 ms  (+ 7.4 ms in 33 steps since start of marking, biggest step 0.4 ms, walltime since start of marking 11 ms) (average mu = 0.999, current mu = 0.999) finalize incremental marking via task; GC in old space requested
[173454:0x5921400]  1509339 ms: Mark-Compact 19.7 (52.7) -> 10.3 (53.7) MB, 1.36 / 0.00 ms  (+ 6.6 ms in 28 steps since start of marking, biggest step 0.5 ms, walltime since start of marking 9 ms) (average mu = 0.999, current mu = 0.999) finalize incremental marking via task; GC in old space requested
[173454:0x5921400]  1517536 ms: Mark-Compact 19.7 (53.7) -> 10.3 (53.7) MB, 2.19 / 0.00 ms  (+ 7.6 ms in 30 steps since start of marking, biggest step 0.6 ms, walltime since start of marking 11 ms) (average mu = 0.999, current mu = 0.999) finalize incremental marking via task; GC in old space requested
[173454:0x5921400]  1525701 ms: Mark-Compact 19.7 (53.7) -> 10.3 (54.0) MB, 2.15 / 0.00 ms  (+ 9.2 ms in 23 steps since start of marking, biggest step 3.0 ms, walltime since start of marking 13 ms) (average mu = 0.999, current mu = 0.999) finalize incremental marking via task; GC in old space requested
[173454:0x5921400]  1533893 ms: Mark-Compact 19.9 (54.0) -> 10.4 (54.0) MB, 3.78 / 0.00 ms  (+ 13.1 ms in 29 steps since start of marking, biggest step 1.0 ms, walltime since start of marking 20 ms) (average mu = 0.998, current mu = 0.998) finalize incremental marking via task; GC in old space requested
[173454:0x5921400]  1542091 ms: Mark-Compact 19.8 (54.0) -> 10.3 (55.0) MB, 1.25 / 0.00 ms  (+ 8.9 ms in 28 steps since start of marking, biggest step 1.4 ms, walltime since start of marking 12 ms) (average mu = 0.999, current mu = 0.999) finalize incremental marking via task; GC in old space requested
[173454:0x5921400]  1550251 ms: Mark-Compact 19.7 (55.0) -> 10.3 (53.5) MB, 1.31 / 0.00 ms  (+ 7.9 ms in 30 steps since start of marking, biggest step 0.8 ms, walltime since start of marking 10 ms) (average mu = 0.999, current mu = 0.999) finalize incremental marking via task; GC in old space requested
[173454:0x5921400]  1558444 ms: Mark-Compact 19.6 (53.5) -> 10.3 (52.7) MB, 1.43 / 0.00 ms  (+ 3.9 ms in 32 steps since start of marking, biggest step 0.2 ms, walltime since start of marking 6 ms) (average mu = 0.999, current mu = 0.999) finalize incremental marking via task; GC in old space requested
[173454:0x5921400]  1566651 ms: Mark-Compact 19.7 (52.7) -> 10.3 (52.7) MB, 2.45 / 0.00 ms  (+ 10.4 ms in 28 steps since start of marking, biggest step 0.7 ms, walltime since start of marking 14 ms) (average mu = 0.999, current mu = 0.998) finalize incremental marking via task; GC in old space requested
[173454:0x5921400]  1574862 ms: Mark-Compact 19.9 (52.7) -> 10.4 (53.7) MB, 4.15 / 0.00 ms  (+ 14.6 ms in 35 steps since start of marking, biggest step 0.9 ms, walltime since start of marking 21 ms) (average mu = 0.998, current mu = 0.998) finalize incremental marking via task; GC in old space requested
[173454:0x5921400]  1583007 ms: Mark-Compact 19.8 (53.7) -> 10.3 (54.2) MB, 1.26 / 0.00 ms  (+ 6.3 ms in 44 steps since start of marking, biggest step 0.6 ms, walltime since start of marking 8 ms) (average mu = 0.999, current mu = 0.999) finalize incremental marking via task; GC in old space requested
[173454:0x5921400]  1591197 ms: Mark-Compact 19.8 (54.2) -> 10.3 (53.5) MB, 3.42 / 0.00 ms  (+ 4.7 ms in 36 steps since start of marking, biggest step 0.2 ms, walltime since start of marking 9 ms) (average mu = 0.999, current mu = 0.999) finalize incremental marking via task; GC in old space requested
[173454:0x5921400]  1599404 ms: Mark-Compact 19.9 (53.5) -> 10.4 (53.7) MB, 2.45 / 0.00 ms  (+ 15.6 ms in 26 steps since start of marking, biggest step 1.2 ms, walltime since start of marking 21 ms) (average mu = 0.998, current mu = 0.998) finalize incremental marking via task; GC in old space requested
[173454:0x5921400]  1607600 ms: Mark-Compact 19.8 (53.7) -> 10.3 (53.7) MB, 2.40 / 0.00 ms  (+ 6.9 ms in 27 steps since start of marking, biggest step 1.3 ms, walltime since start of marking 10 ms) (average mu = 0.999, current mu = 0.999) finalize incremental marking via task; GC in old space requested
[173454:0x5921400]  1615765 ms: Mark-Compact 19.9 (53.7) -> 10.4 (54.7) MB, 2.37 / 0.01 ms  (+ 10.8 ms in 39 steps since start of marking, biggest step 0.5 ms, walltime since start of marking 15 ms) (average mu = 0.998, current mu = 0.998) finalize incremental marking via task; GC in old space requested
[173454:0x5921400]  1623987 ms: Mark-Compact 19.9 (54.7) -> 10.4 (53.7) MB, 2.11 / 0.00 ms  (+ 12.7 ms in 34 steps since start of marking, biggest step 0.8 ms, walltime since start of marking 17 ms) (average mu = 0.998, current mu = 0.998) finalize incremental marking via task; GC in old space requested
[173454:0x5921400]  1632202 ms: Mark-Compact 19.8 (53.7) -> 10.3 (53.5) MB, 1.51 / 0.00 ms  (+ 5.0 ms in 41 steps since start of marking, biggest step 0.4 ms, walltime since start of marking 7 ms) (average mu = 0.999, current mu = 0.999) finalize incremental marking via task; GC in old space requested
[173454:0x5921400]  1640378 ms: Mark-Compact 19.6 (53.5) -> 10.3 (53.0) MB, 2.51 / 0.00 ms  (+ 5.7 ms in 37 steps since start of marking, biggest step 0.6 ms, walltime since start of marking 9 ms) (average mu = 0.999, current mu = 0.999) finalize incremental marking via task; GC in old space requested
[173454:0x5921400]  1648573 ms: Mark-Compact 19.7 (53.0) -> 10.3 (53.0) MB, 1.75 / 0.00 ms  (+ 8.6 ms in 26 steps since start of marking, biggest step 0.6 ms, walltime since start of marking 12 ms) (average mu = 0.999, current mu = 0.999) finalize incremental marking via task; GC in old space requested
[173454:0x5921400]  1656766 ms: Mark-Compact 19.8 (53.0) -> 10.3 (53.5) MB, 1.59 / 0.00 ms  (+ 6.2 ms in 35 steps since start of marking, biggest step 2.2 ms, walltime since start of marking 9 ms) (average mu = 0.999, current mu = 0.999) finalize incremental marking via task; GC in old space requested
[173454:0x5921400]  1664993 ms: Mark-Compact 19.9 (53.5) -> 10.4 (53.7) MB, 2.76 / 0.00 ms  (+ 11.1 ms in 29 steps since start of marking, biggest step 0.6 ms, walltime since start of marking 16 ms) (average mu = 0.999, current mu = 0.998) finalize incremental marking via task; GC in old space requested
[173454:0x5921400]  1673175 ms: Mark-Compact 19.8 (53.7) -> 10.3 (54.7) MB, 1.51 / 0.00 ms  (+ 8.9 ms in 41 steps since start of marking, biggest step 0.4 ms, walltime since start of marking 11 ms) (average mu = 0.999, current mu = 0.999) finalize incremental marking via task; GC in old space requested
[173454:0x5921400]  1681378 ms: Mark-Compact 19.7 (54.7) -> 10.3 (52.7) MB, 1.21 / 0.00 ms  (+ 5.5 ms in 41 steps since start of marking, biggest step 0.6 ms, walltime since start of marking 7 ms) (average mu = 0.999, current mu = 0.999) finalize incremental marking via task; GC in old space requested
[173454:0x5921400]  1689586 ms: Mark-Compact 19.9 (52.7) -> 10.4 (52.7) MB, 3.44 / 0.00 ms  (+ 14.0 ms in 28 steps since start of marking, biggest step 0.9 ms, walltime since start of marking 20 ms) (average mu = 0.998, current mu = 0.998) finalize incremental marking via task; GC in old space requested
[173454:0x5921400]  1697772 ms: Mark-Compact 19.8 (52.7) -> 10.3 (53.7) MB, 1.33 / 0.00 ms  (+ 5.0 ms in 25 steps since start of marking, biggest step 2.1 ms, walltime since start of marking 7 ms) (average mu = 0.999, current mu = 0.999) finalize incremental marking via task; GC in old space requested
[173454:0x5921400]  1705959 ms: Mark-Compact 19.7 (53.7) -> 10.3 (53.2) MB, 2.63 / 0.00 ms  (+ 10.4 ms in 39 steps since start of marking, biggest step 0.5 ms, walltime since start of marking 14 ms) (average mu = 0.999, current mu = 0.998) finalize incremental marking via task; GC in old space requested
[173454:0x5921400]  1714169 ms: Mark-Compact 19.9 (53.2) -> 10.4 (54.2) MB, 2.51 / 0.00 ms  (+ 11.8 ms in 25 steps since start of marking, biggest step 0.7 ms, walltime since start of marking 17 ms) (average mu = 0.998, current mu = 0.998) finalize incremental marking via task; GC in old space requested
[173454:0x5921400]  1722380 ms: Mark-Compact 19.7 (54.2) -> 10.3 (53.7) MB, 1.85 / 0.00 ms  (+ 6.7 ms in 24 steps since start of marking, biggest step 3.3 ms, walltime since start of marking 10 ms) (average mu = 0.999, current mu = 0.999) finalize incremental marking via task; GC in old space requested
[173454:0x5921400]  1730547 ms: Mark-Compact 19.8 (53.7) -> 10.3 (53.2) MB, 1.42 / 0.00 ms  (+ 6.5 ms in 46 steps since start of marking, biggest step 0.3 ms, walltime since start of marking 9 ms) (average mu = 0.999, current mu = 0.999) finalize incremental marking via task; GC in old space requested
[173454:0x5921400]  1738727 ms: Mark-Compact 19.7 (53.2) -> 10.3 (53.5) MB, 1.86 / 0.00 ms  (+ 5.2 ms in 34 steps since start of marking, biggest step 1.8 ms, walltime since start of marking 8 ms) (average mu = 0.999, current mu = 0.999) finalize incremental marking via task; GC in old space requested
[173454:0x5921400]  1746944 ms: Mark-Compact 19.8 (53.5) -> 10.3 (54.0) MB, 1.66 / 0.00 ms  (+ 6.0 ms in 32 steps since start of marking, biggest step 0.6 ms, walltime since start of marking 9 ms) (average mu = 0.999, current mu = 0.999) finalize incremental marking via task; GC in old space requested
[173454:0x5921400]  1755166 ms: Mark-Compact 19.7 (54.0) -> 10.3 (53.5) MB, 1.97 / 0.00 ms  (+ 4.3 ms in 29 steps since start of marking, biggest step 0.2 ms, walltime since start of marking 7 ms) (average mu = 0.999, current mu = 0.999) finalize incremental marking via task; GC in old space requested
[173454:0x5921400]  1763326 ms: Mark-Compact 19.8 (53.5) -> 10.3 (54.5) MB, 1.37 / 0.00 ms  (+ 6.1 ms in 37 steps since start of marking, biggest step 0.3 ms, walltime since start of marking 9 ms) (average mu = 0.999, current mu = 0.999) finalize incremental marking via task; GC in old space requested
[173454:0x5921400]  1771541 ms: Mark-Compact 19.8 (54.5) -> 10.3 (53.2) MB, 1.83 / 0.00 ms  (+ 5.2 ms in 29 steps since start of marking, biggest step 0.4 ms, walltime since start of marking 8 ms) (average mu = 0.999, current mu = 0.999) finalize incremental marking via task; GC in old space requested
[173454:0x5921400]  1779759 ms: Mark-Compact 19.9 (53.2) -> 10.4 (53.5) MB, 4.70 / 0.01 ms  (+ 14.6 ms in 41 steps since start of marking, biggest step 0.9 ms, walltime since start of marking 21 ms) (average mu = 0.998, current mu = 0.998) finalize incremental marking via task; GC in old space requested
[173454:0x5921400]  1787929 ms: Mark-Compact 19.8 (53.5) -> 10.3 (54.5) MB, 1.78 / 0.00 ms  (+ 7.3 ms in 44 steps since start of marking, biggest step 0.3 ms, walltime since start of marking 10 ms) (average mu = 0.999, current mu = 0.999) finalize incremental marking via task; GC in old space requested
[173454:0x5921400]  1796107 ms: Mark-Compact 19.9 (54.5) -> 10.4 (53.7) MB, 3.21 / 0.00 ms  (+ 11.9 ms in 30 steps since start of marking, biggest step 0.6 ms, walltime since start of marking 18 ms) (average mu = 0.998, current mu = 0.998) finalize incremental marking via task; GC in old space requested
[173454:0x5921400]  1804302 ms: Mark-Compact 19.8 (53.7) -> 10.3 (54.7) MB, 1.32 / 0.00 ms  (+ 5.1 ms in 33 steps since start of marking, biggest step 0.4 ms, walltime since start of marking 7 ms) (average mu = 0.999, current mu = 0.999) finalize incremental marking via task; GC in old space requested
[173454:0x5921400]  1812499 ms: Mark-Compact 19.8 (54.7) -> 10.3 (54.7) MB, 1.68 / 0.00 ms  (+ 4.6 ms in 29 steps since start of marking, biggest step 0.3 ms, walltime since start of marking 7 ms) (average mu = 0.999, current mu = 0.999) finalize incremental marking via task; GC in old space requested
[173454:0x5921400]  1820649 ms: Mark-Compact 19.7 (54.7) -> 10.3 (54.0) MB, 1.76 / 0.01 ms  (+ 8.0 ms in 37 steps since start of marking, biggest step 2.4 ms, walltime since start of marking 11 ms) (average mu = 0.999, current mu = 0.999) finalize incremental marking via task; GC in old space requested
[173454:0x5921400]  1828827 ms: Mark-Compact 19.9 (54.0) -> 10.4 (54.0) MB, 2.62 / 0.00 ms  (+ 11.4 ms in 29 steps since start of marking, biggest step 0.7 ms, walltime since start of marking 17 ms) (average mu = 0.999, current mu = 0.998) finalize incremental marking via task; GC in old space requested
[173454:0x5921400]  1837026 ms: Mark-Compact 19.8 (54.0) -> 10.3 (54.2) MB, 1.98 / 0.00 ms  (+ 5.6 ms in 29 steps since start of marking, biggest step 0.3 ms, walltime since start of marking 8 ms) (average mu = 0.999, current mu = 0.999) finalize incremental marking via task; GC in old space requested
[173454:0x5921400]  1845233 ms: Mark-Compact 19.7 (54.2) -> 10.3 (54.0) MB, 2.31 / 0.00 ms  (+ 10.0 ms in 36 steps since start of marking, biggest step 3.0 ms, walltime since start of marking 13 ms) (average mu = 0.999, current mu = 0.999) finalize incremental marking via task; GC in old space requested
[173454:0x5921400]  1853396 ms: Mark-Compact 19.7 (54.0) -> 10.3 (54.0) MB, 1.84 / 0.00 ms  (+ 8.5 ms in 30 steps since start of marking, biggest step 2.3 ms, walltime since start of marking 11 ms) (average mu = 0.999, current mu = 0.999) finalize incremental marking via task; GC in old space requested
[173454:0x5921400]  1861604 ms: Mark-Compact 20.0 (54.0) -> 10.4 (54.2) MB, 2.79 / 0.01 ms  (+ 17.4 ms in 29 steps since start of marking, biggest step 1.1 ms, walltime since start of marking 24 ms) (average mu = 0.998, current mu = 0.998) finalize incremental marking via task; GC in old space requested
[173454:0x5921400]  1869798 ms: Mark-Compact 20.0 (54.2) -> 10.4 (54.0) MB, 1.86 / 0.00 ms  (+ 14.6 ms in 31 steps since start of marking, biggest step 2.3 ms, walltime since start of marking 19 ms) (average mu = 0.998, current mu = 0.998) finalize incremental marking via task; GC in old space requested
[173454:0x5921400]  1877974 ms: Mark-Compact 19.8 (54.0) -> 10.3 (53.2) MB, 2.16 / 0.00 ms  (+ 4.7 ms in 29 steps since start of marking, biggest step 0.4 ms, walltime since start of marking 8 ms) (average mu = 0.999, current mu = 0.999) finalize incremental marking via task; GC in old space requested
[173454:0x5921400]  1886137 ms: Mark-Compact 19.7 (53.2) -> 10.3 (53.2) MB, 1.49 / 0.00 ms  (+ 5.4 ms in 43 steps since start of marking, biggest step 0.2 ms, walltime since start of marking 8 ms) (average mu = 0.999, current mu = 0.999) finalize incremental marking via task; GC in old space requested
[173454:0x5921400]  1894375 ms: Mark-Compact 19.9 (53.2) -> 10.4 (53.2) MB, 4.39 / 0.00 ms  (+ 16.0 ms in 27 steps since start of marking, biggest step 3.9 ms, walltime since start of marking 23 ms) (average mu = 0.998, current mu = 0.998) finalize incremental marking via task; GC in old space requested
[173454:0x5921400]  1902572 ms: Mark-Compact 19.8 (53.2) -> 10.3 (54.2) MB, 2.04 / 0.00 ms  (+ 9.4 ms in 36 steps since start of marking, biggest step 3.2 ms, walltime since start of marking 13 ms) (average mu = 0.998, current mu = 0.999) finalize incremental marking via task; GC in old space requested
[173454:0x5921400]  1910720 ms: Mark-Compact 19.8 (54.2) -> 10.3 (54.0) MB, 1.28 / 0.00 ms  (+ 4.0 ms in 31 steps since start of marking, biggest step 0.2 ms, walltime since start of marking 6 ms) (average mu = 0.999, current mu = 0.999) finalize incremental marking via task; GC in old space requested
[173454:0x5921400]  1918926 ms: Mark-Compact 19.9 (54.0) -> 10.4 (52.7) MB, 4.23 / 0.00 ms  (+ 13.0 ms in 25 steps since start of marking, biggest step 1.6 ms, walltime since start of marking 20 ms) (average mu = 0.998, current mu = 0.998) finalize incremental marking via task; GC in old space requested
[173454:0x5921400]  1927119 ms: Mark-Compact 19.8 (52.7) -> 10.3 (53.7) MB, 1.27 / 0.00 ms  (+ 7.2 ms in 41 steps since start of marking, biggest step 0.5 ms, walltime since start of marking 9 ms) (average mu = 0.999, current mu = 0.999) finalize incremental marking via task; GC in old space requested
[173454:0x5921400]  1935314 ms: Mark-Compact 19.8 (53.7) -> 10.3 (54.2) MB, 1.82 / 0.00 ms  (+ 7.9 ms in 31 steps since start of marking, biggest step 0.4 ms, walltime since start of marking 11 ms) (average mu = 0.999, current mu = 0.999) finalize incremental marking via task; GC in old space requested
[173454:0x5921400]  1943509 ms: Mark-Compact 19.9 (54.2) -> 10.4 (53.5) MB, 6.33 / 0.00 ms  (+ 15.1 ms in 45 steps since start of marking, biggest step 0.7 ms, walltime since start of marking 23 ms) (average mu = 0.998, current mu = 0.997) finalize incremental marking via task; GC in old space requested
[173454:0x5921400]  1951682 ms: Mark-Compact 19.8 (53.5) -> 10.3 (54.5) MB, 1.21 / 0.00 ms  (+ 3.8 ms in 20 steps since start of marking, biggest step 1.4 ms, walltime since start of marking 6 ms) (average mu = 0.999, current mu = 0.999) finalize incremental marking via task; GC in old space requested
[173454:0x5921400]  1959889 ms: Mark-Compact 19.8 (54.5) -> 10.3 (54.5) MB, 2.61 / 0.00 ms  (+ 6.8 ms in 42 steps since start of marking, biggest step 0.2 ms, walltime since start of marking 10 ms) (average mu = 0.999, current mu = 0.999) finalize incremental marking via task; GC in old space requested
[173454:0x5921400]  1968092 ms: Mark-Compact 19.8 (54.5) -> 10.3 (54.0) MB, 1.60 / 0.00 ms  (+ 5.6 ms in 46 steps since start of marking, biggest step 0.3 ms, walltime since start of marking 8 ms) (average mu = 0.999, current mu = 0.999) finalize incremental marking via task; GC in old space requested
[173454:0x5921400]  1976282 ms: Mark-Compact 19.8 (54.0) -> 10.3 (53.7) MB, 1.98 / 0.00 ms  (+ 7.1 ms in 42 steps since start of marking, biggest step 0.3 ms, walltime since start of marking 10 ms) (average mu = 0.999, current mu = 0.999) finalize incremental marking via task; GC in old space requested
[173454:0x5921400]  1984448 ms: Mark-Compact 19.8 (53.7) -> 10.3 (54.0) MB, 1.28 / 0.00 ms  (+ 4.0 ms in 39 steps since start of marking, biggest step 0.3 ms, walltime since start of marking 6 ms) (average mu = 0.999, current mu = 0.999) finalize incremental marking via task; GC in old space requested
[173454:0x5921400]  1992672 ms: Mark-Compact 19.8 (54.0) -> 10.3 (53.7) MB, 2.07 / 0.00 ms  (+ 7.7 ms in 34 steps since start of marking, biggest step 1.3 ms, walltime since start of marking 11 ms) (average mu = 0.999, current mu = 0.999) finalize incremental marking via task; GC in old space requested
[173454:0x5921400]  2000832 ms: Mark-Compact 19.7 (53.7) -> 10.3 (54.2) MB, 2.09 / 0.00 ms  (+ 7.4 ms in 44 steps since start of marking, biggest step 0.3 ms, walltime since start of marking 10 ms) (average mu = 0.999, current mu = 0.999) finalize incremental marking via task; GC in old space requested
[173454:0x5921400]  2009032 ms: Mark-Compact 20.1 (54.2) -> 10.4 (53.7) MB, 3.15 / 0.00 ms  (+ 19.2 ms in 26 steps since start of marking, biggest step 1.4 ms, walltime since start of marking 27 ms) (average mu = 0.998, current mu = 0.997) finalize incremental marking via task; GC in old space requested
[173454:0x5921400]  2017246 ms: Mark-Compact 20.0 (53.7) -> 10.4 (54.7) MB, 4.22 / 0.01 ms  (+ 15.9 ms in 24 steps since start of marking, biggest step 1.0 ms, walltime since start of marking 24 ms) (average mu = 0.998, current mu = 0.998) finalize incremental marking via task; GC in old space requested
[173454:0x5921400]  2025444 ms: Mark-Compact 19.8 (54.7) -> 10.3 (55.0) MB, 1.72 / 0.00 ms  (+ 5.5 ms in 26 steps since start of marking, biggest step 0.4 ms, walltime since start of marking 8 ms) (average mu = 0.998, current mu = 0.999) finalize incremental marking via task; GC in old space requested
[173454:0x5921400]  2033606 ms: Mark-Compact 19.7 (55.0) -> 10.3 (53.7) MB, 3.10 / 0.00 ms  (+ 7.5 ms in 42 steps since start of marking, biggest step 1.1 ms, walltime since start of marking 11 ms) (average mu = 0.999, current mu = 0.999) finalize incremental marking via task; GC in old space requested
[173454:0x5921400]  2041794 ms: Mark-Compact 20.1 (53.7) -> 10.4 (54.0) MB, 2.15 / 0.00 ms  (+ 16.3 ms in 27 steps since start of marking, biggest step 1.3 ms, walltime since start of marking 21 ms) (average mu = 0.998, current mu = 0.998) finalize incremental marking via task; GC in old space requested
[173454:0x5921400]  2050002 ms: Mark-Compact 19.8 (54.0) -> 10.3 (54.5) MB, 1.77 / 0.00 ms  (+ 4.6 ms in 24 steps since start of marking, biggest step 1.5 ms, walltime since start of marking 7 ms) (average mu = 0.999, current mu = 0.999) finalize incremental marking via task; GC in old space requested
[173454:0x5921400]  2058187 ms: Mark-Compact 19.7 (54.5) -> 10.3 (52.7) MB, 2.80 / 0.00 ms  (+ 7.1 ms in 39 steps since start of marking, biggest step 0.4 ms, walltime since start of marking 11 ms) (average mu = 0.999, current mu = 0.999) finalize incremental marking via task; GC in old space requested
[173454:0x5921400]  2066366 ms: Mark-Compact 19.7 (52.7) -> 10.3 (53.7) MB, 1.44 / 0.00 ms  (+ 4.1 ms in 47 steps since start of marking, biggest step 0.2 ms, walltime since start of marking 6 ms) (average mu = 0.999, current mu = 0.999) finalize incremental marking via task; GC in old space requested
[173454:0x5921400]  2074566 ms: Mark-Compact 19.8 (53.7) -> 10.3 (54.0) MB, 1.34 / 0.00 ms  (+ 6.4 ms in 39 steps since start of marking, biggest step 0.3 ms, walltime since start of marking 9 ms) (average mu = 0.999, current mu = 0.999) finalize incremental marking via task; GC in old space requested
[173454:0x5921400]  2082783 ms: Mark-Compact 19.9 (54.0) -> 10.3 (54.0) MB, 3.26 / 0.00 ms  (+ 14.2 ms in 49 steps since start of marking, biggest step 0.8 ms, walltime since start of marking 19 ms) (average mu = 0.998, current mu = 0.998) finalize incremental marking via task; GC in old space requested
[173454:0x5921400]  2090967 ms: Mark-Compact 19.7 (54.0) -> 10.3 (55.0) MB, 1.46 / 0.00 ms  (+ 7.0 ms in 43 steps since start of marking, biggest step 0.3 ms, walltime since start of marking 9 ms) (average mu = 0.999, current mu = 0.999) finalize incremental marking via task; GC in old space requested
[173454:0x5921400]  2099173 ms: Mark-Compact 19.8 (55.0) -> 10.3 (53.7) MB, 2.39 / 0.00 ms  (+ 6.1 ms in 19 steps since start of marking, biggest step 2.1 ms, walltime since start of marking 10 ms) (average mu = 0.999, current mu = 0.999) finalize incremental marking via task; GC in old space requested
[173454:0x5921400]  2107392 ms: Mark-Compact 19.9 (53.7) -> 10.4 (53.5) MB, 2.82 / 0.00 ms  (+ 9.1 ms in 26 steps since start of marking, biggest step 0.5 ms, walltime since start of marking 14 ms) (average mu = 0.999, current mu = 0.999) finalize incremental marking via task; GC in old space requested
[173454:0x5921400]  2115577 ms: Mark-Compact 19.8 (53.5) -> 10.3 (54.5) MB, 2.14 / 0.00 ms  (+ 5.7 ms in 26 steps since start of marking, biggest step 1.7 ms, walltime since start of marking 9 ms) (average mu = 0.999, current mu = 0.999) finalize incremental marking via task; GC in old space requested
[173454:0x5921400]  2123743 ms: Mark-Compact 19.7 (54.5) -> 10.3 (54.0) MB, 1.80 / 0.00 ms  (+ 4.4 ms in 26 steps since start of marking, biggest step 0.3 ms, walltime since start of marking 7 ms) (average mu = 0.999, current mu = 0.999) finalize incremental marking via task; GC in old space requested
[173454:0x5921400]  2131956 ms: Mark-Compact 19.8 (54.0) -> 10.3 (53.2) MB, 2.96 / 0.00 ms  (+ 8.3 ms in 36 steps since start of marking, biggest step 0.5 ms, walltime since start of marking 13 ms) (average mu = 0.999, current mu = 0.999) finalize incremental marking via task; GC in old space requested
[173454:0x5921400]  2140149 ms: Mark-Compact 19.9 (53.2) -> 10.4 (53.5) MB, 3.12 / 0.00 ms  (+ 15.3 ms in 28 steps since start of marking, biggest step 1.0 ms, walltime since start of marking 21 ms) (average mu = 0.998, current mu = 0.998) finalize incremental marking via task; GC in old space requested
[173454:0x5921400]  2148352 ms: Mark-Compact 19.8 (53.5) -> 10.3 (54.5) MB, 2.43 / 0.00 ms  (+ 6.4 ms in 31 steps since start of marking, biggest step 0.4 ms, walltime since start of marking 10 ms) (average mu = 0.999, current mu = 0.999) finalize incremental marking via task; GC in old space requested
[173454:0x5921400]  2156525 ms: Mark-Compact 19.7 (54.5) -> 10.3 (54.5) MB, 2.13 / 0.00 ms  (+ 8.0 ms in 37 steps since start of marking, biggest step 1.7 ms, walltime since start of marking 11 ms) (average mu = 0.999, current mu = 0.999) finalize incremental marking via task; GC in old space requested
[173454:0x5921400]  2164728 ms: Mark-Compact 19.7 (54.5) -> 10.3 (54.0) MB, 1.90 / 0.00 ms  (+ 6.7 ms in 22 steps since start of marking, biggest step 1.9 ms, walltime since start of marking 10 ms) (average mu = 0.999, current mu = 0.999) finalize incremental marking via task; GC in old space requested
[173454:0x5921400]  2172928 ms: Mark-Compact 19.8 (54.0) -> 10.3 (53.7) MB, 1.84 / 0.00 ms  (+ 6.5 ms in 33 steps since start of marking, biggest step 0.4 ms, walltime since start of marking 9 ms) (average mu = 0.999, current mu = 0.999) finalize incremental marking via task; GC in old space requested
[173454:0x5921400]  2181118 ms: Mark-Compact 19.8 (53.7) -> 10.3 (53.5) MB, 3.34 / 0.00 ms  (+ 9.1 ms in 26 steps since start of marking, biggest step 0.6 ms, walltime since start of marking 14 ms) (average mu = 0.999, current mu = 0.998) finalize incremental marking via task; GC in old space requested
[173454:0x5921400]  2189311 ms: Mark-Compact 19.7 (53.5) -> 10.3 (54.5) MB, 1.67 / 0.00 ms  (+ 4.8 ms in 27 steps since start of marking, biggest step 0.3 ms, walltime since start of marking 7 ms) (average mu = 0.999, current mu = 0.999) finalize incremental marking via task; GC in old space requested
[173454:0x5921400]  2197508 ms: Mark-Compact 19.7 (54.5) -> 10.3 (55.0) MB, 2.04 / 0.00 ms  (+ 5.3 ms in 29 steps since start of marking, biggest step 0.3 ms, walltime since start of marking 8 ms) (average mu = 0.999, current mu = 0.999) finalize incremental marking via task; GC in old space requested
[173454:0x5921400]  2205709 ms: Mark-Compact 19.9 (55.0) -> 10.4 (53.7) MB, 3.01 / 0.00 ms  (+ 14.4 ms in 29 steps since start of marking, biggest step 4.5 ms, walltime since start of marking 19 ms) (average mu = 0.998, current mu = 0.998) finalize incremental marking via task; GC in old space requested
[173454:0x5921400]  2213916 ms: Mark-Compact 20.1 (53.7) -> 10.4 (53.7) MB, 3.35 / 0.00 ms  (+ 18.6 ms in 25 steps since start of marking, biggest step 1.5 ms, walltime since start of marking 27 ms) (average mu = 0.998, current mu = 0.997) finalize incremental marking via task; GC in old space requested
[173454:0x5921400]  2222145 ms: Mark-Compact 19.8 (53.7) -> 10.3 (54.0) MB, 1.31 / 0.00 ms  (+ 9.1 ms in 30 steps since start of marking, biggest step 0.9 ms, walltime since start of marking 12 ms) (average mu = 0.998, current mu = 0.999) finalize incremental marking via task; GC in old space requested
[173454:0x5921400]  2230344 ms: Mark-Compact 19.9 (54.0) -> 10.4 (53.2) MB, 3.62 / 0.00 ms  (+ 15.3 ms in 35 steps since start of marking, biggest step 3.2 ms, walltime since start of marking 21 ms) (average mu = 0.998, current mu = 0.998) finalize incremental marking via task; GC in old space requested
[173454:0x5921400]  2238555 ms: Mark-Compact 20.0 (53.2) -> 10.4 (54.2) MB, 3.94 / 0.01 ms  (+ 15.2 ms in 22 steps since start of marking, biggest step 1.6 ms, walltime since start of marking 22 ms) (average mu = 0.998, current mu = 0.998) finalize incremental marking via task; GC in old space requested
[173454:0x5921400]  2246717 ms: Mark-Compact 19.8 (54.2) -> 10.3 (54.7) MB, 4.01 / 0.00 ms  (+ 5.6 ms in 20 steps since start of marking, biggest step 2.7 ms, walltime since start of marking 11 ms) (average mu = 0.998, current mu = 0.999) finalize incremental marking via task; GC in old space requested
[173454:0x5921400]  2254892 ms: Mark-Compact 19.7 (54.7) -> 10.3 (55.0) MB, 1.85 / 0.00 ms  (+ 6.9 ms in 31 steps since start of marking, biggest step 0.5 ms, walltime since start of marking 10 ms) (average mu = 0.999, current mu = 0.999) finalize incremental marking via task; GC in old space requested
[173454:0x5921400]  2263072 ms: Mark-Compact 19.7 (55.0) -> 10.3 (54.2) MB, 2.87 / 0.00 ms  (+ 9.4 ms in 29 steps since start of marking, biggest step 0.9 ms, walltime since start of marking 14 ms) (average mu = 0.999, current mu = 0.998) finalize incremental marking via task; GC in old space requested
[173454:0x5921400]  2271210 ms: Mark-Compact 19.8 (54.2) -> 10.3 (54.0) MB, 2.08 / 0.00 ms  (+ 6.1 ms in 18 steps since start of marking, biggest step 2.8 ms, walltime since start of marking 9 ms) (average mu = 0.999, current mu = 0.999) finalize incremental marking via task; GC in old space requested
[173454:0x5921400]  2279384 ms: Mark-Compact 19.8 (54.0) -> 10.3 (53.5) MB, 3.25 / 0.00 ms  (+ 4.4 ms in 28 steps since start of marking, biggest step 0.4 ms, walltime since start of marking 8 ms) (average mu = 0.999, current mu = 0.999) finalize incremental marking via task; GC in old space requested
[173454:0x5921400]  2287598 ms: Mark-Compact 19.9 (53.5) -> 10.4 (53.7) MB, 2.85 / 0.00 ms  (+ 12.0 ms in 24 steps since start of marking, biggest step 3.0 ms, walltime since start of marking 17 ms) (average mu = 0.999, current mu = 0.998) finalize incremental marking via task; GC in old space requested
[173454:0x5921400]  2295774 ms: Mark-Compact 19.8 (53.7) -> 10.3 (54.2) MB, 1.37 / 0.00 ms  (+ 5.7 ms in 39 steps since start of marking, biggest step 1.1 ms, walltime since start of marking 8 ms) (average mu = 0.999, current mu = 0.999) finalize incremental marking via task; GC in old space requested
[173454:0x5921400]  2303952 ms: Mark-Compact 19.8 (54.2) -> 10.3 (52.7) MB, 1.53 / 0.00 ms  (+ 6.7 ms in 31 steps since start of marking, biggest step 0.7 ms, walltime since start of marking 9 ms) (average mu = 0.999, current mu = 0.999) finalize incremental marking via task; GC in old space requested
[173454:0x5921400]  2312170 ms: Mark-Compact 19.7 (52.7) -> 10.3 (53.7) MB, 2.70 / 0.00 ms  (+ 10.2 ms in 45 steps since start of marking, biggest step 0.4 ms, walltime since start of marking 14 ms) (average mu = 0.999, current mu = 0.998) finalize incremental marking via task; GC in old space requested
[173454:0x5921400]  2320376 ms: Mark-Compact 20.0 (53.7) -> 10.4 (53.7) MB, 1.93 / 0.00 ms  (+ 18.1 ms in 29 steps since start of marking, biggest step 1.4 ms, walltime since start of marking 23 ms) (average mu = 0.998, current mu = 0.998) finalize incremental marking via task; GC in old space requested
[173454:0x5921400]  2328565 ms: Mark-Compact 19.8 (53.7) -> 10.3 (53.2) MB, 2.02 / 0.00 ms  (+ 5.9 ms in 21 steps since start of marking, biggest step 2.1 ms, walltime since start of marking 9 ms) (average mu = 0.999, current mu = 0.999) finalize incremental marking via task; GC in old space requested
[173454:0x5921400]  2336742 ms: Mark-Compact 19.8 (53.2) -> 10.3 (54.2) MB, 2.43 / 0.00 ms  (+ 11.0 ms in 32 steps since start of marking, biggest step 0.6 ms, walltime since start of marking 15 ms) (average mu = 0.998, current mu = 0.998) finalize incremental marking via task; GC in old space requested
[173454:0x5921400]  2344928 ms: Mark-Compact 19.8 (54.2) -> 10.3 (53.2) MB, 1.69 / 0.00 ms  (+ 4.0 ms in 32 steps since start of marking, biggest step 0.2 ms, walltime since start of marking 6 ms) (average mu = 0.999, current mu = 0.999) finalize incremental marking via task; GC in old space requested
[173454:0x5921400]  2353121 ms: Mark-Compact 19.7 (53.2) -> 10.3 (53.5) MB, 2.10 / 0.00 ms  (+ 5.6 ms in 16 steps since start of marking, biggest step 1.1 ms, walltime since start of marking 9 ms) (average mu = 0.999, current mu = 0.999) finalize incremental marking via task; GC in old space requested
[173454:0x5921400]  2361267 ms: Mark-Compact 19.8 (53.5) -> 10.3 (54.0) MB, 2.46 / 0.00 ms  (+ 4.4 ms in 28 steps since start of marking, biggest step 0.3 ms, walltime since start of marking 8 ms) (average mu = 0.999, current mu = 0.999) finalize incremental marking via task; GC in old space requested
[173454:0x5921400]  2369468 ms: Mark-Compact 19.9 (54.0) -> 10.4 (54.2) MB, 4.10 / 0.01 ms  (+ 12.7 ms in 29 steps since start of marking, biggest step 1.1 ms, walltime since start of marking 20 ms) (average mu = 0.999, current mu = 0.998) finalize incremental marking via task; GC in old space requested
[173454:0x5921400]  2377657 ms: Mark-Compact 19.8 (54.2) -> 10.3 (55.2) MB, 1.33 / 0.00 ms  (+ 4.6 ms in 40 steps since start of marking, biggest step 1.0 ms, walltime since start of marking 7 ms) (average mu = 0.999, current mu = 0.999) finalize incremental marking via task; GC in old space requested
[173454:0x5921400]  2385842 ms: Mark-Compact 19.8 (55.2) -> 10.3 (54.7) MB, 1.39 / 0.00 ms  (+ 4.1 ms in 23 steps since start of marking, biggest step 1.3 ms, walltime since start of marking 6 ms) (average mu = 0.999, current mu = 0.999) finalize incremental marking via task; GC in old space requested
[173454:0x5921400]  2394028 ms: Mark-Compact 19.8 (54.7) -> 10.3 (53.5) MB, 1.84 / 0.00 ms  (+ 6.3 ms in 29 steps since start of marking, biggest step 0.6 ms, walltime since start of marking 9 ms) (average mu = 0.999, current mu = 0.999) finalize incremental marking via task; GC in old space requested
[173454:0x5921400]  2402243 ms: Mark-Compact 20.1 (53.5) -> 10.4 (53.5) MB, 2.54 / 0.00 ms  (+ 17.3 ms in 29 steps since start of marking, biggest step 1.0 ms, walltime since start of marking 23 ms) (average mu = 0.998, current mu = 0.998) finalize incremental marking via task; GC in old space requested
[173454:0x5921400]  2410460 ms: Mark-Compact 19.9 (53.5) -> 10.4 (54.0) MB, 1.67 / 0.00 ms  (+ 11.7 ms in 26 steps since start of marking, biggest step 1.0 ms, walltime since start of marking 16 ms) (average mu = 0.998, current mu = 0.998) finalize incremental marking via task; GC in old space requested
[173454:0x5921400]  2418649 ms: Mark-Compact 19.8 (54.0) -> 10.3 (52.7) MB, 2.91 / 0.00 ms  (+ 6.4 ms in 25 steps since start of marking, biggest step 1.6 ms, walltime since start of marking 10 ms) (average mu = 0.999, current mu = 0.999) finalize incremental marking via task; GC in old space requested
[173454:0x5921400]  2426807 ms: Mark-Compact 19.8 (52.7) -> 10.3 (53.7) MB, 1.77 / 0.00 ms  (+ 4.5 ms in 40 steps since start of marking, biggest step 0.3 ms, walltime since start of marking 7 ms) (average mu = 0.999, current mu = 0.999) finalize incremental marking via task; GC in old space requested
[173454:0x5921400]  2434973 ms: Mark-Compact 19.7 (53.7) -> 10.3 (53.5) MB, 1.55 / 0.00 ms  (+ 8.2 ms in 43 steps since start of marking, biggest step 0.4 ms, walltime since start of marking 11 ms) (average mu = 0.999, current mu = 0.999) finalize incremental marking via task; GC in old space requested
[173454:0x5921400]  2443145 ms: Mark-Compact 19.8 (53.5) -> 10.3 (53.5) MB, 1.83 / 0.00 ms  (+ 7.6 ms in 37 steps since start of marking, biggest step 1.8 ms, walltime since start of marking 10 ms) (average mu = 0.999, current mu = 0.999) finalize incremental marking via task; GC in old space requested
[173454:0x5921400]  2451314 ms: Mark-Compact 19.8 (53.5) -> 10.3 (53.5) MB, 1.57 / 0.00 ms  (+ 5.5 ms in 40 steps since start of marking, biggest step 1.1 ms, walltime since start of marking 8 ms) (average mu = 0.999, current mu = 0.999) finalize incremental marking via task; GC in old space requested
[173454:0x5921400]  2459494 ms: Mark-Compact 19.9 (53.5) -> 10.4 (53.2) MB, 2.54 / 0.00 ms  (+ 12.4 ms in 27 steps since start of marking, biggest step 1.1 ms, walltime since start of marking 17 ms) (average mu = 0.999, current mu = 0.998) finalize incremental marking via task; GC in old space requested
[173454:0x5921400]  2467710 ms: Mark-Compact 20.1 (53.2) -> 10.4 (53.5) MB, 2.15 / 0.01 ms  (+ 15.5 ms in 43 steps since start of marking, biggest step 0.6 ms, walltime since start of marking 19 ms) (average mu = 0.998, current mu = 0.998) finalize incremental marking via task; GC in old space requested
[173454:0x5921400]  2475939 ms: Mark-Compact 19.8 (53.5) -> 10.3 (53.2) MB, 1.88 / 0.00 ms  (+ 11.5 ms in 36 steps since start of marking, biggest step 0.7 ms, walltime since start of marking 15 ms) (average mu = 0.998, current mu = 0.998) finalize incremental marking via task; GC in old space requested
[173454:0x5921400]  2484099 ms: Mark-Compact 19.7 (53.2) -> 10.3 (53.5) MB, 2.40 / 0.00 ms  (+ 7.4 ms in 31 steps since start of marking, biggest step 0.4 ms, walltime since start of marking 11 ms) (average mu = 0.999, current mu = 0.999) finalize incremental marking via task; GC in old space requested
[173454:0x5921400]  2492272 ms: Mark-Compact 19.7 (53.5) -> 10.3 (53.0) MB, 4.72 / 0.01 ms  (+ 12.8 ms in 22 steps since start of marking, biggest step 5.2 ms, walltime since start of marking 19 ms) (average mu = 0.998, current mu = 0.998) finalize incremental marking via task; GC in old space requested
[173454:0x5921400]  2500448 ms: Mark-Compact 19.8 (53.0) -> 10.3 (54.0) MB, 1.39 / 0.00 ms  (+ 8.5 ms in 42 steps since start of marking, biggest step 0.3 ms, walltime since start of marking 11 ms) (average mu = 0.998, current mu = 0.999) finalize incremental marking via task; GC in old space requested
[173454:0x5921400]  2508619 ms: Mark-Compact 19.8 (54.0) -> 10.3 (53.7) MB, 2.53 / 0.00 ms  (+ 7.4 ms in 36 steps since start of marking, biggest step 1.7 ms, walltime since start of marking 11 ms) (average mu = 0.999, current mu = 0.999) finalize incremental marking via task; GC in old space requested
[173454:0x5921400]  2516805 ms: Mark-Compact 19.9 (53.7) -> 10.4 (54.2) MB, 2.48 / 0.01 ms  (+ 13.4 ms in 40 steps since start of marking, biggest step 0.6 ms, walltime since start of marking 18 ms) (average mu = 0.998, current mu = 0.998) finalize incremental marking via task; GC in old space requested
[173454:0x5921400]  2525002 ms: Mark-Compact 19.8 (54.2) -> 10.3 (54.2) MB, 1.94 / 0.00 ms  (+ 6.9 ms in 34 steps since start of marking, biggest step 0.5 ms, walltime since start of marking 10 ms) (average mu = 0.999, current mu = 0.999) finalize incremental marking via task; GC in old space requested
[173454:0x5921400]  2533195 ms: Mark-Compact 19.7 (54.2) -> 10.3 (54.0) MB, 2.10 / 0.00 ms  (+ 7.9 ms in 47 steps since start of marking, biggest step 0.3 ms, walltime since start of marking 11 ms) (average mu = 0.999, current mu = 0.999) finalize incremental marking via task; GC in old space requested
[173454:0x5921400]  2541376 ms: Mark-Compact 19.7 (54.0) -> 10.3 (54.0) MB, 2.01 / 0.00 ms  (+ 8.5 ms in 20 steps since start of marking, biggest step 3.1 ms, walltime since start of marking 12 ms) (average mu = 0.999, current mu = 0.999) finalize incremental marking via task; GC in old space requested
[173454:0x5921400]  2549536 ms: Mark-Compact 19.8 (54.0) -> 10.3 (54.5) MB, 1.61 / 0.00 ms  (+ 6.4 ms in 27 steps since start of marking, biggest step 0.5 ms, walltime since start of marking 9 ms) (average mu = 0.999, current mu = 0.999) finalize incremental marking via task; GC in old space requested
[173454:0x5921400]  2557699 ms: Mark-Compact 19.7 (54.5) -> 10.3 (53.2) MB, 2.43 / 0.00 ms  (+ 7.8 ms in 43 steps since start of marking, biggest step 0.7 ms, walltime since start of marking 12 ms) (average mu = 0.999, current mu = 0.999) finalize incremental marking via task; GC in old space requested
[173454:0x5921400]  2565869 ms: Mark-Compact 19.7 (53.2) -> 10.3 (53.5) MB, 1.72 / 0.00 ms  (+ 7.0 ms in 29 steps since start of marking, biggest step 0.5 ms, walltime since start of marking 10 ms) (average mu = 0.999, current mu = 0.999) finalize incremental marking via task; GC in old space requested
[173454:0x5921400]  2574050 ms: Mark-Compact 19.9 (53.5) -> 10.4 (53.7) MB, 2.02 / 0.00 ms  (+ 11.7 ms in 42 steps since start of marking, biggest step 0.7 ms, walltime since start of marking 15 ms) (average mu = 0.999, current mu = 0.998) finalize incremental marking via task; GC in old space requested
[173454:0x5921400]  2582247 ms: Mark-Compact 19.9 (53.7) -> 10.4 (53.7) MB, 3.60 / 0.00 ms  (+ 14.7 ms in 28 steps since start of marking, biggest step 2.9 ms, walltime since start of marking 21 ms) (average mu = 0.998, current mu = 0.998) finalize incremental marking via task; GC in old space requested
[173454:0x5921400]  2590420 ms: Mark-Compact 19.8 (53.7) -> 10.3 (54.7) MB, 1.89 / 0.00 ms  (+ 9.4 ms in 28 steps since start of marking, biggest step 0.6 ms, walltime since start of marking 13 ms) (average mu = 0.998, current mu = 0.999) finalize incremental marking via task; GC in old space requested
[173454:0x5921400]  2598575 ms: Mark-Compact 19.7 (54.7) -> 10.3 (54.5) MB, 1.82 / 0.00 ms  (+ 4.5 ms in 28 steps since start of marking, biggest step 0.3 ms, walltime since start of marking 7 ms) (average mu = 0.999, current mu = 0.999) finalize incremental marking via task; GC in old space requested
[173454:0x5921400]  2606735 ms: Mark-Compact 19.7 (54.5) -> 10.3 (53.2) MB, 1.73 / 0.00 ms  (+ 8.0 ms in 27 steps since start of marking, biggest step 0.6 ms, walltime since start of marking 11 ms) (average mu = 0.999, current mu = 0.999) finalize incremental marking via task; GC in old space requested
[173454:0x5921400]  2614905 ms: Mark-Compact 19.8 (53.2) -> 10.4 (53.5) MB, 2.55 / 0.00 ms  (+ 12.5 ms in 45 steps since start of marking, biggest step 0.7 ms, walltime since start of marking 17 ms) (average mu = 0.998, current mu = 0.998) finalize incremental marking via task; GC in old space requested
[173454:0x5921400]  2623073 ms: Mark-Compact 19.8 (53.5) -> 10.3 (54.0) MB, 1.52 / 0.00 ms  (+ 5.8 ms in 38 steps since start of marking, biggest step 0.9 ms, walltime since start of marking 8 ms) (average mu = 0.999, current mu = 0.999) finalize incremental marking via task; GC in old space requested
[173454:0x5921400]  2631228 ms: Mark-Compact 19.7 (54.0) -> 10.3 (54.0) MB, 2.42 / 0.00 ms  (+ 6.1 ms in 24 steps since start of marking, biggest step 0.4 ms, walltime since start of marking 10 ms) (average mu = 0.999, current mu = 0.999) finalize incremental marking via task; GC in old space requested
[173454:0x5921400]  2639406 ms: Mark-Compact 19.7 (54.0) -> 10.3 (54.5) MB, 2.11 / 0.00 ms  (+ 6.7 ms in 29 steps since start of marking, biggest step 0.6 ms, walltime since start of marking 10 ms) (average mu = 0.999, current mu = 0.999) finalize incremental marking via task; GC in old space requested
[173454:0x5921400]  2647576 ms: Mark-Compact 20.0 (54.5) -> 10.4 (53.0) MB, 3.65 / 0.00 ms  (+ 15.7 ms in 36 steps since start of marking, biggest step 0.9 ms, walltime since start of marking 22 ms) (average mu = 0.998, current mu = 0.998) finalize incremental marking via task; GC in old space requested
[173454:0x5921400]  2655775 ms: Mark-Compact 19.9 (53.0) -> 10.4 (54.0) MB, 4.12 / 0.00 ms  (+ 14.3 ms in 44 steps since start of marking, biggest step 0.7 ms, walltime since start of marking 20 ms) (average mu = 0.998, current mu = 0.998) finalize incremental marking via task; GC in old space requested
[173454:0x5921400]  2663946 ms: Mark-Compact 19.8 (54.0) -> 10.3 (54.5) MB, 3.32 / 0.00 ms  (+ 11.3 ms in 46 steps since start of marking, biggest step 0.6 ms, walltime since start of marking 16 ms) (average mu = 0.998, current mu = 0.998) finalize incremental marking via task; GC in old space requested
[173454:0x5921400]  2672140 ms: Mark-Compact 19.8 (54.5) -> 10.3 (54.7) MB, 1.24 / 0.00 ms  (+ 5.1 ms in 27 steps since start of marking, biggest step 0.6 ms, walltime since start of marking 7 ms) (average mu = 0.999, current mu = 0.999) finalize incremental marking via task; GC in old space requested
[173454:0x5921400]  2680325 ms: Mark-Compact 19.7 (54.7) -> 10.3 (53.0) MB, 1.49 / 0.00 ms  (+ 6.7 ms in 39 steps since start of marking, biggest step 0.5 ms, walltime since start of marking 10 ms) (average mu = 0.999, current mu = 0.999) finalize incremental marking via task; GC in old space requested
[173454:0x5921400]  2688491 ms: Mark-Compact 19.8 (53.0) -> 10.3 (52.7) MB, 2.67 / 0.00 ms  (+ 12.3 ms in 21 steps since start of marking, biggest step 4.9 ms, walltime since start of marking 17 ms) (average mu = 0.999, current mu = 0.998) finalize incremental marking via task; GC in old space requested
[173454:0x5921400]  2696699 ms: Mark-Compact 19.9 (52.7) -> 10.4 (53.7) MB, 2.21 / 0.00 ms  (+ 12.8 ms in 43 steps since start of marking, biggest step 0.8 ms, walltime since start of marking 17 ms) (average mu = 0.998, current mu = 0.998) finalize incremental marking via task; GC in old space requested
[173454:0x5921400]  2704897 ms: Mark-Compact 19.8 (53.7) -> 10.3 (53.5) MB, 3.80 / 0.00 ms  (+ 16.2 ms in 22 steps since start of marking, biggest step 6.9 ms, walltime since start of marking 22 ms) (average mu = 0.998, current mu = 0.998) finalize incremental marking via task; GC in old space requested
[173454:0x5921400]  2713103 ms: Mark-Compact 19.8 (53.5) -> 10.3 (54.0) MB, 1.61 / 0.00 ms  (+ 3.9 ms in 26 steps since start of marking, biggest step 0.2 ms, walltime since start of marking 6 ms) (average mu = 0.999, current mu = 0.999) finalize incremental marking via task; GC in old space requested
[173454:0x5921400]  2721264 ms: Mark-Compact 19.8 (54.0) -> 10.3 (52.7) MB, 1.31 / 0.00 ms  (+ 6.2 ms in 35 steps since start of marking, biggest step 0.4 ms, walltime since start of marking 8 ms) (average mu = 0.999, current mu = 0.999) finalize incremental marking via task; GC in old space requested
[173454:0x5921400]  2729459 ms: Mark-Compact 19.8 (52.7) -> 10.3 (53.7) MB, 3.15 / 0.00 ms  (+ 9.0 ms in 28 steps since start of marking, biggest step 0.7 ms, walltime since start of marking 13 ms) (average mu = 0.999, current mu = 0.999) finalize incremental marking via task; GC in old space requested
[173454:0x5921400]  2737642 ms: Mark-Compact 19.8 (53.7) -> 10.3 (54.0) MB, 2.93 / 0.00 ms  (+ 6.4 ms in 44 steps since start of marking, biggest step 0.2 ms, walltime since start of marking 10 ms) (average mu = 0.999, current mu = 0.999) finalize incremental marking via task; GC in old space requested
[173454:0x5921400]  2745838 ms: Mark-Compact 19.8 (54.0) -> 10.3 (55.0) MB, 1.77 / 0.00 ms  (+ 9.0 ms in 29 steps since start of marking, biggest step 0.5 ms, walltime since start of marking 12 ms) (average mu = 0.999, current mu = 0.999) finalize incremental marking via task; GC in old space requested
[173454:0x5921400]  2753985 ms: Mark-Compact 19.8 (55.0) -> 10.3 (53.7) MB, 1.44 / 0.00 ms  (+ 5.4 ms in 42 steps since start of marking, biggest step 0.2 ms, walltime since start of marking 8 ms) (average mu = 0.999, current mu = 0.999) finalize incremental marking via task; GC in old space requested
[173454:0x5921400]  2762181 ms: Mark-Compact 19.8 (53.7) -> 10.3 (54.2) MB, 1.78 / 0.00 ms  (+ 7.3 ms in 29 steps since start of marking, biggest step 0.5 ms, walltime since start of marking 10 ms) (average mu = 0.999, current mu = 0.999) finalize incremental marking via task; GC in old space requested
[173454:0x5921400]  2770348 ms: Mark-Compact 19.9 (54.2) -> 10.4 (53.5) MB, 2.80 / 0.00 ms  (+ 13.7 ms in 32 steps since start of marking, biggest step 1.1 ms, walltime since start of marking 19 ms) (average mu = 0.998, current mu = 0.998) finalize incremental marking via task; GC in old space requested
[173454:0x5921400]  2778531 ms: Mark-Compact 19.8 (53.5) -> 10.3 (53.2) MB, 1.66 / 0.00 ms  (+ 7.6 ms in 44 steps since start of marking, biggest step 0.6 ms, walltime since start of marking 10 ms) (average mu = 0.999, current mu = 0.999) finalize incremental marking via task; GC in old space requested
[173454:0x5921400]  2786688 ms: Mark-Compact 19.7 (53.2) -> 10.3 (53.5) MB, 1.74 / 0.00 ms  (+ 5.0 ms in 30 steps since start of marking, biggest step 0.4 ms, walltime since start of marking 8 ms) (average mu = 0.999, current mu = 0.999) finalize incremental marking via task; GC in old space requested
[173454:0x5921400]  2794913 ms: Mark-Compact 19.9 (53.5) -> 10.4 (54.0) MB, 2.57 / 0.00 ms  (+ 13.6 ms in 26 steps since start of marking, biggest step 1.1 ms, walltime since start of marking 19 ms) (average mu = 0.998, current mu = 0.998) finalize incremental marking via task; GC in old space requested
[173454:0x5921400]  2803103 ms: Mark-Compact 19.8 (54.0) -> 10.3 (53.5) MB, 1.86 / 0.00 ms  (+ 8.2 ms in 35 steps since start of marking, biggest step 0.4 ms, walltime since start of marking 12 ms) (average mu = 0.999, current mu = 0.999) finalize incremental marking via task; GC in old space requested
[173454:0x5921400]  2811285 ms: Mark-Compact 19.9 (53.5) -> 10.4 (54.5) MB, 4.09 / 0.00 ms  (+ 16.1 ms in 19 steps since start of marking, biggest step 6.1 ms, walltime since start of marking 23 ms) (average mu = 0.998, current mu = 0.998) finalize incremental marking via task; GC in old space requested
[173454:0x5921400]  2819461 ms: Mark-Compact 19.9 (54.5) -> 10.4 (54.5) MB, 4.58 / 0.01 ms  (+ 12.8 ms in 28 steps since start of marking, biggest step 0.9 ms, walltime since start of marking 20 ms) (average mu = 0.998, current mu = 0.998) finalize incremental marking via task; GC in old space requested
[173454:0x5921400]  2827676 ms: Mark-Compact 19.9 (54.5) -> 10.4 (54.5) MB, 2.76 / 0.00 ms  (+ 14.7 ms in 23 steps since start of marking, biggest step 5.2 ms, walltime since start of marking 20 ms) (average mu = 0.998, current mu = 0.998) finalize incremental marking via task; GC in old space requested
[173454:0x5921400]  2835910 ms: Mark-Compact 19.9 (54.5) -> 10.4 (55.5) MB, 2.76 / 0.00 ms  (+ 13.1 ms in 29 steps since start of marking, biggest step 1.0 ms, walltime since start of marking 19 ms) (average mu = 0.998, current mu = 0.998) finalize incremental marking via task; GC in old space requested
[173454:0x5921400]  2844070 ms: Mark-Compact 19.8 (55.5) -> 10.3 (54.0) MB, 1.31 / 0.00 ms  (+ 5.8 ms in 32 steps since start of marking, biggest step 0.4 ms, walltime since start of marking 8 ms) (average mu = 0.999, current mu = 0.999) finalize incremental marking via task; GC in old space requested
[173454:0x5921400]  2852277 ms: Mark-Compact 19.9 (54.0) -> 10.4 (54.0) MB, 2.65 / 0.00 ms  (+ 10.9 ms in 40 steps since start of marking, biggest step 0.4 ms, walltime since start of marking 15 ms) (average mu = 0.998, current mu = 0.998) finalize incremental marking via task; GC in old space requested
[173454:0x5921400]  2860462 ms: Mark-Compact 19.8 (54.0) -> 10.3 (53.5) MB, 3.95 / 0.00 ms  (+ 11.2 ms in 38 steps since start of marking, biggest step 0.6 ms, walltime since start of marking 16 ms) (average mu = 0.998, current mu = 0.998) finalize incremental marking via task; GC in old space requested
[173454:0x5921400]  2868634 ms: Mark-Compact 19.7 (53.5) -> 10.3 (54.5) MB, 1.31 / 0.00 ms  (+ 4.1 ms in 22 steps since start of marking, biggest step 1.2 ms, walltime since start of marking 6 ms) (average mu = 0.999, current mu = 0.999) finalize incremental marking via task; GC in old space requested
[173454:0x5921400]  2876831 ms: Mark-Compact 20.0 (54.5) -> 10.4 (54.0) MB, 1.87 / 0.00 ms  (+ 12.8 ms in 38 steps since start of marking, biggest step 0.6 ms, walltime since start of marking 17 ms) (average mu = 0.999, current mu = 0.998) finalize incremental marking via task; GC in old space requested
[173454:0x5921400]  2885014 ms: Mark-Compact 19.9 (54.0) -> 10.4 (53.7) MB, 3.20 / 0.00 ms  (+ 12.9 ms in 42 steps since start of marking, biggest step 0.6 ms, walltime since start of marking 18 ms) (average mu = 0.998, current mu = 0.998) finalize incremental marking via task; GC in old space requested
[173454:0x5921400]  2893211 ms: Mark-Compact 19.8 (53.7) -> 10.3 (54.0) MB, 1.85 / 0.00 ms  (+ 6.9 ms in 38 steps since start of marking, biggest step 0.4 ms, walltime since start of marking 10 ms) (average mu = 0.999, current mu = 0.999) finalize incremental marking via task; GC in old space requested
[173454:0x5921400]  2901378 ms: Mark-Compact 19.7 (54.0) -> 10.3 (53.0) MB, 3.10 / 0.00 ms  (+ 9.1 ms in 30 steps since start of marking, biggest step 0.6 ms, walltime since start of marking 14 ms) (average mu = 0.999, current mu = 0.999) finalize incremental marking via task; GC in old space requested
[173454:0x5921400]  2909573 ms: Mark-Compact 19.7 (53.0) -> 10.3 (54.0) MB, 2.62 / 0.00 ms  (+ 7.0 ms in 23 steps since start of marking, biggest step 2.8 ms, walltime since start of marking 10 ms) (average mu = 0.999, current mu = 0.999) finalize incremental marking via task; GC in old space requested
[173454:0x5921400]  2917748 ms: Mark-Compact 19.8 (54.0) -> 10.3 (54.0) MB, 1.62 / 0.00 ms  (+ 7.6 ms in 29 steps since start of marking, biggest step 0.6 ms, walltime since start of marking 11 ms) (average mu = 0.999, current mu = 0.999) finalize incremental marking via task; GC in old space requested
[173454:0x5921400]  2925931 ms: Mark-Compact 19.7 (54.0) -> 10.3 (54.2) MB, 1.74 / 0.00 ms  (+ 4.4 ms in 26 steps since start of marking, biggest step 0.3 ms, walltime since start of marking 7 ms) (average mu = 0.999, current mu = 0.999) finalize incremental marking via task; GC in old space requested
[173454:0x5921400]  2934089 ms: Mark-Compact 19.7 (54.2) -> 10.3 (53.7) MB, 3.43 / 0.01 ms  (+ 4.9 ms in 27 steps since start of marking, biggest step 0.5 ms, walltime since start of marking 9 ms) (average mu = 0.999, current mu = 0.999) finalize incremental marking via task; GC in old space requested
[173454:0x5921400]  2942311 ms: Mark-Compact 19.9 (53.7) -> 10.4 (54.7) MB, 4.25 / 0.00 ms  (+ 15.7 ms in 27 steps since start of marking, biggest step 1.2 ms, walltime since start of marking 24 ms) (average mu = 0.998, current mu = 0.998) finalize incremental marking via task; GC in old space requested
[173454:0x5921400]  2950479 ms: Mark-Compact 19.8 (54.7) -> 10.3 (54.0) MB, 1.70 / 0.00 ms  (+ 8.3 ms in 40 steps since start of marking, biggest step 0.5 ms, walltime since start of marking 11 ms) (average mu = 0.999, current mu = 0.999) finalize incremental marking via task; GC in old space requested
[173454:0x5921400]  2958685 ms: Mark-Compact 19.9 (54.0) -> 10.4 (52.5) MB, 2.09 / 0.00 ms  (+ 12.4 ms in 39 steps since start of marking, biggest step 0.6 ms, walltime since start of marking 16 ms) (average mu = 0.998, current mu = 0.998) finalize incremental marking via task; GC in old space requested
[173454:0x5921400]  2966872 ms: Mark-Compact 19.9 (52.5) -> 10.4 (53.5) MB, 2.41 / 0.01 ms  (+ 14.4 ms in 28 steps since start of marking, biggest step 0.8 ms, walltime since start of marking 20 ms) (average mu = 0.998, current mu = 0.998) finalize incremental marking via task; GC in old space requested
[173454:0x5921400]  2975088 ms: Mark-Compact 19.9 (53.5) -> 10.4 (53.7) MB, 3.22 / 0.00 ms  (+ 13.4 ms in 23 steps since start of marking, biggest step 1.3 ms, walltime since start of marking 19 ms) (average mu = 0.998, current mu = 0.998) finalize incremental marking via task; GC in old space requested
[173454:0x5921400]  2983312 ms: Mark-Compact 19.8 (53.7) -> 10.3 (54.0) MB, 1.42 / 0.00 ms  (+ 4.7 ms in 30 steps since start of marking, biggest step 0.3 ms, walltime since start of marking 7 ms) (average mu = 0.999, current mu = 0.999) finalize incremental marking via task; GC in old space requested
[173454:0x5921400]  2991507 ms: Mark-Compact 19.8 (54.0) -> 10.3 (53.5) MB, 2.06 / 0.00 ms  (+ 9.1 ms in 26 steps since start of marking, biggest step 0.6 ms, walltime since start of marking 13 ms) (average mu = 0.999, current mu = 0.999) finalize incremental marking via task; GC in old space requested
[173454:0x5921400]  2999712 ms: Mark-Compact 19.9 (53.5) -> 10.4 (53.2) MB, 2.25 / 0.01 ms  (+ 12.7 ms in 39 steps since start of marking, biggest step 1.2 ms, walltime since start of marking 17 ms) (average mu = 0.998, current mu = 0.998) finalize incremental marking via task; GC in old space requested
[173454:0x5921400]  3007917 ms: Mark-Compact 19.8 (53.2) -> 10.3 (53.5) MB, 1.57 / 0.00 ms  (+ 8.0 ms in 38 steps since start of marking, biggest step 0.6 ms, walltime since start of marking 11 ms) (average mu = 0.999, current mu = 0.999) finalize incremental marking via task; GC in old space requested
[173454:0x5921400]  3016100 ms: Mark-Compact 19.7 (53.5) -> 10.3 (53.5) MB, 1.90 / 0.00 ms  (+ 6.8 ms in 25 steps since start of marking, biggest step 1.1 ms, walltime since start of marking 10 ms) (average mu = 0.999, current mu = 0.999) finalize incremental marking via task; GC in old space requested
[173454:0x5921400]  3024288 ms: Mark-Compact 19.8 (53.5) -> 10.3 (53.7) MB, 4.54 / 0.00 ms  (+ 8.2 ms in 45 steps since start of marking, biggest step 0.3 ms, walltime since start of marking 14 ms) (average mu = 0.999, current mu = 0.998) finalize incremental marking via task; GC in old space requested
[173454:0x5921400]  3032505 ms: Mark-Compact 19.8 (53.7) -> 10.3 (53.5) MB, 2.14 / 0.00 ms  (+ 6.8 ms in 33 steps since start of marking, biggest step 0.5 ms, walltime since start of marking 10 ms) (average mu = 0.999, current mu = 0.999) finalize incremental marking via task; GC in old space requested
[173454:0x5921400]  3040716 ms: Mark-Compact 19.8 (53.5) -> 10.3 (53.5) MB, 1.51 / 0.00 ms  (+ 6.7 ms in 29 steps since start of marking, biggest step 0.5 ms, walltime since start of marking 9 ms) (average mu = 0.999, current mu = 0.999) finalize incremental marking via task; GC in old space requested
[173454:0x5921400]  3048907 ms: Mark-Compact 19.7 (53.5) -> 10.3 (53.5) MB, 3.93 / 0.00 ms  (+ 8.8 ms in 31 steps since start of marking, biggest step 0.6 ms, walltime since start of marking 14 ms) (average mu = 0.999, current mu = 0.998) finalize incremental marking via task; GC in old space requested
[173454:0x5921400]  3057100 ms: Mark-Compact 19.8 (53.5) -> 10.3 (53.7) MB, 2.42 / 0.00 ms  (+ 6.3 ms in 44 steps since start of marking, biggest step 0.4 ms, walltime since start of marking 10 ms) (average mu = 0.999, current mu = 0.999) finalize incremental marking via task; GC in old space requested
[173454:0x5921400]  3065316 ms: Mark-Compact 19.9 (53.7) -> 10.4 (53.7) MB, 1.83 / 0.00 ms  (+ 17.0 ms in 25 steps since start of marking, biggest step 1.3 ms, walltime since start of marking 22 ms) (average mu = 0.998, current mu = 0.998) finalize incremental marking via task; GC in old space requested
[173454:0x5921400]  3073522 ms: Mark-Compact 19.8 (53.7) -> 10.3 (53.7) MB, 2.53 / 0.00 ms  (+ 7.8 ms in 29 steps since start of marking, biggest step 0.6 ms, walltime since start of marking 12 ms) (average mu = 0.998, current mu = 0.999) finalize incremental marking via task; GC in old space requested
[173454:0x5921400]  3081707 ms: Mark-Compact 19.8 (53.7) -> 10.3 (53.7) MB, 1.68 / 0.00 ms  (+ 10.4 ms in 23 steps since start of marking, biggest step 3.8 ms, walltime since start of marking 14 ms) (average mu = 0.999, current mu = 0.999) finalize incremental marking via task; GC in old space requested
[173454:0x5921400]  3089954 ms: Mark-Compact 19.9 (53.7) -> 10.4 (53.5) MB, 3.47 / 0.00 ms  (+ 9.8 ms in 46 steps since start of marking, biggest step 0.5 ms, walltime since start of marking 15 ms) (average mu = 0.998, current mu = 0.998) finalize incremental marking via task; GC in old space requested
[173454:0x5921400]  3098167 ms: Mark-Compact 19.8 (53.5) -> 10.3 (54.0) MB, 1.35 / 0.00 ms  (+ 5.9 ms in 40 steps since start of marking, biggest step 2.2 ms, walltime since start of marking 8 ms) (average mu = 0.999, current mu = 0.999) finalize incremental marking via task; GC in old space requested
[173454:0x5921400]  3106382 ms: Mark-Compact 19.8 (54.0) -> 10.3 (53.5) MB, 2.38 / 0.00 ms  (+ 6.0 ms in 28 steps since start of marking, biggest step 0.5 ms, walltime since start of marking 9 ms) (average mu = 0.999, current mu = 0.999) finalize incremental marking via task; GC in old space requested
[173454:0x5921400]  3114532 ms: Mark-Compact 19.7 (53.5) -> 10.3 (53.5) MB, 1.25 / 0.00 ms  (+ 5.1 ms in 39 steps since start of marking, biggest step 0.4 ms, walltime since start of marking 7 ms) (average mu = 0.999, current mu = 0.999) finalize incremental marking via task; GC in old space requested
[173454:0x5921400]  3122753 ms: Mark-Compact 19.9 (53.5) -> 10.4 (53.2) MB, 4.60 / 0.00 ms  (+ 14.6 ms in 24 steps since start of marking, biggest step 1.5 ms, walltime since start of marking 22 ms) (average mu = 0.998, current mu = 0.998) finalize incremental marking via task; GC in old space requested
[173454:0x5921400]  3130966 ms: Mark-Compact 19.8 (53.2) -> 10.3 (54.2) MB, 1.62 / 0.00 ms  (+ 5.4 ms in 31 steps since start of marking, biggest step 0.3 ms, walltime since start of marking 8 ms) (average mu = 0.999, current mu = 0.999) finalize incremental marking via task; GC in old space requested
[173454:0x5921400]  3139165 ms: Mark-Compact 19.8 (54.2) -> 10.3 (53.7) MB, 2.47 / 0.00 ms  (+ 8.8 ms in 25 steps since start of marking, biggest step 0.7 ms, walltime since start of marking 13 ms) (average mu = 0.999, current mu = 0.999) finalize incremental marking via task; GC in old space requested
[173454:0x5921400]  3147353 ms: Mark-Compact 19.9 (53.7) -> 10.4 (53.0) MB, 4.40 / 0.00 ms  (+ 14.8 ms in 29 steps since start of marking, biggest step 0.9 ms, walltime since start of marking 22 ms) (average mu = 0.998, current mu = 0.998) finalize incremental marking via task; GC in old space requested
[173454:0x5921400]  3155546 ms: Mark-Compact 19.6 (53.0) -> 10.3 (54.0) MB, 1.24 / 0.00 ms  (+ 3.6 ms in 43 steps since start of marking, biggest step 0.3 ms, walltime since start of marking 5 ms) (average mu = 0.999, current mu = 0.999) finalize incremental marking via task; GC in old space requested
[173454:0x5921400]  3163754 ms: Mark-Compact 19.8 (54.0) -> 10.3 (54.2) MB, 2.64 / 0.00 ms  (+ 10.5 ms in 33 steps since start of marking, biggest step 0.7 ms, walltime since start of marking 15 ms) (average mu = 0.999, current mu = 0.998) finalize incremental marking via task; GC in old space requested
[173454:0x5921400]  3171913 ms: Mark-Compact 19.8 (54.2) -> 10.3 (53.5) MB, 1.84 / 0.00 ms  (+ 4.2 ms in 29 steps since start of marking, biggest step 0.2 ms, walltime since start of marking 7 ms) (average mu = 0.999, current mu = 0.999) finalize incremental marking via task; GC in old space requested
[173454:0x5921400]  3180138 ms: Mark-Compact 19.7 (53.5) -> 10.3 (54.5) MB, 1.83 / 0.00 ms  (+ 12.6 ms in 34 steps since start of marking, biggest step 2.7 ms, walltime since start of marking 15 ms) (average mu = 0.999, current mu = 0.998) finalize incremental marking via task; GC in old space requested
[173454:0x5921400]  3188367 ms: Mark-Compact 19.9 (54.5) -> 10.3 (53.5) MB, 2.17 / 0.00 ms  (+ 9.8 ms in 27 steps since start of marking, biggest step 0.5 ms, walltime since start of marking 13 ms) (average mu = 0.999, current mu = 0.999) finalize incremental marking via task; GC in old space requested
[173454:0x5921400]  3196569 ms: Mark-Compact 19.9 (53.5) -> 10.3 (53.7) MB, 1.75 / 0.00 ms  (+ 9.6 ms in 32 steps since start of marking, biggest step 0.5 ms, walltime since start of marking 13 ms) (average mu = 0.999, current mu = 0.999) finalize incremental marking via task; GC in old space requested
[173454:0x5921400]  3204747 ms: Mark-Compact 19.7 (53.7) -> 10.3 (53.7) MB, 1.82 / 0.00 ms  (+ 8.3 ms in 25 steps since start of marking, biggest step 0.7 ms, walltime since start of marking 11 ms) (average mu = 0.999, current mu = 0.999) finalize incremental marking via task; GC in old space requested
[173454:0x5921400]  3212943 ms: Mark-Compact 19.8 (53.7) -> 10.3 (53.5) MB, 1.75 / 0.00 ms  (+ 7.4 ms in 32 steps since start of marking, biggest step 0.5 ms, walltime since start of marking 10 ms) (average mu = 0.999, current mu = 0.999) finalize incremental marking via task; GC in old space requested
[173454:0x5921400]  3221134 ms: Mark-Compact 19.7 (53.5) -> 10.3 (53.2) MB, 2.16 / 0.00 ms  (+ 9.5 ms in 30 steps since start of marking, biggest step 0.5 ms, walltime since start of marking 13 ms) (average mu = 0.999, current mu = 0.999) finalize incremental marking via task; GC in old space requested
[173454:0x5921400]  3229300 ms: Mark-Compact 19.9 (53.2) -> 10.4 (53.7) MB, 3.95 / 0.00 ms  (+ 12.2 ms in 27 steps since start of marking, biggest step 0.7 ms, walltime since start of marking 19 ms) (average mu = 0.998, current mu = 0.998) finalize incremental marking via task; GC in old space requested
[173454:0x5921400]  3237484 ms: Mark-Compact 19.8 (53.7) -> 10.3 (54.2) MB, 2.29 / 0.00 ms  (+ 9.5 ms in 45 steps since start of marking, biggest step 0.5 ms, walltime since start of marking 13 ms) (average mu = 0.998, current mu = 0.999) finalize incremental marking via task; GC in old space requested
[173454:0x5921400]  3245658 ms: Mark-Compact 19.7 (54.2) -> 10.3 (53.5) MB, 1.75 / 0.00 ms  (+ 9.4 ms in 25 steps since start of marking, biggest step 3.2 ms, walltime since start of marking 12 ms) (average mu = 0.999, current mu = 0.999) finalize incremental marking via task; GC in old space requested
[173454:0x5921400]  3253827 ms: Mark-Compact 19.7 (53.5) -> 10.3 (54.5) MB, 1.30 / 0.00 ms  (+ 6.5 ms in 30 steps since start of marking, biggest step 0.4 ms, walltime since start of marking 9 ms) (average mu = 0.999, current mu = 0.999) finalize incremental marking via task; GC in old space requested
[173454:0x5921400]  3261987 ms: Mark-Compact 19.8 (54.5) -> 10.3 (54.5) MB, 2.31 / 0.00 ms  (+ 6.6 ms in 29 steps since start of marking, biggest step 0.7 ms, walltime since start of marking 10 ms) (average mu = 0.999, current mu = 0.999) finalize incremental marking via task; GC in old space requested
[173454:0x5921400]  3270191 ms: Mark-Compact 19.9 (54.5) -> 10.4 (53.5) MB, 2.66 / 0.00 ms  (+ 8.6 ms in 25 steps since start of marking, biggest step 0.8 ms, walltime since start of marking 13 ms) (average mu = 0.999, current mu = 0.999) finalize incremental marking via task; GC in old space requested
[173454:0x5921400]  3278400 ms: Mark-Compact 19.8 (53.5) -> 10.3 (53.7) MB, 1.65 / 0.00 ms  (+ 3.9 ms in 28 steps since start of marking, biggest step 0.2 ms, walltime since start of marking 6 ms) (average mu = 0.999, current mu = 0.999) finalize incremental marking via task; GC in old space requested
[173454:0x5921400]  3286578 ms: Mark-Compact 19.7 (53.7) -> 10.3 (54.2) MB, 1.30 / 0.00 ms  (+ 4.4 ms in 43 steps since start of marking, biggest step 0.2 ms, walltime since start of marking 6 ms) (average mu = 0.999, current mu = 0.999) finalize incremental marking via task; GC in old space requested
[173454:0x5921400]  3294754 ms: Mark-Compact 19.8 (54.2) -> 10.3 (53.7) MB, 2.25 / 0.00 ms  (+ 7.6 ms in 41 steps since start of marking, biggest step 0.4 ms, walltime since start of marking 11 ms) (average mu = 0.999, current mu = 0.999) finalize incremental marking via task; GC in old space requested
[173454:0x5921400]  3302975 ms: Mark-Compact 20.0 (53.7) -> 10.4 (53.7) MB, 1.89 / 0.00 ms  (+ 15.7 ms in 48 steps since start of marking, biggest step 0.5 ms, walltime since start of marking 20 ms) (average mu = 0.998, current mu = 0.998) finalize incremental marking via task; GC in old space requested
[173454:0x5921400]  3311163 ms: Mark-Compact 19.8 (53.7) -> 10.3 (53.2) MB, 1.67 / 0.00 ms  (+ 4.8 ms in 43 steps since start of marking, biggest step 0.3 ms, walltime since start of marking 7 ms) (average mu = 0.999, current mu = 0.999) finalize incremental marking via task; GC in old space requested
[173454:0x5921400]  3319320 ms: Mark-Compact 19.7 (53.2) -> 10.3 (53.2) MB, 1.45 / 0.00 ms  (+ 7.7 ms in 42 steps since start of marking, biggest step 0.6 ms, walltime since start of marking 10 ms) (average mu = 0.999, current mu = 0.999) finalize incremental marking via task; GC in old space requested
[173454:0x5921400]  3327506 ms: Mark-Compact 19.7 (53.2) -> 10.3 (54.2) MB, 1.94 / 0.00 ms  (+ 12.8 ms in 24 steps since start of marking, biggest step 5.3 ms, walltime since start of marking 16 ms) (average mu = 0.999, current mu = 0.998) finalize incremental marking via task; GC in old space requested
[173454:0x5921400]  3335694 ms: Mark-Compact 19.8 (54.2) -> 10.3 (53.7) MB, 1.65 / 0.00 ms  (+ 4.0 ms in 28 steps since start of marking, biggest step 0.3 ms, walltime since start of marking 6 ms) (average mu = 0.999, current mu = 0.999) finalize incremental marking via task; GC in old space requested
[173454:0x5921400]  3343887 ms: Mark-Compact 19.7 (53.7) -> 10.3 (53.7) MB, 1.22 / 0.00 ms  (+ 6.8 ms in 43 steps since start of marking, biggest step 0.4 ms, walltime since start of marking 9 ms) (average mu = 0.999, current mu = 0.999) finalize incremental marking via task; GC in old space requested
[173454:0x5921400]  3352072 ms: Mark-Compact 19.7 (53.7) -> 10.3 (52.2) MB, 2.16 / 0.00 ms  (+ 8.2 ms in 33 steps since start of marking, biggest step 0.5 ms, walltime since start of marking 11 ms) (average mu = 0.999, current mu = 0.999) finalize incremental marking via task; GC in old space requested
[173454:0x5921400]  3360244 ms: Mark-Compact 19.8 (52.2) -> 10.3 (53.2) MB, 1.20 / 0.00 ms  (+ 5.2 ms in 39 steps since start of marking, biggest step 0.4 ms, walltime since start of marking 7 ms) (average mu = 0.999, current mu = 0.999) finalize incremental marking via task; GC in old space requested
[173454:0x5921400]  3368452 ms: Mark-Compact 19.8 (53.2) -> 10.3 (53.2) MB, 1.88 / 0.00 ms  (+ 6.5 ms in 45 steps since start of marking, biggest step 0.3 ms, walltime since start of marking 9 ms) (average mu = 0.999, current mu = 0.999) finalize incremental marking via task; GC in old space requested
[173454:0x5921400]  3376661 ms: Mark-Compact 19.7 (53.2) -> 10.3 (54.2) MB, 1.53 / 0.00 ms  (+ 5.3 ms in 31 steps since start of marking, biggest step 0.4 ms, walltime since start of marking 8 ms) (average mu = 0.999, current mu = 0.999) finalize incremental marking via task; GC in old space requested
[173454:0x5921400]  3384834 ms: Mark-Compact 19.7 (54.2) -> 10.3 (54.5) MB, 2.63 / 0.00 ms  (+ 5.7 ms in 31 steps since start of marking, biggest step 0.4 ms, walltime since start of marking 9 ms) (average mu = 0.999, current mu = 0.999) finalize incremental marking via task; GC in old space requested
[173454:0x5921400]  3393038 ms: Mark-Compact 19.9 (54.5) -> 10.4 (54.2) MB, 1.65 / 0.00 ms  (+ 10.7 ms in 39 steps since start of marking, biggest step 1.8 ms, walltime since start of marking 14 ms) (average mu = 0.999, current mu = 0.998) finalize incremental marking via task; GC in old space requested
[173454:0x5921400]  3401239 ms: Mark-Compact 19.8 (54.2) -> 10.3 (53.2) MB, 1.69 / 0.00 ms  (+ 9.0 ms in 35 steps since start of marking, biggest step 2.8 ms, walltime since start of marking 12 ms) (average mu = 0.999, current mu = 0.999) finalize incremental marking via task; GC in old space requested
[173454:0x5921400]  3409409 ms: Mark-Compact 19.7 (53.2) -> 10.3 (54.2) MB, 2.73 / 0.00 ms  (+ 6.1 ms in 28 steps since start of marking, biggest step 1.6 ms, walltime since start of marking 10 ms) (average mu = 0.999, current mu = 0.999) finalize incremental marking via task; GC in old space requested
[173454:0x5921400]  3417602 ms: Mark-Compact 19.8 (54.2) -> 10.3 (53.7) MB, 1.50 / 0.00 ms  (+ 7.1 ms in 43 steps since start of marking, biggest step 0.4 ms, walltime since start of marking 9 ms) (average mu = 0.999, current mu = 0.999) finalize incremental marking via task; GC in old space requested
[173454:0x5921400]  3425758 ms: Mark-Compact 19.9 (53.7) -> 10.4 (53.5) MB, 3.20 / 0.00 ms  (+ 10.7 ms in 26 steps since start of marking, biggest step 0.9 ms, walltime since start of marking 16 ms) (average mu = 0.999, current mu = 0.998) finalize incremental marking via task; GC in old space requested
[173454:0x5921400]  3433954 ms: Mark-Compact 19.8 (53.5) -> 10.3 (54.0) MB, 4.57 / 0.00 ms  (+ 10.1 ms in 42 steps since start of marking, biggest step 0.7 ms, walltime since start of marking 16 ms) (average mu = 0.998, current mu = 0.998) finalize incremental marking via task; GC in old space requested
[173454:0x5921400]  3442138 ms: Mark-Compact 19.8 (54.0) -> 10.3 (54.0) MB, 1.99 / 0.00 ms  (+ 7.3 ms in 44 steps since start of marking, biggest step 0.3 ms, walltime since start of marking 10 ms) (average mu = 0.999, current mu = 0.999) finalize incremental marking via task; GC in old space requested
[173454:0x5921400]  3450341 ms: Mark-Compact 19.8 (54.0) -> 10.3 (54.2) MB, 1.50 / 0.00 ms  (+ 6.2 ms in 42 steps since start of marking, biggest step 0.3 ms, walltime since start of marking 8 ms) (average mu = 0.999, current mu = 0.999) finalize incremental marking via task; GC in old space requested
[173454:0x5921400]  3458515 ms: Mark-Compact 19.8 (54.2) -> 10.3 (53.5) MB, 3.17 / 0.00 ms  (+ 4.9 ms in 27 steps since start of marking, biggest step 0.4 ms, walltime since start of marking 9 ms) (average mu = 0.999, current mu = 0.999) finalize incremental marking via task; GC in old space requested
[173454:0x5921400]  3466707 ms: Mark-Compact 19.7 (53.5) -> 10.3 (54.0) MB, 2.09 / 0.00 ms  (+ 4.6 ms in 30 steps since start of marking, biggest step 0.3 ms, walltime since start of marking 8 ms) (average mu = 0.999, current mu = 0.999) finalize incremental marking via task; GC in old space requested
[173454:0x5921400]  3474884 ms: Mark-Compact 19.8 (54.0) -> 10.3 (54.0) MB, 3.96 / 0.00 ms  (+ 12.9 ms in 23 steps since start of marking, biggest step 4.4 ms, walltime since start of marking 18 ms) (average mu = 0.999, current mu = 0.998) finalize incremental marking via task; GC in old space requested
[173454:0x5921400]  3483095 ms: Mark-Compact 19.8 (54.0) -> 10.3 (53.7) MB, 2.99 / 0.00 ms  (+ 7.2 ms in 19 steps since start of marking, biggest step 3.3 ms, walltime since start of marking 11 ms) (average mu = 0.999, current mu = 0.999) finalize incremental marking via task; GC in old space requested
[173454:0x5921400]  3491269 ms: Mark-Compact 19.8 (53.7) -> 10.3 (54.2) MB, 1.45 / 0.00 ms  (+ 6.3 ms in 27 steps since start of marking, biggest step 0.4 ms, walltime since start of marking 9 ms) (average mu = 0.999, current mu = 0.999) finalize incremental marking via task; GC in old space requested
[173454:0x5921400]  3499474 ms: Mark-Compact 19.9 (54.2) -> 10.4 (53.7) MB, 4.78 / 0.00 ms  (+ 12.8 ms in 25 steps since start of marking, biggest step 2.2 ms, walltime since start of marking 20 ms) (average mu = 0.998, current mu = 0.998) finalize incremental marking via task; GC in old space requested
[173454:0x5921400]  3507669 ms: Mark-Compact 19.8 (53.7) -> 10.3 (54.7) MB, 1.34 / 0.00 ms  (+ 8.9 ms in 41 steps since start of marking, biggest step 0.5 ms, walltime since start of marking 11 ms) (average mu = 0.999, current mu = 0.999) finalize incremental marking via task; GC in old space requested
[173454:0x5921400]  3515864 ms: Mark-Compact 19.7 (54.7) -> 10.3 (53.0) MB, 2.85 / 0.00 ms  (+ 4.5 ms in 41 steps since start of marking, biggest step 0.3 ms, walltime since start of marking 8 ms) (average mu = 0.999, current mu = 0.999) finalize incremental marking via task; GC in old space requested
[173454:0x5921400]  3524093 ms: Mark-Compact 19.8 (53.0) -> 10.3 (54.0) MB, 1.99 / 0.00 ms  (+ 4.6 ms in 46 steps since start of marking, biggest step 0.2 ms, walltime since start of marking 7 ms) (average mu = 0.999, current mu = 0.999) finalize incremental marking via task; GC in old space requested
[173454:0x5921400]  3532283 ms: Mark-Compact 20.1 (54.0) -> 10.4 (53.7) MB, 4.03 / 0.00 ms  (+ 17.2 ms in 22 steps since start of marking, biggest step 6.0 ms, walltime since start of marking 24 ms) (average mu = 0.998, current mu = 0.997) finalize incremental marking via task; GC in old space requested
[173454:0x5921400]  3540456 ms: Mark-Compact 19.8 (53.7) -> 10.3 (54.7) MB, 2.45 / 0.00 ms  (+ 9.4 ms in 26 steps since start of marking, biggest step 1.1 ms, walltime since start of marking 13 ms) (average mu = 0.998, current mu = 0.999) finalize incremental marking via task; GC in old space requested
[173454:0x5921400]  3548638 ms: Mark-Compact 19.7 (54.7) -> 10.3 (55.0) MB, 2.28 / 0.00 ms  (+ 4.4 ms in 26 steps since start of marking, biggest step 0.4 ms, walltime since start of marking 7 ms) (average mu = 0.999, current mu = 0.999) finalize incremental marking via task; GC in old space requested
[173454:0x5921400]  3556841 ms: Mark-Compact 20.1 (55.0) -> 10.4 (54.0) MB, 5.06 / 0.00 ms  (+ 18.1 ms in 25 steps since start of marking, biggest step 1.6 ms, walltime since start of marking 26 ms) (average mu = 0.998, current mu = 0.997) finalize incremental marking via task; GC in old space requested
[173454:0x5921400]  3564994 ms: Mark-Compact 19.8 (54.0) -> 10.3 (55.0) MB, 1.72 / 0.00 ms  (+ 5.2 ms in 33 steps since start of marking, biggest step 0.3 ms, walltime since start of marking 8 ms) (average mu = 0.999, current mu = 0.999) finalize incremental marking via task; GC in old space requested
[173454:0x5921400]  3573170 ms: Mark-Compact 19.7 (55.0) -> 10.3 (54.7) MB, 1.63 / 0.00 ms  (+ 5.2 ms in 32 steps since start of marking, biggest step 0.4 ms, walltime since start of marking 8 ms) (average mu = 0.999, current mu = 0.999) finalize incremental marking via task; GC in old space requested
[173454:0x5921400]  3581340 ms: Mark-Compact 19.7 (54.7) -> 10.3 (52.7) MB, 1.25 / 0.00 ms  (+ 5.1 ms in 48 steps since start of marking, biggest step 0.5 ms, walltime since start of marking 7 ms) (average mu = 0.999, current mu = 0.999) finalize incremental marking via task; GC in old space requested
[173454:0x5921400]  3589515 ms: Mark-Compact 19.8 (52.7) -> 10.3 (53.2) MB, 2.68 / 0.00 ms  (+ 6.0 ms in 30 steps since start of marking, biggest step 0.5 ms, walltime since start of marking 10 ms) (average mu = 0.999, current mu = 0.999) finalize incremental marking via task; GC in old space requested
[173454:0x5921400]  3597696 ms: Mark-Compact 19.9 (53.2) -> 10.4 (53.5) MB, 2.64 / 0.00 ms  (+ 11.8 ms in 42 steps since start of marking, biggest step 0.8 ms, walltime since start of marking 16 ms) (average mu = 0.999, current mu = 0.998) finalize incremental marking via task; GC in old space requested
[173454:0x5921400]  3605853 ms: Mark-Compact 19.8 (53.5) -> 10.3 (54.0) MB, 1.71 / 0.00 ms  (+ 10.9 ms in 33 steps since start of marking, biggest step 0.8 ms, walltime since start of marking 14 ms) (average mu = 0.999, current mu = 0.998) finalize incremental marking via task; GC in old space requested
[173454:0x5921400]  3614038 ms: Mark-Compact 20.1 (54.0) -> 10.4 (54.0) MB, 1.74 / 0.00 ms  (+ 16.1 ms in 28 steps since start of marking, biggest step 1.1 ms, walltime since start of marking 21 ms) (average mu = 0.998, current mu = 0.998) finalize incremental marking via task; GC in old space requested
[173454:0x5921400]  3622190 ms: Mark-Compact 19.8 (54.0) -> 10.3 (53.5) MB, 1.54 / 0.00 ms  (+ 4.0 ms in 27 steps since start of marking, biggest step 0.2 ms, walltime since start of marking 6 ms) (average mu = 0.999, current mu = 0.999) finalize incremental marking via task; GC in old space requested
[173454:0x5921400]  3630397 ms: Mark-Compact 19.9 (53.5) -> 10.4 (53.5) MB, 4.02 / 0.00 ms  (+ 15.1 ms in 23 steps since start of marking, biggest step 1.7 ms, walltime since start of marking 23 ms) (average mu = 0.998, current mu = 0.998) finalize incremental marking via task; GC in old space requested
[173454:0x5921400]  3638615 ms: Mark-Compact 19.9 (53.5) -> 10.4 (54.5) MB, 4.11 / 0.00 ms  (+ 16.7 ms in 23 steps since start of marking, biggest step 3.0 ms, walltime since start of marking 24 ms) (average mu = 0.998, current mu = 0.997) finalize incremental marking via task; GC in old space requested
[173454:0x5921400]  3646790 ms: Mark-Compact 19.8 (54.5) -> 10.3 (54.7) MB, 1.20 / 0.00 ms  (+ 4.2 ms in 46 steps since start of marking, biggest step 0.2 ms, walltime since start of marking 6 ms) (average mu = 0.999, current mu = 0.999) finalize incremental marking via task; GC in old space requested
[173454:0x5921400]  3654966 ms: Mark-Compact 19.8 (54.7) -> 10.3 (53.7) MB, 1.77 / 0.00 ms  (+ 9.3 ms in 39 steps since start of marking, biggest step 1.3 ms, walltime since start of marking 12 ms) (average mu = 0.999, current mu = 0.999) finalize incremental marking via task; GC in old space requested
[173454:0x5921400]  3663141 ms: Mark-Compact 19.7 (53.7) -> 10.3 (53.0) MB, 2.30 / 0.00 ms  (+ 8.0 ms in 30 steps since start of marking, biggest step 0.7 ms, walltime since start of marking 12 ms) (average mu = 0.999, current mu = 0.999) finalize incremental marking via task; GC in old space requested
[173454:0x5921400]  3671294 ms: Mark-Compact 19.7 (53.0) -> 10.3 (53.2) MB, 2.08 / 0.00 ms  (+ 6.7 ms in 42 steps since start of marking, biggest step 0.3 ms, walltime since start of marking 10 ms) (average mu = 0.999, current mu = 0.999) finalize incremental marking via task; GC in old space requested
[173454:0x5921400]  3679471 ms: Mark-Compact 19.8 (53.2) -> 10.3 (53.2) MB, 2.14 / 0.00 ms  (+ 6.1 ms in 42 steps since start of marking, biggest step 0.3 ms, walltime since start of marking 9 ms) (average mu = 0.999, current mu = 0.999) finalize incremental marking via task; GC in old space requested
[173454:0x5921400]  3687642 ms: Mark-Compact 19.8 (53.2) -> 10.3 (53.7) MB, 2.22 / 0.00 ms  (+ 4.5 ms in 27 steps since start of marking, biggest step 0.4 ms, walltime since start of marking 8 ms) (average mu = 0.999, current mu = 0.999) finalize incremental marking via task; GC in old space requested
[173454:0x5921400]  3695863 ms: Mark-Compact 19.9 (53.7) -> 10.4 (54.7) MB, 3.18 / 0.00 ms  (+ 14.9 ms in 43 steps since start of marking, biggest step 0.9 ms, walltime since start of marking 21 ms) (average mu = 0.998, current mu = 0.998) finalize incremental marking via task; GC in old space requested
[173454:0x5921400]  3704042 ms: Mark-Compact 19.8 (54.7) -> 10.3 (55.0) MB, 2.25 / 0.00 ms  (+ 5.7 ms in 27 steps since start of marking, biggest step 0.4 ms, walltime since start of marking 9 ms) (average mu = 0.999, current mu = 0.999) finalize incremental marking via task; GC in old space requested
[173454:0x5921400]  3712192 ms: Mark-Compact 19.8 (55.0) -> 10.3 (54.0) MB, 1.81 / 0.00 ms  (+ 8.6 ms in 41 steps since start of marking, biggest step 0.6 ms, walltime since start of marking 12 ms) (average mu = 0.999, current mu = 0.999) finalize incremental marking via task; GC in old space requested
[173454:0x5921400]  3720365 ms: Mark-Compact 19.9 (54.0) -> 10.4 (53.7) MB, 1.95 / 0.00 ms  (+ 11.6 ms in 29 steps since start of marking, biggest step 0.7 ms, walltime since start of marking 16 ms) (average mu = 0.999, current mu = 0.998) finalize incremental marking via task; GC in old space requested
[173454:0x5921400]  3728549 ms: Mark-Compact 19.8 (53.7) -> 10.3 (53.5) MB, 1.49 / 0.00 ms  (+ 4.8 ms in 29 steps since start of marking, biggest step 0.4 ms, walltime since start of marking 7 ms) (average mu = 0.999, current mu = 0.999) finalize incremental marking via task; GC in old space requested
[173454:0x5921400]  3736731 ms: Mark-Compact 19.9 (53.5) -> 10.4 (52.7) MB, 1.71 / 0.00 ms  (+ 12.1 ms in 31 steps since start of marking, biggest step 0.7 ms, walltime since start of marking 16 ms) (average mu = 0.999, current mu = 0.998) finalize incremental marking via task; GC in old space requested
[173454:0x5921400]  3744909 ms: Mark-Compact 20.0 (52.7) -> 10.4 (53.2) MB, 2.37 / 0.00 ms  (+ 11.6 ms in 24 steps since start of marking, biggest step 1.4 ms, walltime since start of marking 16 ms) (average mu = 0.998, current mu = 0.998) finalize incremental marking via task; GC in old space requested
[173454:0x5921400]  3753105 ms: Mark-Compact 20.0 (53.2) -> 10.4 (54.2) MB, 2.57 / 0.00 ms  (+ 11.9 ms in 30 steps since start of marking, biggest step 0.7 ms, walltime since start of marking 17 ms) (average mu = 0.998, current mu = 0.998) finalize incremental marking via task; GC in old space requested
[173454:0x5921400]  3761281 ms: Mark-Compact 19.9 (54.2) -> 10.3 (54.2) MB, 3.33 / 0.00 ms  (+ 11.7 ms in 37 steps since start of marking, biggest step 0.8 ms, walltime since start of marking 16 ms) (average mu = 0.998, current mu = 0.998) finalize incremental marking via task; GC in old space requested
[173454:0x5921400]  3769464 ms: Mark-Compact 19.8 (54.2) -> 10.3 (54.2) MB, 1.95 / 0.00 ms  (+ 8.2 ms in 37 steps since start of marking, biggest step 0.7 ms, walltime since start of marking 11 ms) (average mu = 0.999, current mu = 0.999) finalize incremental marking via task; GC in old space requested
[173454:0x5921400]  3777662 ms: Mark-Compact 19.9 (54.2) -> 10.4 (54.7) MB, 4.40 / 0.01 ms  (+ 13.6 ms in 36 steps since start of marking, biggest step 0.6 ms, walltime since start of marking 20 ms) (average mu = 0.998, current mu = 0.998) finalize incremental marking via task; GC in old space requested
[173454:0x5921400]  3785869 ms: Mark-Compact 19.8 (54.7) -> 10.3 (54.2) MB, 1.19 / 0.00 ms  (+ 5.6 ms in 35 steps since start of marking, biggest step 0.5 ms, walltime since start of marking 8 ms) (average mu = 0.999, current mu = 0.999) finalize incremental marking via task; GC in old space requested
[173454:0x5921400]  3794055 ms: Mark-Compact 19.8 (54.2) -> 10.3 (53.0) MB, 1.81 / 0.00 ms  (+ 5.5 ms in 40 steps since start of marking, biggest step 0.6 ms, walltime since start of marking 8 ms) (average mu = 0.999, current mu = 0.999) finalize incremental marking via task; GC in old space requested
[173454:0x5921400]  3802210 ms: Mark-Compact 19.7 (53.0) -> 10.3 (54.0) MB, 3.36 / 0.00 ms  (+ 8.3 ms in 30 steps since start of marking, biggest step 0.4 ms, walltime since start of marking 13 ms) (average mu = 0.999, current mu = 0.999) finalize incremental marking via task; GC in old space requested
[173454:0x5921400]  3810384 ms: Mark-Compact 19.6 (54.0) -> 10.3 (54.5) MB, 1.19 / 0.00 ms  (+ 4.2 ms in 43 steps since start of marking, biggest step 0.7 ms, walltime since start of marking 6 ms) (average mu = 0.999, current mu = 0.999) finalize incremental marking via task; GC in old space requested
[173454:0x5921400]  3818592 ms: Mark-Compact 19.8 (54.5) -> 10.4 (53.5) MB, 4.82 / 0.00 ms  (+ 16.0 ms in 25 steps since start of marking, biggest step 5.5 ms, walltime since start of marking 23 ms) (average mu = 0.998, current mu = 0.997) finalize incremental marking via task; GC in old space requested
[173454:0x5921400]  3826796 ms: Mark-Compact 20.0 (53.5) -> 10.4 (54.0) MB, 3.37 / 0.00 ms  (+ 17.0 ms in 41 steps since start of marking, biggest step 1.0 ms, walltime since start of marking 22 ms) (average mu = 0.998, current mu = 0.998) finalize incremental marking via task; GC in old space requested
[173454:0x5921400]  3834961 ms: Mark-Compact 19.8 (54.0) -> 10.3 (54.5) MB, 2.75 / 0.00 ms  (+ 9.7 ms in 30 steps since start of marking, biggest step 0.6 ms, walltime since start of marking 14 ms) (average mu = 0.998, current mu = 0.998) finalize incremental marking via task; GC in old space requested
[173454:0x5921400]  3843137 ms: Mark-Compact 19.7 (54.5) -> 10.3 (53.7) MB, 1.44 / 0.00 ms  (+ 4.6 ms in 25 steps since start of marking, biggest step 0.5 ms, walltime since start of marking 7 ms) (average mu = 0.999, current mu = 0.999) finalize incremental marking via task; GC in old space requested
[173454:0x5921400]  3851352 ms: Mark-Compact 20.0 (53.7) -> 10.4 (52.7) MB, 3.80 / 0.00 ms  (+ 16.2 ms in 30 steps since start of marking, biggest step 1.1 ms, walltime since start of marking 23 ms) (average mu = 0.998, current mu = 0.998) finalize incremental marking via task; GC in old space requested
[173454:0x5921400]  3859537 ms: Mark-Compact 19.8 (52.7) -> 10.3 (53.7) MB, 1.95 / 0.00 ms  (+ 7.9 ms in 21 steps since start of marking, biggest step 3.1 ms, walltime since start of marking 11 ms) (average mu = 0.998, current mu = 0.999) finalize incremental marking via task; GC in old space requested
[173454:0x5921400]  3867715 ms: Mark-Compact 19.9 (53.7) -> 10.4 (54.0) MB, 2.31 / 0.00 ms  (+ 12.9 ms in 30 steps since start of marking, biggest step 1.1 ms, walltime since start of marking 18 ms) (average mu = 0.998, current mu = 0.998) finalize incremental marking via task; GC in old space requested
[173454:0x5921400]  3875926 ms: Mark-Compact 19.9 (54.0) -> 10.4 (54.0) MB, 5.29 / 0.00 ms  (+ 15.5 ms in 40 steps since start of marking, biggest step 0.7 ms, walltime since start of marking 23 ms) (average mu = 0.998, current mu = 0.997) finalize incremental marking via task; GC in old space requested
[173454:0x5921400]  3884119 ms: Mark-Compact 19.7 (54.0) -> 10.3 (54.2) MB, 1.74 / 0.00 ms  (+ 4.2 ms in 30 steps since start of marking, biggest step 0.2 ms, walltime since start of marking 7 ms) (average mu = 0.999, current mu = 0.999) finalize incremental marking via task; GC in old space requested
[173454:0x5921400]  3892284 ms: Mark-Compact 19.7 (54.2) -> 10.3 (53.5) MB, 1.74 / 0.00 ms  (+ 9.7 ms in 40 steps since start of marking, biggest step 2.1 ms, walltime since start of marking 13 ms) (average mu = 0.999, current mu = 0.999) finalize incremental marking via task; GC in old space requested
[173454:0x5921400]  3900468 ms: Mark-Compact 19.8 (53.5) -> 10.3 (53.0) MB, 1.87 / 0.00 ms  (+ 5.5 ms in 20 steps since start of marking, biggest step 2.3 ms, walltime since start of marking 8 ms) (average mu = 0.999, current mu = 0.999) finalize incremental marking via task; GC in old space requested
[173454:0x5921400]  3908674 ms: Mark-Compact 19.8 (53.0) -> 10.3 (54.0) MB, 2.28 / 0.00 ms  (+ 6.5 ms in 29 steps since start of marking, biggest step 0.4 ms, walltime since start of marking 10 ms) (average mu = 0.999, current mu = 0.999) finalize incremental marking via task; GC in old space requested
[173454:0x5921400]  3916853 ms: Mark-Compact 19.8 (54.0) -> 10.3 (54.2) MB, 2.12 / 0.00 ms  (+ 4.6 ms in 27 steps since start of marking, biggest step 1.2 ms, walltime since start of marking 7 ms) (average mu = 0.999, current mu = 0.999) finalize incremental marking via task; GC in old space requested
[173454:0x5921400]  3925046 ms: Mark-Compact 19.9 (54.2) -> 10.4 (54.2) MB, 3.99 / 0.01 ms  (+ 17.2 ms in 35 steps since start of marking, biggest step 1.8 ms, walltime since start of marking 24 ms) (average mu = 0.998, current mu = 0.997) finalize incremental marking via task; GC in old space requested
[173454:0x5921400]  3933226 ms: Mark-Compact 19.8 (54.2) -> 10.3 (55.2) MB, 1.59 / 0.00 ms  (+ 5.7 ms in 30 steps since start of marking, biggest step 0.3 ms, walltime since start of marking 8 ms) (average mu = 0.999, current mu = 0.999) finalize incremental marking via task; GC in old space requested
[173454:0x5921400]  3941440 ms: Mark-Compact 20.0 (55.2) -> 10.4 (53.0) MB, 5.95 / 0.01 ms  (+ 20.4 ms in 29 steps since start of marking, biggest step 6.1 ms, walltime since start of marking 30 ms) (average mu = 0.998, current mu = 0.997) finalize incremental marking via task; GC in old space requested
[173454:0x5921400]  3949611 ms: Mark-Compact 19.9 (53.0) -> 10.4 (54.0) MB, 2.92 / 0.00 ms  (+ 12.5 ms in 29 steps since start of marking, biggest step 1.0 ms, walltime since start of marking 18 ms) (average mu = 0.998, current mu = 0.998) finalize incremental marking via task; GC in old space requested
[173454:0x5921400]  3957787 ms: Mark-Compact 19.8 (54.0) -> 10.3 (54.2) MB, 1.83 / 0.00 ms  (+ 4.3 ms in 33 steps since start of marking, biggest step 0.2 ms, walltime since start of marking 7 ms) (average mu = 0.999, current mu = 0.999) finalize incremental marking via task; GC in old space requested
[173454:0x5921400]  3966011 ms: Mark-Compact 19.9 (54.2) -> 10.4 (54.2) MB, 4.21 / 0.00 ms  (+ 14.9 ms in 31 steps since start of marking, biggest step 0.8 ms, walltime since start of marking 22 ms) (average mu = 0.998, current mu = 0.998) finalize incremental marking via task; GC in old space requested
[173454:0x5921400]  3974184 ms: Mark-Compact 19.8 (54.2) -> 10.3 (53.5) MB, 1.70 / 0.00 ms  (+ 5.5 ms in 30 steps since start of marking, biggest step 0.3 ms, walltime since start of marking 8 ms) (average mu = 0.999, current mu = 0.999) finalize incremental marking via task; GC in old space requested
[173454:0x5921400]  3982348 ms: Mark-Compact 19.7 (53.5) -> 10.3 (54.0) MB, 2.08 / 0.00 ms  (+ 10.9 ms in 29 steps since start of marking, biggest step 0.7 ms, walltime since start of marking 14 ms) (average mu = 0.999, current mu = 0.998) finalize incremental marking via task; GC in old space requested
[173454:0x5921400]  3990516 ms: Mark-Compact 19.8 (54.0) -> 10.3 (54.0) MB, 1.69 / 0.00 ms  (+ 5.6 ms in 42 steps since start of marking, biggest step 0.4 ms, walltime since start of marking 8 ms) (average mu = 0.999, current mu = 0.999) finalize incremental marking via task; GC in old space requested
[173454:0x5921400]  3998707 ms: Mark-Compact 19.7 (54.0) -> 10.3 (53.5) MB, 1.95 / 0.00 ms  (+ 6.5 ms in 29 steps since start of marking, biggest step 0.4 ms, walltime since start of marking 10 ms) (average mu = 0.999, current mu = 0.999) finalize incremental marking via task; GC in old space requested
[173454:0x5921400]  4006895 ms: Mark-Compact 19.9 (53.5) -> 10.4 (53.5) MB, 1.61 / 0.00 ms  (+ 12.7 ms in 41 steps since start of marking, biggest step 0.7 ms, walltime since start of marking 16 ms) (average mu = 0.999, current mu = 0.998) finalize incremental marking via task; GC in old space requested
[173454:0x5921400]  4015092 ms: Mark-Compact 19.9 (53.5) -> 10.3 (53.7) MB, 3.87 / 0.00 ms  (+ 12.6 ms in 31 steps since start of marking, biggest step 0.9 ms, walltime since start of marking 18 ms) (average mu = 0.998, current mu = 0.998) finalize incremental marking via task; GC in old space requested
[173454:0x5921400]  4023298 ms: Mark-Compact 19.8 (53.7) -> 10.3 (54.7) MB, 1.37 / 0.00 ms  (+ 6.3 ms in 22 steps since start of marking, biggest step 3.5 ms, walltime since start of marking 9 ms) (average mu = 0.999, current mu = 0.999) finalize incremental marking via task; GC in old space requested
[173454:0x5921400]  4031510 ms: Mark-Compact 19.9 (54.7) -> 10.3 (54.2) MB, 2.12 / 0.00 ms  (+ 13.6 ms in 26 steps since start of marking, biggest step 0.8 ms, walltime since start of marking 19 ms) (average mu = 0.998, current mu = 0.998) finalize incremental marking via task; GC in old space requested
[173454:0x5921400]  4039693 ms: Mark-Compact 19.7 (54.2) -> 10.3 (54.2) MB, 2.07 / 0.00 ms  (+ 7.6 ms in 31 steps since start of marking, biggest step 0.7 ms, walltime since start of marking 11 ms) (average mu = 0.999, current mu = 0.999) finalize incremental marking via task; GC in old space requested
[173454:0x5921400]  4047876 ms: Mark-Compact 19.7 (54.2) -> 10.3 (54.2) MB, 1.11 / 0.00 ms  (+ 4.5 ms in 31 steps since start of marking, biggest step 0.6 ms, walltime since start of marking 6 ms) (average mu = 0.999, current mu = 0.999) finalize incremental marking via task; GC in old space requested
[173454:0x5921400]  4056075 ms: Mark-Compact 19.9 (54.2) -> 10.4 (53.7) MB, 5.29 / 0.00 ms  (+ 14.8 ms in 28 steps since start of marking, biggest step 1.1 ms, walltime since start of marking 23 ms) (average mu = 0.998, current mu = 0.998) finalize incremental marking via task; GC in old space requested
[173454:0x5921400]  4064274 ms: Mark-Compact 19.7 (53.7) -> 10.3 (54.0) MB, 1.35 / 0.00 ms  (+ 3.8 ms in 30 steps since start of marking, biggest step 0.2 ms, walltime since start of marking 6 ms) (average mu = 0.999, current mu = 0.999) finalize incremental marking via task; GC in old space requested
[173454:0x5921400]  4072457 ms: Mark-Compact 19.7 (54.0) -> 10.3 (53.2) MB, 1.86 / 0.00 ms  (+ 5.2 ms in 27 steps since start of marking, biggest step 0.3 ms, walltime since start of marking 8 ms) (average mu = 0.999, current mu = 0.999) finalize incremental marking via task; GC in old space requested
[173454:0x5921400]  4080675 ms: Mark-Compact 19.9 (53.2) -> 10.4 (53.5) MB, 2.27 / 0.00 ms  (+ 14.3 ms in 25 steps since start of marking, biggest step 0.9 ms, walltime since start of marking 19 ms) (average mu = 0.998, current mu = 0.998) finalize incremental marking via task; GC in old space requested
[173454:0x5921400]  4088909 ms: Mark-Compact 19.9 (53.5) -> 10.4 (53.2) MB, 1.85 / 0.00 ms  (+ 16.2 ms in 27 steps since start of marking, biggest step 1.2 ms, walltime since start of marking 21 ms) (average mu = 0.998, current mu = 0.998) finalize incremental marking via task; GC in old space requested
[173454:0x5921400]  4097114 ms: Mark-Compact 19.8 (53.2) -> 10.3 (53.5) MB, 1.42 / 0.00 ms  (+ 4.8 ms in 30 steps since start of marking, biggest step 0.3 ms, walltime since start of marking 7 ms) (average mu = 0.999, current mu = 0.999) finalize incremental marking via task; GC in old space requested
[173454:0x5921400]  4105268 ms: Mark-Compact 19.6 (53.5) -> 10.3 (53.5) MB, 1.87 / 0.00 ms  (+ 4.0 ms in 37 steps since start of marking, biggest step 0.7 ms, walltime since start of marking 6 ms) (average mu = 0.999, current mu = 0.999) finalize incremental marking via task; GC in old space requested
[173454:0x5921400]  4113477 ms: Mark-Compact 19.7 (53.5) -> 10.3 (53.7) MB, 1.54 / 0.00 ms  (+ 6.1 ms in 22 steps since start of marking, biggest step 2.3 ms, walltime since start of marking 9 ms) (average mu = 0.999, current mu = 0.999) finalize incremental marking via task; GC in old space requested
[173454:0x5921400]  4121687 ms: Mark-Compact 20.1 (53.7) -> 10.4 (54.0) MB, 4.75 / 0.00 ms  (+ 15.2 ms in 29 steps since start of marking, biggest step 1.2 ms, walltime since start of marking 23 ms) (average mu = 0.998, current mu = 0.998) finalize incremental marking via task; GC in old space requested
[173454:0x5921400]  4129847 ms: Mark-Compact 19.8 (54.0) -> 10.3 (55.0) MB, 1.63 / 0.00 ms  (+ 5.9 ms in 25 steps since start of marking, biggest step 2.7 ms, walltime since start of marking 8 ms) (average mu = 0.999, current mu = 0.999) finalize incremental marking via task; GC in old space requested
[173454:0x5921400]  4138055 ms: Mark-Compact 19.9 (55.0) -> 10.4 (53.5) MB, 2.61 / 0.00 ms  (+ 9.1 ms in 40 steps since start of marking, biggest step 0.4 ms, walltime since start of marking 13 ms) (average mu = 0.999, current mu = 0.999) finalize incremental marking via task; GC in old space requested
[173454:0x5921400]  4146276 ms: Mark-Compact 20.0 (53.5) -> 10.4 (54.0) MB, 4.22 / 0.00 ms  (+ 15.6 ms in 37 steps since start of marking, biggest step 0.9 ms, walltime since start of marking 22 ms) (average mu = 0.998, current mu = 0.998) finalize incremental marking via task; GC in old space requested
[173454:0x5921400]  4154509 ms: Mark-Compact 19.9 (54.0) -> 10.4 (54.5) MB, 1.87 / 0.00 ms  (+ 15.4 ms in 33 steps since start of marking, biggest step 0.9 ms, walltime since start of marking 20 ms) (average mu = 0.998, current mu = 0.998) finalize incremental marking via task; GC in old space requested
[173454:0x5921400]  4162674 ms: Mark-Compact 19.8 (54.5) -> 10.3 (52.7) MB, 1.81 / 0.00 ms  (+ 5.4 ms in 40 steps since start of marking, biggest step 1.2 ms, walltime since start of marking 8 ms) (average mu = 0.999, current mu = 0.999) finalize incremental marking via task; GC in old space requested
[173454:0x5921400]  4170858 ms: Mark-Compact 19.7 (52.7) -> 10.3 (53.7) MB, 1.76 / 0.00 ms  (+ 7.9 ms in 37 steps since start of marking, biggest step 0.7 ms, walltime since start of marking 10 ms) (average mu = 0.999, current mu = 0.999) finalize incremental marking via task; GC in old space requested
[173454:0x5921400]  4179031 ms: Mark-Compact 19.7 (53.7) -> 10.3 (54.2) MB, 1.46 / 0.00 ms  (+ 3.5 ms in 46 steps since start of marking, biggest step 0.2 ms, walltime since start of marking 6 ms) (average mu = 0.999, current mu = 0.999) finalize incremental marking via task; GC in old space requested
[173454:0x5921400]  4187229 ms: Mark-Compact 19.8 (54.2) -> 10.3 (53.5) MB, 1.38 / 0.00 ms  (+ 4.1 ms in 29 steps since start of marking, biggest step 0.3 ms, walltime since start of marking 6 ms) (average mu = 0.999, current mu = 0.999) finalize incremental marking via task; GC in old space requested
[173454:0x5921400]  4195398 ms: Mark-Compact 19.8 (53.5) -> 10.3 (54.0) MB, 1.69 / 0.00 ms  (+ 4.0 ms in 25 steps since start of marking, biggest step 0.2 ms, walltime since start of marking 6 ms) (average mu = 0.999, current mu = 0.999) finalize incremental marking via task; GC in old space requested
[173454:0x5921400]  4203581 ms: Mark-Compact 19.8 (54.0) -> 10.3 (53.7) MB, 2.30 / 0.00 ms  (+ 4.8 ms in 47 steps since start of marking, biggest step 0.2 ms, walltime since start of marking 8 ms) (average mu = 0.999, current mu = 0.999) finalize incremental marking via task; GC in old space requested
[173454:0x5921400]  4211760 ms: Mark-Compact 19.7 (53.7) -> 10.3 (54.0) MB, 1.34 / 0.00 ms  (+ 7.0 ms in 45 steps since start of marking, biggest step 0.5 ms, walltime since start of marking 10 ms) (average mu = 0.999, current mu = 0.999) finalize incremental marking via task; GC in old space requested
[173454:0x5921400]  4219938 ms: Mark-Compact 19.7 (54.0) -> 10.3 (54.0) MB, 3.61 / 0.00 ms  (+ 11.4 ms in 43 steps since start of marking, biggest step 0.5 ms, walltime since start of marking 16 ms) (average mu = 0.999, current mu = 0.998) finalize incremental marking via task; GC in old space requested
[173454:0x5921400]  4228136 ms: Mark-Compact 19.9 (54.0) -> 10.4 (55.0) MB, 3.72 / 0.00 ms  (+ 10.3 ms in 23 steps since start of marking, biggest step 0.9 ms, walltime since start of marking 17 ms) (average mu = 0.998, current mu = 0.998) finalize incremental marking via task; GC in old space requested
[173454:0x5921400]  4236353 ms: Mark-Compact 19.8 (55.0) -> 10.3 (54.7) MB, 2.58 / 0.00 ms  (+ 7.1 ms in 35 steps since start of marking, biggest step 1.1 ms, walltime since start of marking 11 ms) (average mu = 0.999, current mu = 0.999) finalize incremental marking via task; GC in old space requested
[173454:0x5921400]  4244569 ms: Mark-Compact 19.9 (54.7) -> 10.3 (54.2) MB, 2.09 / 0.00 ms  (+ 13.0 ms in 26 steps since start of marking, biggest step 1.1 ms, walltime since start of marking 17 ms) (average mu = 0.998, current mu = 0.998) finalize incremental marking via task; GC in old space requested
[173454:0x5921400]  4252738 ms: Mark-Compact 19.8 (54.2) -> 10.3 (54.0) MB, 1.32 / 0.00 ms  (+ 5.2 ms in 33 steps since start of marking, biggest step 1.7 ms, walltime since start of marking 7 ms) (average mu = 0.999, current mu = 0.999) finalize incremental marking via task; GC in old space requested
[173454:0x5921400]  4260940 ms: Mark-Compact 19.9 (54.0) -> 10.4 (54.5) MB, 1.52 / 0.00 ms  (+ 16.0 ms in 28 steps since start of marking, biggest step 0.9 ms, walltime since start of marking 21 ms) (average mu = 0.998, current mu = 0.998) finalize incremental marking via task; GC in old space requested
[173454:0x5921400]  4269151 ms: Mark-Compact 19.8 (54.5) -> 10.3 (54.2) MB, 2.44 / 0.00 ms  (+ 6.8 ms in 21 steps since start of marking, biggest step 2.5 ms, walltime since start of marking 10 ms) (average mu = 0.999, current mu = 0.999) finalize incremental marking via task; GC in old space requested
[173454:0x5921400]  4277374 ms: Mark-Compact 19.6 (54.2) -> 10.3 (53.0) MB, 1.63 / 0.00 ms  (+ 4.5 ms in 29 steps since start of marking, biggest step 0.2 ms, walltime since start of marking 7 ms) (average mu = 0.999, current mu = 0.999) finalize incremental marking via task; GC in old space requested
[173454:0x5921400]  4285540 ms: Mark-Compact 19.8 (53.0) -> 10.4 (53.2) MB, 2.33 / 0.00 ms  (+ 15.4 ms in 31 steps since start of marking, biggest step 4.3 ms, walltime since start of marking 20 ms) (average mu = 0.998, current mu = 0.998) finalize incremental marking via task; GC in old space requested
[173454:0x5921400]  4293771 ms: Mark-Compact 19.8 (53.2) -> 10.3 (53.7) MB, 1.66 / 0.00 ms  (+ 8.2 ms in 43 steps since start of marking, biggest step 0.5 ms, walltime since start of marking 11 ms) (average mu = 0.999, current mu = 0.999) finalize incremental marking via task; GC in old space requested
[173454:0x5921400]  4302010 ms: Mark-Compact 19.9 (53.7) -> 10.4 (53.5) MB, 1.25 / 0.00 ms  (+ 15.5 ms in 34 steps since start of marking, biggest step 0.9 ms, walltime since start of marking 19 ms) (average mu = 0.998, current mu = 0.998) finalize incremental marking via task; GC in old space requested
[173454:0x5921400]  4310200 ms: Mark-Compact 19.8 (53.5) -> 10.3 (53.5) MB, 3.94 / 0.00 ms  (+ 10.5 ms in 44 steps since start of marking, biggest step 0.4 ms, walltime since start of marking 15 ms) (average mu = 0.998, current mu = 0.998) finalize incremental marking via task; GC in old space requested
[173454:0x5921400]  4318409 ms: Mark-Compact 19.9 (53.5) -> 10.4 (54.5) MB, 3.30 / 0.00 ms  (+ 17.1 ms in 28 steps since start of marking, biggest step 1.1 ms, walltime since start of marking 24 ms) (average mu = 0.998, current mu = 0.998) finalize incremental marking via task; GC in old space requested
[173454:0x5921400]  4326617 ms: Mark-Compact 19.8 (54.5) -> 10.3 (54.5) MB, 1.91 / 0.00 ms  (+ 8.8 ms in 44 steps since start of marking, biggest step 0.5 ms, walltime since start of marking 11 ms) (average mu = 0.998, current mu = 0.999) finalize incremental marking via task; GC in old space requested
[173454:0x5921400]  4334805 ms: Mark-Compact 19.7 (54.5) -> 10.3 (53.5) MB, 1.92 / 0.00 ms  (+ 8.9 ms in 27 steps since start of marking, biggest step 0.8 ms, walltime since start of marking 12 ms) (average mu = 0.998, current mu = 0.999) finalize incremental marking via task; GC in old space requested
[173454:0x5921400]  4342957 ms: Mark-Compact 19.9 (53.5) -> 10.4 (53.2) MB, 3.85 / 0.00 ms  (+ 11.8 ms in 26 steps since start of marking, biggest step 1.3 ms, walltime since start of marking 18 ms) (average mu = 0.998, current mu = 0.998) finalize incremental marking via task; GC in old space requested
[173454:0x5921400]  4351191 ms: Mark-Compact 19.8 (53.2) -> 10.3 (53.7) MB, 1.95 / 0.00 ms  (+ 10.2 ms in 31 steps since start of marking, biggest step 0.5 ms, walltime since start of marking 14 ms) (average mu = 0.998, current mu = 0.999) finalize incremental marking via task; GC in old space requested
[173454:0x5921400]  4359417 ms: Mark-Compact 19.7 (53.7) -> 10.3 (54.0) MB, 1.36 / 0.00 ms  (+ 8.0 ms in 42 steps since start of marking, biggest step 0.3 ms, walltime since start of marking 11 ms) (average mu = 0.999, current mu = 0.999) finalize incremental marking via task; GC in old space requested
[173454:0x5921400]  4367630 ms: Mark-Compact 19.7 (54.0) -> 10.3 (53.5) MB, 2.16 / 0.00 ms  (+ 6.1 ms in 28 steps since start of marking, biggest step 0.4 ms, walltime since start of marking 9 ms) (average mu = 0.999, current mu = 0.999) finalize incremental marking via task; GC in old space requested
[173454:0x5921400]  4375808 ms: Mark-Compact 19.7 (53.5) -> 10.3 (53.5) MB, 1.88 / 0.00 ms  (+ 5.3 ms in 23 steps since start of marking, biggest step 1.6 ms, walltime since start of marking 8 ms) (average mu = 0.999, current mu = 0.999) finalize incremental marking via task; GC in old space requested
[173454:0x5921400]  4384055 ms: Mark-Compact 19.7 (53.5) -> 10.3 (52.7) MB, 5.67 / 0.01 ms  (+ 12.0 ms in 21 steps since start of marking, biggest step 5.3 ms, walltime since start of marking 19 ms) (average mu = 0.998, current mu = 0.998) finalize incremental marking via task; GC in old space requested
[173454:0x5921400]  4392270 ms: Mark-Compact 19.8 (52.7) -> 10.3 (53.7) MB, 1.16 / 0.00 ms  (+ 7.3 ms in 43 steps since start of marking, biggest step 0.4 ms, walltime since start of marking 9 ms) (average mu = 0.999, current mu = 0.999) finalize incremental marking via task; GC in old space requested
[173454:0x5921400]  4400449 ms: Mark-Compact 19.9 (53.7) -> 10.4 (54.7) MB, 5.32 / 0.00 ms  (+ 13.4 ms in 28 steps since start of marking, biggest step 1.0 ms, walltime since start of marking 21 ms) (average mu = 0.998, current mu = 0.998) finalize incremental marking via task; GC in old space requested
[173454:0x5921400]  4408614 ms: Mark-Compact 19.8 (54.7) -> 10.3 (54.0) MB, 1.25 / 0.00 ms  (+ 5.7 ms in 29 steps since start of marking, biggest step 0.6 ms, walltime since start of marking 8 ms) (average mu = 0.999, current mu = 0.999) finalize incremental marking via task; GC in old space requested
[173454:0x5921400]  4416820 ms: Mark-Compact 19.8 (54.0) -> 10.3 (54.0) MB, 1.17 / 0.00 ms  (+ 5.1 ms in 29 steps since start of marking, biggest step 0.6 ms, walltime since start of marking 7 ms) (average mu = 0.999, current mu = 0.999) finalize incremental marking via task; GC in old space requested
[173454:0x5921400]  4425044 ms: Mark-Compact 19.8 (54.0) -> 10.3 (53.7) MB, 1.51 / 0.00 ms  (+ 7.1 ms in 45 steps since start of marking, biggest step 0.5 ms, walltime since start of marking 10 ms) (average mu = 0.999, current mu = 0.999) finalize incremental marking via task; GC in old space requested
[173454:0x5921400]  4433208 ms: Mark-Compact 19.9 (53.7) -> 10.4 (53.5) MB, 2.30 / 0.01 ms  (+ 17.9 ms in 35 steps since start of marking, biggest step 4.3 ms, walltime since start of marking 23 ms) (average mu = 0.998, current mu = 0.998) finalize incremental marking via task; GC in old space requested
[173454:0x5921400]  4441409 ms: Mark-Compact 19.8 (53.5) -> 10.3 (54.0) MB, 1.16 / 0.00 ms  (+ 7.8 ms in 33 steps since start of marking, biggest step 0.7 ms, walltime since start of marking 11 ms) (average mu = 0.999, current mu = 0.999) finalize incremental marking via task; GC in old space requested
[173454:0x5921400]  4449608 ms: Mark-Compact 19.7 (54.0) -> 10.3 (53.5) MB, 1.69 / 0.00 ms  (+ 5.4 ms in 31 steps since start of marking, biggest step 0.3 ms, walltime since start of marking 8 ms) (average mu = 0.999, current mu = 0.999) finalize incremental marking via task; GC in old space requested
[173454:0x5921400]  4457798 ms: Mark-Compact 19.7 (53.5) -> 10.3 (53.5) MB, 2.12 / 0.00 ms  (+ 5.0 ms in 27 steps since start of marking, biggest step 0.3 ms, walltime since start of marking 8 ms) (average mu = 0.999, current mu = 0.999) finalize incremental marking via task; GC in old space requested
[173454:0x5921400]  4465972 ms: Mark-Compact 19.9 (53.5) -> 10.4 (54.0) MB, 1.76 / 0.00 ms  (+ 12.9 ms in 42 steps since start of marking, biggest step 0.6 ms, walltime since start of marking 17 ms) (average mu = 0.999, current mu = 0.998) finalize incremental marking via task; GC in old space requested
[173454:0x5921400]  4474192 ms: Mark-Compact 20.0 (54.0) -> 10.4 (53.7) MB, 1.79 / 0.00 ms  (+ 15.0 ms in 44 steps since start of marking, biggest step 0.6 ms, walltime since start of marking 19 ms) (average mu = 0.998, current mu = 0.998) finalize incremental marking via task; GC in old space requested
[173454:0x5921400]  4482403 ms: Mark-Compact 19.8 (53.7) -> 10.3 (53.2) MB, 1.91 / 0.00 ms  (+ 11.1 ms in 30 steps since start of marking, biggest step 0.6 ms, walltime since start of marking 15 ms) (average mu = 0.998, current mu = 0.998) finalize incremental marking via task; GC in old space requested
[173454:0x5921400]  4490594 ms: Mark-Compact 19.7 (53.2) -> 10.3 (53.2) MB, 1.43 / 0.00 ms  (+ 6.8 ms in 39 steps since start of marking, biggest step 1.7 ms, walltime since start of marking 9 ms) (average mu = 0.999, current mu = 0.999) finalize incremental marking via task; GC in old space requested
[173454:0x5921400]  4498773 ms: Mark-Compact 19.8 (53.2) -> 10.3 (54.2) MB, 1.88 / 0.00 ms  (+ 5.9 ms in 31 steps since start of marking, biggest step 0.4 ms, walltime since start of marking 9 ms) (average mu = 0.999, current mu = 0.999) finalize incremental marking via task; GC in old space requested
[173454:0x5921400]  4506966 ms: Mark-Compact 19.9 (54.2) -> 10.4 (53.5) MB, 2.09 / 0.00 ms  (+ 13.0 ms in 27 steps since start of marking, biggest step 0.7 ms, walltime since start of marking 17 ms) (average mu = 0.999, current mu = 0.998) finalize incremental marking via task; GC in old space requested
[173454:0x5921400]  4515164 ms: Mark-Compact 19.8 (53.5) -> 10.3 (53.2) MB, 1.83 / 0.00 ms  (+ 7.1 ms in 31 steps since start of marking, biggest step 0.4 ms, walltime since start of marking 10 ms) (average mu = 0.999, current mu = 0.999) finalize incremental marking via task; GC in old space requested
[173454:0x5921400]  4523333 ms: Mark-Compact 19.9 (53.2) -> 10.4 (54.2) MB, 3.03 / 0.00 ms  (+ 11.4 ms in 31 steps since start of marking, biggest step 0.7 ms, walltime since start of marking 16 ms) (average mu = 0.998, current mu = 0.998) finalize incremental marking via task; GC in old space requested
[173454:0x5921400]  4531538 ms: Mark-Compact 19.8 (54.2) -> 10.3 (53.2) MB, 1.71 / 0.00 ms  (+ 7.2 ms in 45 steps since start of marking, biggest step 0.5 ms, walltime since start of marking 10 ms) (average mu = 0.999, current mu = 0.999) finalize incremental marking via task; GC in old space requested
[173454:0x5921400]  4539731 ms: Mark-Compact 19.9 (53.2) -> 10.4 (53.2) MB, 2.79 / 0.00 ms  (+ 10.9 ms in 37 steps since start of marking, biggest step 0.5 ms, walltime since start of marking 15 ms) (average mu = 0.999, current mu = 0.998) finalize incremental marking via task; GC in old space requested
[173454:0x5921400]  4547866 ms: Mark-Compact 19.8 (53.2) -> 10.3 (53.5) MB, 1.33 / 0.00 ms  (+ 5.5 ms in 45 steps since start of marking, biggest step 0.2 ms, walltime since start of marking 8 ms) (average mu = 0.999, current mu = 0.999) finalize incremental marking via task; GC in old space requested
[173454:0x5921400]  4556054 ms: Mark-Compact 19.8 (53.5) -> 10.3 (53.7) MB, 1.09 / 0.00 ms  (+ 7.0 ms in 44 steps since start of marking, biggest step 0.5 ms, walltime since start of marking 9 ms) (average mu = 0.999, current mu = 0.999) finalize incremental marking via task; GC in old space requested
[173454:0x5921400]  4564233 ms: Mark-Compact 19.7 (53.7) -> 10.3 (54.2) MB, 1.98 / 0.00 ms  (+ 5.4 ms in 45 steps since start of marking, biggest step 0.4 ms, walltime since start of marking 8 ms) (average mu = 0.999, current mu = 0.999) finalize incremental marking via task; GC in old space requested
[173454:0x5921400]  4572465 ms: Mark-Compact 19.7 (54.2) -> 10.3 (53.7) MB, 2.14 / 0.00 ms  (+ 9.8 ms in 39 steps since start of marking, biggest step 0.4 ms, walltime since start of marking 13 ms) (average mu = 0.999, current mu = 0.999) finalize incremental marking via task; GC in old space requested
[173454:0x5921400]  4580631 ms: Mark-Compact 19.7 (53.7) -> 10.3 (54.0) MB, 2.05 / 0.00 ms  (+ 9.2 ms in 28 steps since start of marking, biggest step 0.6 ms, walltime since start of marking 12 ms) (average mu = 0.999, current mu = 0.999) finalize incremental marking via task; GC in old space requested
[173454:0x5921400]  4588804 ms: Mark-Compact 19.7 (54.0) -> 10.3 (53.2) MB, 1.67 / 0.00 ms  (+ 9.6 ms in 30 steps since start of marking, biggest step 0.7 ms, walltime since start of marking 13 ms) (average mu = 0.999, current mu = 0.999) finalize incremental marking via task; GC in old space requested
[173454:0x5921400]  4596974 ms: Mark-Compact 19.7 (53.2) -> 10.3 (53.5) MB, 2.07 / 0.00 ms  (+ 6.4 ms in 27 steps since start of marking, biggest step 0.5 ms, walltime since start of marking 10 ms) (average mu = 0.999, current mu = 0.999) finalize incremental marking via task; GC in old space requested
[173454:0x5921400]  4605138 ms: Mark-Compact 19.7 (53.5) -> 10.3 (53.7) MB, 1.54 / 0.00 ms  (+ 5.0 ms in 32 steps since start of marking, biggest step 0.4 ms, walltime since start of marking 7 ms) (average mu = 0.999, current mu = 0.999) finalize incremental marking via task; GC in old space requested
[173454:0x5921400]  4613309 ms: Mark-Compact 19.9 (53.7) -> 10.4 (53.5) MB, 3.21 / 0.00 ms  (+ 13.8 ms in 42 steps since start of marking, biggest step 0.5 ms, walltime since start of marking 19 ms) (average mu = 0.998, current mu = 0.998) finalize incremental marking via task; GC in old space requested
[173454:0x5921400]  4621513 ms: Mark-Compact 19.8 (53.5) -> 10.3 (54.0) MB, 1.36 / 0.00 ms  (+ 5.4 ms in 28 steps since start of marking, biggest step 1.2 ms, walltime since start of marking 8 ms) (average mu = 0.999, current mu = 0.999) finalize incremental marking via task; GC in old space requested
[173454:0x5921400]  4629710 ms: Mark-Compact 19.9 (54.0) -> 10.4 (54.2) MB, 3.51 / 0.00 ms  (+ 13.1 ms in 36 steps since start of marking, biggest step 2.6 ms, walltime since start of marking 18 ms) (average mu = 0.998, current mu = 0.998) finalize incremental marking via task; GC in old space requested
[173454:0x5921400]  4637899 ms: Mark-Compact 19.8 (54.2) -> 10.3 (54.0) MB, 1.35 / 0.00 ms  (+ 5.3 ms in 44 steps since start of marking, biggest step 0.2 ms, walltime since start of marking 7 ms) (average mu = 0.999, current mu = 0.999) finalize incremental marking via task; GC in old space requested
[173454:0x5921400]  4646076 ms: Mark-Compact 19.7 (54.0) -> 10.3 (53.7) MB, 1.62 / 0.00 ms  (+ 4.3 ms in 42 steps since start of marking, biggest step 0.2 ms, walltime since start of marking 7 ms) (average mu = 0.999, current mu = 0.999) finalize incremental marking via task; GC in old space requested
[173454:0x5921400]  4654278 ms: Mark-Compact 19.8 (53.7) -> 10.3 (54.0) MB, 2.11 / 0.00 ms  (+ 8.4 ms in 23 steps since start of marking, biggest step 2.6 ms, walltime since start of marking 12 ms) (average mu = 0.999, current mu = 0.999) finalize incremental marking via task; GC in old space requested
[173454:0x5921400]  4662443 ms: Mark-Compact 19.7 (54.0) -> 10.3 (53.2) MB, 1.64 / 0.00 ms  (+ 7.2 ms in 42 steps since start of marking, biggest step 0.6 ms, walltime since start of marking 9 ms) (average mu = 0.999, current mu = 0.999) finalize incremental marking via task; GC in old space requested
[173454:0x5921400]  4670620 ms: Mark-Compact 19.7 (53.2) -> 10.3 (53.7) MB, 1.45 / 0.00 ms  (+ 4.5 ms in 32 steps since start of marking, biggest step 0.2 ms, walltime since start of marking 7 ms) (average mu = 0.999, current mu = 0.999) finalize incremental marking via task; GC in old space requested
[173454:0x5921400]  4678863 ms: Mark-Compact 19.9 (53.7) -> 10.4 (53.2) MB, 4.05 / 0.00 ms  (+ 12.8 ms in 31 steps since start of marking, biggest step 0.9 ms, walltime since start of marking 20 ms) (average mu = 0.999, current mu = 0.998) finalize incremental marking via task; GC in old space requested
[173454:0x5921400]  4687098 ms: Mark-Compact 20.0 (53.2) -> 10.4 (54.2) MB, 1.57 / 0.00 ms  (+ 11.3 ms in 28 steps since start of marking, biggest step 0.8 ms, walltime since start of marking 16 ms) (average mu = 0.998, current mu = 0.998) finalize incremental marking via task; GC in old space requested
[173454:0x5921400]  4695310 ms: Mark-Compact 19.8 (54.2) -> 10.3 (53.7) MB, 2.20 / 0.00 ms  (+ 4.9 ms in 32 steps since start of marking, biggest step 0.4 ms, walltime since start of marking 8 ms) (average mu = 0.999, current mu = 0.999) finalize incremental marking via task; GC in old space requested
[173454:0x5921400]  4703500 ms: Mark-Compact 19.9 (53.7) -> 10.4 (54.2) MB, 3.95 / 0.00 ms  (+ 13.8 ms in 38 steps since start of marking, biggest step 0.7 ms, walltime since start of marking 20 ms) (average mu = 0.998, current mu = 0.998) finalize incremental marking via task; GC in old space requested
[173454:0x5921400]  4711726 ms: Mark-Compact 19.8 (54.2) -> 10.3 (54.5) MB, 3.36 / 0.00 ms  (+ 9.0 ms in 29 steps since start of marking, biggest step 0.6 ms, walltime since start of marking 14 ms) (average mu = 0.998, current mu = 0.998) finalize incremental marking via task; GC in old space requested
[173454:0x5921400]  4719945 ms: Mark-Compact 19.7 (54.5) -> 10.3 (54.5) MB, 2.53 / 0.00 ms  (+ 7.5 ms in 31 steps since start of marking, biggest step 0.7 ms, walltime since start of marking 11 ms) (average mu = 0.999, current mu = 0.999) finalize incremental marking via task; GC in old space requested
[173454:0x5921400]  4728136 ms: Mark-Compact 19.7 (54.5) -> 10.3 (54.5) MB, 1.54 / 0.00 ms  (+ 5.1 ms in 33 steps since start of marking, biggest step 0.2 ms, walltime since start of marking 7 ms) (average mu = 0.999, current mu = 0.999) finalize incremental marking via task; GC in old space requested
[173454:0x5921400]  4736334 ms: Mark-Compact 19.9 (54.5) -> 10.4 (54.0) MB, 4.94 / 0.00 ms  (+ 12.9 ms in 40 steps since start of marking, biggest step 1.1 ms, walltime since start of marking 20 ms) (average mu = 0.998, current mu = 0.998) finalize incremental marking via task; GC in old space requested
[173454:0x5921400]  4744551 ms: Mark-Compact 19.8 (54.0) -> 10.3 (55.0) MB, 1.57 / 0.00 ms  (+ 4.4 ms in 32 steps since start of marking, biggest step 0.3 ms, walltime since start of marking 7 ms) (average mu = 0.999, current mu = 0.999) finalize incremental marking via task; GC in old space requested
[173454:0x5921400]  4752738 ms: Mark-Compact 19.7 (55.0) -> 10.3 (54.5) MB, 1.94 / 0.00 ms  (+ 7.8 ms in 45 steps since start of marking, biggest step 0.5 ms, walltime since start of marking 10 ms) (average mu = 0.999, current mu = 0.999) finalize incremental marking via task; GC in old space requested
[173454:0x5921400]  4760916 ms: Mark-Compact 19.6 (54.5) -> 10.3 (54.0) MB, 1.38 / 0.00 ms  (+ 3.5 ms in 28 steps since start of marking, biggest step 0.2 ms, walltime since start of marking 5 ms) (average mu = 0.999, current mu = 0.999) finalize incremental marking via task; GC in old space requested
[173454:0x5921400]  4769085 ms: Mark-Compact 19.7 (54.0) -> 10.3 (52.7) MB, 1.81 / 0.02 ms  (+ 4.7 ms in 36 steps since start of marking, biggest step 1.6 ms, walltime since start of marking 7 ms) (average mu = 0.999, current mu = 0.999) finalize incremental marking via task; GC in old space requested
[173454:0x5921400]  4777313 ms: Mark-Compact 19.7 (52.7) -> 10.3 (53.2) MB, 1.28 / 0.00 ms  (+ 5.7 ms in 33 steps since start of marking, biggest step 0.4 ms, walltime since start of marking 8 ms) (average mu = 0.999, current mu = 0.999) finalize incremental marking via task; GC in old space requested
[173454:0x5921400]  4785520 ms: Mark-Compact 19.7 (53.2) -> 10.3 (53.2) MB, 1.47 / 0.00 ms  (+ 5.9 ms in 42 steps since start of marking, biggest step 0.3 ms, walltime since start of marking 8 ms) (average mu = 0.999, current mu = 0.999) finalize incremental marking via task; GC in old space requested
[173454:0x5921400]  4793681 ms: Mark-Compact 19.9 (53.2) -> 10.4 (53.5) MB, 2.22 / 0.00 ms  (+ 15.8 ms in 45 steps since start of marking, biggest step 0.8 ms, walltime since start of marking 20 ms) (average mu = 0.998, current mu = 0.998) finalize incremental marking via task; GC in old space requested
[173454:0x5921400]  4801882 ms: Mark-Compact 19.6 (53.5) -> 10.3 (53.7) MB, 1.48 / 0.00 ms  (+ 4.0 ms in 36 steps since start of marking, biggest step 0.3 ms, walltime since start of marking 6 ms) (average mu = 0.999, current mu = 0.999) finalize incremental marking via task; GC in old space requested
[173454:0x5921400]  4810049 ms: Mark-Compact 19.5 (53.7) -> 10.3 (53.5) MB, 1.19 / 0.00 ms  (+ 3.8 ms in 32 steps since start of marking, biggest step 0.3 ms, walltime since start of marking 5 ms) (average mu = 0.999, current mu = 0.999) finalize incremental marking via task; GC in old space requested
[173454:0x5921400]  4818211 ms: Mark-Compact 19.7 (53.5) -> 10.3 (53.7) MB, 1.04 / 0.00 ms  (+ 6.4 ms in 44 steps since start of marking, biggest step 0.5 ms, walltime since start of marking 8 ms) (average mu = 0.999, current mu = 0.999) finalize incremental marking via task; GC in old space requested
[173454:0x5921400]  4826395 ms: Mark-Compact 19.7 (53.7) -> 10.3 (53.0) MB, 2.03 / 0.00 ms  (+ 14.5 ms in 20 steps since start of marking, biggest step 6.4 ms, walltime since start of marking 18 ms) (average mu = 0.999, current mu = 0.998) finalize incremental marking via task; GC in old space requested
[173454:0x5921400]  4834607 ms: Mark-Compact 19.8 (53.0) -> 10.3 (54.0) MB, 1.35 / 0.00 ms  (+ 5.9 ms in 29 steps since start of marking, biggest step 0.5 ms, walltime since start of marking 8 ms) (average mu = 0.999, current mu = 0.999) finalize incremental marking via task; GC in old space requested
[173454:0x5921400]  4842819 ms: Mark-Compact 19.7 (54.0) -> 10.3 (53.5) MB, 2.43 / 0.00 ms  (+ 10.6 ms in 43 steps since start of marking, biggest step 0.5 ms, walltime since start of marking 14 ms) (average mu = 0.999, current mu = 0.998) finalize incremental marking via task; GC in old space requested
[173454:0x5921400]  4850950 ms: Mark-Compact 19.7 (53.5) -> 10.3 (54.5) MB, 1.38 / 0.00 ms  (+ 6.0 ms in 34 steps since start of marking, biggest step 2.6 ms, walltime since start of marking 8 ms) (average mu = 0.999, current mu = 0.999) finalize incremental marking via task; GC in old space requested
[173454:0x5921400]  4859158 ms: Mark-Compact 19.9 (54.5) -> 10.4 (54.0) MB, 3.32 / 0.00 ms  (+ 14.6 ms in 25 steps since start of marking, biggest step 1.1 ms, walltime since start of marking 21 ms) (average mu = 0.998, current mu = 0.998) finalize incremental marking via task; GC in old space requested
[173454:0x5921400]  4867312 ms: Mark-Compact 19.8 (54.0) -> 10.3 (54.2) MB, 1.73 / 0.01 ms  (+ 4.8 ms in 27 steps since start of marking, biggest step 0.5 ms, walltime since start of marking 7 ms) (average mu = 0.999, current mu = 0.999) finalize incremental marking via task; GC in old space requested
[173454:0x5921400]  4875480 ms: Mark-Compact 19.7 (54.2) -> 10.3 (54.5) MB, 1.44 / 0.00 ms  (+ 6.8 ms in 47 steps since start of marking, biggest step 0.5 ms, walltime since start of marking 9 ms) (average mu = 0.999, current mu = 0.999) finalize incremental marking via task; GC in old space requested
[173454:0x5921400]  4883659 ms: Mark-Compact 19.7 (54.5) -> 10.3 (54.5) MB, 2.13 / 0.00 ms  (+ 7.6 ms in 28 steps since start of marking, biggest step 1.0 ms, walltime since start of marking 11 ms) (average mu = 0.999, current mu = 0.999) finalize incremental marking via task; GC in old space requested
[173454:0x5921400]  4891868 ms: Mark-Compact 19.7 (54.5) -> 10.3 (53.7) MB, 2.46 / 0.00 ms  (+ 5.3 ms in 25 steps since start of marking, biggest step 1.6 ms, walltime since start of marking 9 ms) (average mu = 0.999, current mu = 0.999) finalize incremental marking via task; GC in old space requested
[173454:0x5921400]  4900073 ms: Mark-Compact 19.8 (53.7) -> 10.3 (54.0) MB, 1.55 / 0.00 ms  (+ 5.5 ms in 33 steps since start of marking, biggest step 0.5 ms, walltime since start of marking 8 ms) (average mu = 0.999, current mu = 0.999) finalize incremental marking via task; GC in old space requested
[173454:0x5921400]  4908287 ms: Mark-Compact 19.8 (54.0) -> 10.3 (54.0) MB, 3.91 / 0.00 ms  (+ 11.4 ms in 26 steps since start of marking, biggest step 0.8 ms, walltime since start of marking 17 ms) (average mu = 0.999, current mu = 0.998) finalize incremental marking via task; GC in old space requested
[173454:0x5921400]  4916460 ms: Mark-Compact 19.8 (54.0) -> 10.3 (54.0) MB, 1.61 / 0.00 ms  (+ 6.7 ms in 33 steps since start of marking, biggest step 2.4 ms, walltime since start of marking 10 ms) (average mu = 0.999, current mu = 0.999) finalize incremental marking via task; GC in old space requested
[173454:0x5921400]  4924691 ms: Mark-Compact 19.7 (54.0) -> 10.3 (53.5) MB, 1.92 / 0.00 ms  (+ 7.2 ms in 27 steps since start of marking, biggest step 0.4 ms, walltime since start of marking 10 ms) (average mu = 0.999, current mu = 0.999) finalize incremental marking via task; GC in old space requested
[173454:0x5921400]  4932894 ms: Mark-Compact 19.9 (53.5) -> 10.4 (53.7) MB, 1.57 / 0.00 ms  (+ 9.9 ms in 29 steps since start of marking, biggest step 0.6 ms, walltime since start of marking 14 ms) (average mu = 0.999, current mu = 0.999) finalize incremental marking via task; GC in old space requested
[173454:0x5921400]  4941079 ms: Mark-Compact 19.8 (53.7) -> 10.3 (53.2) MB, 1.21 / 0.00 ms  (+ 4.6 ms in 44 steps since start of marking, biggest step 0.3 ms, walltime since start of marking 6 ms) (average mu = 0.999, current mu = 0.999) finalize incremental marking via task; GC in old space requested
[173454:0x5921400]  4949305 ms: Mark-Compact 19.7 (53.2) -> 10.3 (53.2) MB, 4.23 / 0.00 ms  (+ 9.2 ms in 35 steps since start of marking, biggest step 1.4 ms, walltime since start of marking 14 ms) (average mu = 0.999, current mu = 0.998) finalize incremental marking via task; GC in old space requested
[173454:0x5921400]  4957517 ms: Mark-Compact 19.8 (53.2) -> 10.3 (54.2) MB, 1.55 / 0.00 ms  (+ 7.5 ms in 34 steps since start of marking, biggest step 1.7 ms, walltime since start of marking 10 ms) (average mu = 0.999, current mu = 0.999) finalize incremental marking via task; GC in old space requested
[173454:0x5921400]  4965721 ms: Mark-Compact 19.7 (54.2) -> 10.3 (54.2) MB, 1.68 / 0.00 ms  (+ 4.9 ms in 43 steps since start of marking, biggest step 0.2 ms, walltime since start of marking 7 ms) (average mu = 0.999, current mu = 0.999) finalize incremental marking via task; GC in old space requested
[173454:0x5921400]  4973903 ms: Mark-Compact 19.8 (54.2) -> 10.3 (53.7) MB, 1.20 / 0.00 ms  (+ 7.8 ms in 22 steps since start of marking, biggest step 5.0 ms, walltime since start of marking 10 ms) (average mu = 0.999, current mu = 0.999) finalize incremental marking via task; GC in old space requested
[173454:0x5921400]  4982112 ms: Mark-Compact 19.7 (53.7) -> 10.3 (54.0) MB, 1.50 / 0.00 ms  (+ 5.1 ms in 26 steps since start of marking, biggest step 0.6 ms, walltime since start of marking 8 ms) (average mu = 0.999, current mu = 0.999) finalize incremental marking via task; GC in old space requested
[173454:0x5921400]  4990303 ms: Mark-Compact 19.8 (54.0) -> 10.3 (54.2) MB, 1.52 / 0.00 ms  (+ 4.2 ms in 31 steps since start of marking, biggest step 0.4 ms, walltime since start of marking 6 ms) (average mu = 0.999, current mu = 0.999) finalize incremental marking via task; GC in old space requested
[173454:0x5921400]  4998508 ms: Mark-Compact 19.8 (54.2) -> 10.3 (53.2) MB, 1.70 / 0.00 ms  (+ 7.1 ms in 28 steps since start of marking, biggest step 0.9 ms, walltime since start of marking 10 ms) (average mu = 0.999, current mu = 0.999) finalize incremental marking via task; GC in old space requested
[173454:0x5921400]  5006690 ms: Mark-Compact 19.8 (53.2) -> 10.3 (54.2) MB, 2.29 / 0.00 ms  (+ 7.6 ms in 34 steps since start of marking, biggest step 0.7 ms, walltime since start of marking 11 ms) (average mu = 0.999, current mu = 0.999) finalize incremental marking via task; GC in old space requested
[173454:0x5921400]  5014912 ms: Mark-Compact 19.7 (54.2) -> 10.3 (53.7) MB, 1.25 / 0.00 ms  (+ 5.9 ms in 28 steps since start of marking, biggest step 0.5 ms, walltime since start of marking 8 ms) (average mu = 0.999, current mu = 0.999) finalize incremental marking via task; GC in old space requested
[173454:0x5921400]  5023147 ms: Mark-Compact 20.0 (53.7) -> 10.4 (53.2) MB, 2.06 / 0.00 ms  (+ 15.6 ms in 43 steps since start of marking, biggest step 0.8 ms, walltime since start of marking 19 ms) (average mu = 0.998, current mu = 0.998) finalize incremental marking via task; GC in old space requested
[173454:0x5921400]  5031324 ms: Mark-Compact 19.8 (53.2) -> 10.3 (53.2) MB, 2.75 / 0.00 ms  (+ 8.6 ms in 24 steps since start of marking, biggest step 2.3 ms, walltime since start of marking 13 ms) (average mu = 0.999, current mu = 0.999) finalize incremental marking via task; GC in old space requested
[173454:0x5921400]  5039525 ms: Mark-Compact 19.8 (53.2) -> 10.3 (53.7) MB, 1.81 / 0.00 ms  (+ 7.3 ms in 31 steps since start of marking, biggest step 0.5 ms, walltime since start of marking 11 ms) (average mu = 0.999, current mu = 0.999) finalize incremental marking via task; GC in old space requested
[173454:0x5921400]  5047744 ms: Mark-Compact 19.8 (53.7) -> 10.3 (54.0) MB, 1.30 / 0.00 ms  (+ 6.6 ms in 28 steps since start of marking, biggest step 0.7 ms, walltime since start of marking 9 ms) (average mu = 0.999, current mu = 0.999) finalize incremental marking via task; GC in old space requested
[173454:0x5921400]  5055939 ms: Mark-Compact 19.8 (54.0) -> 10.3 (53.7) MB, 1.15 / 0.00 ms  (+ 6.2 ms in 24 steps since start of marking, biggest step 0.5 ms, walltime since start of marking 9 ms) (average mu = 0.999, current mu = 0.999) finalize incremental marking via task; GC in old space requested
[173454:0x5921400]  5064107 ms: Mark-Compact 19.7 (53.7) -> 10.3 (52.7) MB, 1.81 / 0.00 ms  (+ 6.5 ms in 29 steps since start of marking, biggest step 0.4 ms, walltime since start of marking 9 ms) (average mu = 0.999, current mu = 0.999) finalize incremental marking via task; GC in old space requested
[173454:0x5921400]  5072312 ms: Mark-Compact 19.8 (52.7) -> 10.3 (53.2) MB, 1.21 / 0.00 ms  (+ 4.0 ms in 41 steps since start of marking, biggest step 0.2 ms, walltime since start of marking 6 ms) (average mu = 0.999, current mu = 0.999) finalize incremental marking via task; GC in old space requested
[173454:0x5921400]  5080542 ms: Mark-Compact 19.9 (53.2) -> 10.3 (54.2) MB, 1.71 / 0.00 ms  (+ 14.7 ms in 28 steps since start of marking, biggest step 0.9 ms, walltime since start of marking 19 ms) (average mu = 0.999, current mu = 0.998) finalize incremental marking via task; GC in old space requested
[173454:0x5921400]  5088727 ms: Mark-Compact 19.7 (54.2) -> 10.3 (53.7) MB, 1.99 / 0.00 ms  (+ 8.0 ms in 27 steps since start of marking, biggest step 0.5 ms, walltime since start of marking 12 ms) (average mu = 0.999, current mu = 0.999) finalize incremental marking via task; GC in old space requested
[173454:0x5921400]  5096898 ms: Mark-Compact 19.7 (53.7) -> 10.3 (54.0) MB, 1.47 / 0.00 ms  (+ 4.5 ms in 23 steps since start of marking, biggest step 2.0 ms, walltime since start of marking 7 ms) (average mu = 0.999, current mu = 0.999) finalize incremental marking via task; GC in old space requested
[173454:0x5921400]  5105085 ms: Mark-Compact 19.9 (54.0) -> 10.4 (54.0) MB, 3.68 / 0.00 ms  (+ 15.6 ms in 27 steps since start of marking, biggest step 1.0 ms, walltime since start of marking 23 ms) (average mu = 0.998, current mu = 0.998) finalize incremental marking via task; GC in old space requested
[173454:0x5921400]  5113299 ms: Mark-Compact 19.7 (54.0) -> 10.3 (54.5) MB, 1.29 / 0.00 ms  (+ 3.8 ms in 40 steps since start of marking, biggest step 0.1 ms, walltime since start of marking 5 ms) (average mu = 0.999, current mu = 0.999) finalize incremental marking via task; GC in old space requested
[173454:0x5921400]  5121467 ms: Mark-Compact 19.8 (54.5) -> 10.3 (54.2) MB, 2.74 / 0.00 ms  (+ 9.3 ms in 42 steps since start of marking, biggest step 0.5 ms, walltime since start of marking 13 ms) (average mu = 0.999, current mu = 0.999) finalize incremental marking via task; GC in old space requested
[173454:0x5921400]  5129653 ms: Mark-Compact 19.7 (54.2) -> 10.3 (55.2) MB, 1.80 / 0.00 ms  (+ 7.3 ms in 26 steps since start of marking, biggest step 3.7 ms, walltime since start of marking 10 ms) (average mu = 0.999, current mu = 0.999) finalize incremental marking via task; GC in old space requested
[173454:0x5921400]  5137842 ms: Mark-Compact 19.7 (55.2) -> 10.3 (53.5) MB, 1.87 / 0.00 ms  (+ 7.4 ms in 31 steps since start of marking, biggest step 0.6 ms, walltime since start of marking 11 ms) (average mu = 0.999, current mu = 0.999) finalize incremental marking via task; GC in old space requested
[173454:0x5921400]  5146049 ms: Mark-Compact 19.8 (53.5) -> 10.3 (54.0) MB, 1.61 / 0.00 ms  (+ 6.1 ms in 36 steps since start of marking, biggest step 0.4 ms, walltime since start of marking 9 ms) (average mu = 0.999, current mu = 0.999) finalize incremental marking via task; GC in old space requested
[173454:0x5921400]  5154205 ms: Mark-Compact 19.8 (54.0) -> 10.3 (54.0) MB, 2.81 / 0.00 ms  (+ 8.7 ms in 32 steps since start of marking, biggest step 0.9 ms, walltime since start of marking 12 ms) (average mu = 0.999, current mu = 0.999) finalize incremental marking via task; GC in old space requested
[173454:0x5921400]  5162403 ms: Mark-Compact 19.8 (54.0) -> 10.3 (53.5) MB, 1.92 / 0.00 ms  (+ 8.7 ms in 27 steps since start of marking, biggest step 0.5 ms, walltime since start of marking 12 ms) (average mu = 0.999, current mu = 0.999) finalize incremental marking via task; GC in old space requested
[173454:0x5921400]  5170593 ms: Mark-Compact 19.8 (53.5) -> 10.3 (53.5) MB, 1.08 / 0.00 ms  (+ 5.2 ms in 42 steps since start of marking, biggest step 0.6 ms, walltime since start of marking 7 ms) (average mu = 0.999, current mu = 0.999) finalize incremental marking via task; GC in old space requested
[173454:0x5921400]  5178756 ms: Mark-Compact 19.7 (53.5) -> 10.3 (53.2) MB, 1.93 / 0.00 ms  (+ 6.9 ms in 31 steps since start of marking, biggest step 0.6 ms, walltime since start of marking 10 ms) (average mu = 0.999, current mu = 0.999) finalize incremental marking via task; GC in old space requested
[173454:0x5921400]  5186937 ms: Mark-Compact 19.7 (53.2) -> 10.3 (53.7) MB, 1.71 / 0.01 ms  (+ 6.0 ms in 32 steps since start of marking, biggest step 0.4 ms, walltime since start of marking 9 ms) (average mu = 0.999, current mu = 0.999) finalize incremental marking via task; GC in old space requested
[173454:0x5921400]  5195092 ms: Mark-Compact 19.7 (53.7) -> 10.3 (53.7) MB, 1.27 / 0.00 ms  (+ 4.8 ms in 29 steps since start of marking, biggest step 0.3 ms, walltime since start of marking 7 ms) (average mu = 0.999, current mu = 0.999) finalize incremental marking via task; GC in old space requested
[173454:0x5921400]  5203273 ms: Mark-Compact 19.9 (53.7) -> 10.4 (53.5) MB, 1.99 / 0.00 ms  (+ 12.5 ms in 41 steps since start of marking, biggest step 0.6 ms, walltime since start of marking 16 ms) (average mu = 0.999, current mu = 0.998) finalize incremental marking via task; GC in old space requested
[173454:0x5921400]  5211407 ms: Mark-Compact 19.8 (53.5) -> 10.3 (54.5) MB, 1.75 / 0.00 ms  (+ 8.2 ms in 47 steps since start of marking, biggest step 0.6 ms, walltime since start of marking 11 ms) (average mu = 0.999, current mu = 0.999) finalize incremental marking via task; GC in old space requested
[173454:0x5921400]  5219609 ms: Mark-Compact 19.8 (54.5) -> 10.3 (54.0) MB, 1.82 / 0.00 ms  (+ 10.2 ms in 35 steps since start of marking, biggest step 2.5 ms, walltime since start of marking 13 ms) (average mu = 0.999, current mu = 0.999) finalize incremental marking via task; GC in old space requested
[173454:0x5921400]  5227809 ms: Mark-Compact 19.9 (54.0) -> 10.4 (52.7) MB, 2.06 / 0.00 ms  (+ 11.4 ms in 38 steps since start of marking, biggest step 3.0 ms, walltime since start of marking 15 ms) (average mu = 0.998, current mu = 0.998) finalize incremental marking via task; GC in old space requested
[173454:0x5921400]  5236019 ms: Mark-Compact 19.8 (52.7) -> 10.3 (53.7) MB, 1.87 / 0.00 ms  (+ 7.8 ms in 47 steps since start of marking, biggest step 0.3 ms, walltime since start of marking 11 ms) (average mu = 0.999, current mu = 0.999) finalize incremental marking via task; GC in old space requested
[173454:0x5921400]  5244203 ms: Mark-Compact 19.9 (53.7) -> 10.4 (53.7) MB, 2.61 / 0.00 ms  (+ 13.6 ms in 22 steps since start of marking, biggest step 1.6 ms, walltime since start of marking 20 ms) (average mu = 0.998, current mu = 0.998) finalize incremental marking via task; GC in old space requested
[173454:0x5921400]  5252391 ms: Mark-Compact 20.0 (53.7) -> 10.4 (54.0) MB, 2.03 / 0.00 ms  (+ 12.3 ms in 35 steps since start of marking, biggest step 3.6 ms, walltime since start of marking 16 ms) (average mu = 0.998, current mu = 0.998) finalize incremental marking via task; GC in old space requested
[173454:0x5921400]  5260537 ms: Mark-Compact 19.8 (54.0) -> 10.3 (54.2) MB, 1.45 / 0.00 ms  (+ 3.7 ms in 30 steps since start of marking, biggest step 0.2 ms, walltime since start of marking 6 ms) (average mu = 0.999, current mu = 0.999) finalize incremental marking via task; GC in old space requested
[173454:0x5921400]  5268758 ms: Mark-Compact 19.7 (54.2) -> 10.3 (54.0) MB, 1.60 / 0.00 ms  (+ 4.2 ms in 29 steps since start of marking, biggest step 0.2 ms, walltime since start of marking 7 ms) (average mu = 0.999, current mu = 0.999) finalize incremental marking via task; GC in old space requested
[173454:0x5921400]  5276989 ms: Mark-Compact 19.7 (54.0) -> 10.3 (53.7) MB, 1.69 / 0.00 ms  (+ 4.3 ms in 29 steps since start of marking, biggest step 0.7 ms, walltime since start of marking 7 ms) (average mu = 0.999, current mu = 0.999) finalize incremental marking via task; GC in old space requested
[173454:0x5921400]  5285244 ms: Mark-Compact 19.8 (53.7) -> 10.3 (53.5) MB, 1.16 / 0.00 ms  (+ 4.8 ms in 42 steps since start of marking, biggest step 0.2 ms, walltime since start of marking 7 ms) (average mu = 0.999, current mu = 0.999) finalize incremental marking via task; GC in old space requested
[173454:0x5921400]  5293516 ms: Mark-Compact 19.9 (53.5) -> 10.4 (53.7) MB, 2.87 / 0.00 ms  (+ 9.2 ms in 27 steps since start of marking, biggest step 0.7 ms, walltime since start of marking 14 ms) (average mu = 0.999, current mu = 0.999) finalize incremental marking via task; GC in old space requested
[173454:0x5921400]  5301726 ms: Mark-Compact 19.8 (53.7) -> 10.3 (54.0) MB, 2.14 / 0.00 ms  (+ 9.5 ms in 26 steps since start of marking, biggest step 0.6 ms, walltime since start of marking 13 ms) (average mu = 0.999, current mu = 0.999) finalize incremental marking via task; GC in old space requested
[173454:0x5921400]  5310053 ms: Mark-Compact 19.8 (54.0) -> 10.3 (53.5) MB, 1.33 / 0.00 ms  (+ 6.8 ms in 44 steps since start of marking, biggest step 0.3 ms, walltime since start of marking 9 ms) (average mu = 0.999, current mu = 0.999) finalize incremental marking via task; GC in old space requested
[173454:0x5921400]  5318309 ms: Mark-Compact 19.8 (53.5) -> 10.3 (54.0) MB, 1.50 / 0.00 ms  (+ 4.5 ms in 32 steps since start of marking, biggest step 0.3 ms, walltime since start of marking 7 ms) (average mu = 0.999, current mu = 0.999) finalize incremental marking via task; GC in old space requested
[173454:0x5921400]  5326607 ms: Mark-Compact 19.7 (54.0) -> 10.3 (54.5) MB, 1.32 / 0.00 ms  (+ 6.3 ms in 30 steps since start of marking, biggest step 0.5 ms, walltime since start of marking 9 ms) (average mu = 0.999, current mu = 0.999) finalize incremental marking via task; GC in old space requested
[173454:0x5921400]  5334859 ms: Mark-Compact 19.7 (54.5) -> 10.3 (53.5) MB, 0.96 / 0.00 ms  (+ 6.6 ms in 40 steps since start of marking, biggest step 0.4 ms, walltime since start of marking 8 ms) (average mu = 0.999, current mu = 0.999) finalize incremental marking via task; GC in old space requested
[173454:0x5921400]  5343122 ms: Mark-Compact 19.8 (53.5) -> 10.3 (53.5) MB, 1.20 / 0.00 ms  (+ 3.5 ms in 28 steps since start of marking, biggest step 1.1 ms, walltime since start of marking 5 ms) (average mu = 0.999, current mu = 0.999) finalize incremental marking via task; GC in old space requested
[173454:0x5921400]  5351414 ms: Mark-Compact 19.9 (53.5) -> 10.4 (53.2) MB, 4.67 / 0.00 ms  (+ 14.2 ms in 39 steps since start of marking, biggest step 0.6 ms, walltime since start of marking 21 ms) (average mu = 0.998, current mu = 0.998) finalize incremental marking via task; GC in old space requested
[173454:0x5921400]  5359709 ms: Mark-Compact 19.8 (53.2) -> 10.3 (54.2) MB, 1.33 / 0.00 ms  (+ 7.4 ms in 34 steps since start of marking, biggest step 0.4 ms, walltime since start of marking 10 ms) (average mu = 0.999, current mu = 0.999) finalize incremental marking via task; GC in old space requested
[173454:0x5921400]  5367999 ms: Mark-Compact 19.7 (54.2) -> 10.3 (54.2) MB, 1.39 / 0.00 ms  (+ 7.4 ms in 29 steps since start of marking, biggest step 0.4 ms, walltime since start of marking 10 ms) (average mu = 0.999, current mu = 0.999) finalize incremental marking via task; GC in old space requested
[173454:0x5921400]  5376222 ms: Mark-Compact 19.7 (54.2) -> 10.3 (53.7) MB, 1.42 / 0.00 ms  (+ 5.6 ms in 42 steps since start of marking, biggest step 0.3 ms, walltime since start of marking 8 ms) (average mu = 0.999, current mu = 0.999) finalize incremental marking via task; GC in old space requested
[173454:0x5921400]  5384383 ms: Mark-Compact 19.8 (53.7) -> 10.3 (53.2) MB, 3.11 / 0.00 ms  (+ 4.4 ms in 25 steps since start of marking, biggest step 1.2 ms, walltime since start of marking 8 ms) (average mu = 0.999, current mu = 0.999) finalize incremental marking via task; GC in old space requested
[173454:0x5921400]  5392655 ms: Mark-Compact 19.9 (53.2) -> 10.3 (53.7) MB, 2.25 / 0.01 ms  (+ 13.5 ms in 34 steps since start of marking, biggest step 1.0 ms, walltime since start of marking 18 ms) (average mu = 0.999, current mu = 0.998) finalize incremental marking via task; GC in old space requested
[173454:0x5921400]  5400828 ms: Mark-Compact 19.8 (53.7) -> 10.3 (53.7) MB, 1.35 / 0.00 ms  (+ 6.0 ms in 47 steps since start of marking, biggest step 0.3 ms, walltime since start of marking 8 ms) (average mu = 0.999, current mu = 0.999) finalize incremental marking via task; GC in old space requested
[173454:0x5921400]  5409022 ms: Mark-Compact 19.8 (53.7) -> 10.3 (54.0) MB, 1.48 / 0.00 ms  (+ 6.2 ms in 28 steps since start of marking, biggest step 1.3 ms, walltime since start of marking 9 ms) (average mu = 0.999, current mu = 0.999) finalize incremental marking via task; GC in old space requested
[173454:0x5921400]  5417209 ms: Mark-Compact 19.8 (54.0) -> 10.3 (53.5) MB, 1.20 / 0.00 ms  (+ 6.4 ms in 42 steps since start of marking, biggest step 0.3 ms, walltime since start of marking 8 ms) (average mu = 0.999, current mu = 0.999) finalize incremental marking via task; GC in old space requested
[173454:0x5921400]  5425362 ms: Mark-Compact 19.8 (53.5) -> 10.3 (53.2) MB, 1.76 / 0.00 ms  (+ 4.4 ms in 43 steps since start of marking, biggest step 0.2 ms, walltime since start of marking 7 ms) (average mu = 0.999, current mu = 0.999) finalize incremental marking via task; GC in old space requested
[173454:0x5921400]  5433554 ms: Mark-Compact 19.7 (53.2) -> 10.3 (54.2) MB, 1.59 / 0.00 ms  (+ 7.4 ms in 40 steps since start of marking, biggest step 2.9 ms, walltime since start of marking 10 ms) (average mu = 0.999, current mu = 0.999) finalize incremental marking via task; GC in old space requested
[173454:0x5921400]  5441754 ms: Mark-Compact 19.7 (54.2) -> 10.3 (53.7) MB, 1.54 / 0.00 ms  (+ 6.8 ms in 39 steps since start of marking, biggest step 0.7 ms, walltime since start of marking 9 ms) (average mu = 0.999, current mu = 0.999) finalize incremental marking via task; GC in old space requested
[173454:0x5921400]  5449923 ms: Mark-Compact 19.8 (53.7) -> 10.3 (53.2) MB, 1.50 / 0.00 ms  (+ 7.5 ms in 28 steps since start of marking, biggest step 0.6 ms, walltime since start of marking 10 ms) (average mu = 0.999, current mu = 0.999) finalize incremental marking via task; GC in old space requested
[173454:0x5921400]  5458100 ms: Mark-Compact 19.8 (53.2) -> 10.3 (53.0) MB, 4.25 / 0.00 ms  (+ 9.6 ms in 28 steps since start of marking, biggest step 0.7 ms, walltime since start of marking 16 ms) (average mu = 0.999, current mu = 0.998) finalize incremental marking via task; GC in old space requested
[173454:0x5921400]  5466258 ms: Mark-Compact 19.8 (53.0) -> 10.3 (54.0) MB, 1.24 / 0.00 ms  (+ 4.2 ms in 22 steps since start of marking, biggest step 1.4 ms, walltime since start of marking 6 ms) (average mu = 0.999, current mu = 0.999) finalize incremental marking via task; GC in old space requested
[173454:0x5921400]  5474473 ms: Mark-Compact 19.7 (54.0) -> 10.3 (54.0) MB, 1.64 / 0.00 ms  (+ 7.7 ms in 30 steps since start of marking, biggest step 0.5 ms, walltime since start of marking 11 ms) (average mu = 0.999, current mu = 0.999) finalize incremental marking via task; GC in old space requested
[173454:0x5921400]  5482637 ms: Mark-Compact 19.7 (54.0) -> 10.3 (52.7) MB, 2.41 / 0.00 ms  (+ 5.6 ms in 30 steps since start of marking, biggest step 0.3 ms, walltime since start of marking 9 ms) (average mu = 0.999, current mu = 0.999) finalize incremental marking via task; GC in old space requested
[173454:0x5921400]  5490838 ms: Mark-Compact 19.7 (52.7) -> 10.3 (53.7) MB, 3.07 / 0.01 ms  (+ 6.8 ms in 30 steps since start of marking, biggest step 0.6 ms, walltime since start of marking 11 ms) (average mu = 0.999, current mu = 0.999) finalize incremental marking via task; GC in old space requested
[173454:0x5921400]  5499124 ms: Mark-Compact 19.9 (53.7) -> 10.3 (54.7) MB, 2.04 / 0.00 ms  (+ 14.4 ms in 30 steps since start of marking, biggest step 1.5 ms, walltime since start of marking 19 ms) (average mu = 0.998, current mu = 0.998) finalize incremental marking via task; GC in old space requested
[173454:0x5921400]  5507375 ms: Mark-Compact 19.6 (54.7) -> 10.3 (53.2) MB, 1.14 / 0.00 ms  (+ 4.2 ms in 47 steps since start of marking, biggest step 0.2 ms, walltime since start of marking 6 ms) (average mu = 0.999, current mu = 0.999) finalize incremental marking via task; GC in old space requested
[173454:0x5921400]  5515660 ms: Mark-Compact 19.7 (53.2) -> 10.3 (53.5) MB, 1.98 / 0.00 ms  (+ 5.3 ms in 31 steps since start of marking, biggest step 0.5 ms, walltime since start of marking 8 ms) (average mu = 0.999, current mu = 0.999) finalize incremental marking via task; GC in old space requested
[173454:0x5921400]  5523881 ms: Mark-Compact 19.8 (53.5) -> 10.3 (54.0) MB, 1.29 / 0.00 ms  (+ 4.7 ms in 46 steps since start of marking, biggest step 0.2 ms, walltime since start of marking 7 ms) (average mu = 0.999, current mu = 0.999) finalize incremental marking via task; GC in old space requested
[173454:0x5921400]  5532120 ms: Mark-Compact 19.9 (54.0) -> 10.4 (53.7) MB, 2.39 / 0.00 ms  (+ 8.0 ms in 31 steps since start of marking, biggest step 0.5 ms, walltime since start of marking 12 ms) (average mu = 0.999, current mu = 0.999) finalize incremental marking via task; GC in old space requested
[173454:0x5921400]  5540410 ms: Mark-Compact 19.9 (53.7) -> 10.4 (54.7) MB, 1.08 / 0.00 ms  (+ 11.8 ms in 44 steps since start of marking, biggest step 0.7 ms, walltime since start of marking 14 ms) (average mu = 0.999, current mu = 0.998) finalize incremental marking via task; GC in old space requested
[173454:0x5921400]  5548663 ms: Mark-Compact 19.8 (54.7) -> 10.3 (53.2) MB, 1.62 / 0.00 ms  (+ 4.6 ms in 25 steps since start of marking, biggest step 1.2 ms, walltime since start of marking 7 ms) (average mu = 0.999, current mu = 0.999) finalize incremental marking via task; GC in old space requested
[173454:0x5921400]  5556901 ms: Mark-Compact 19.8 (53.2) -> 10.3 (53.7) MB, 2.33 / 0.00 ms  (+ 8.8 ms in 21 steps since start of marking, biggest step 3.8 ms, walltime since start of marking 12 ms) (average mu = 0.999, current mu = 0.999) finalize incremental marking via task; GC in old space requested
[173454:0x5921400]  5565134 ms: Mark-Compact 19.7 (53.7) -> 10.3 (54.0) MB, 1.59 / 0.00 ms  (+ 8.0 ms in 41 steps since start of marking, biggest step 0.4 ms, walltime since start of marking 10 ms) (average mu = 0.999, current mu = 0.999) finalize incremental marking via task; GC in old space requested
[173454:0x5921400]  5573408 ms: Mark-Compact 19.7 (54.0) -> 10.3 (53.2) MB, 3.33 / 0.01 ms  (+ 7.9 ms in 26 steps since start of marking, biggest step 0.5 ms, walltime since start of marking 13 ms) (average mu = 0.999, current mu = 0.999) finalize incremental marking via task; GC in old space requested
[173454:0x5921400]  5581667 ms: Mark-Compact 19.7 (53.2) -> 10.3 (53.7) MB, 3.85 / 0.00 ms  (+ 10.8 ms in 28 steps since start of marking, biggest step 0.9 ms, walltime since start of marking 16 ms) (average mu = 0.998, current mu = 0.998) finalize incremental marking via task; GC in old space requested
[173454:0x5921400]  5589882 ms: Mark-Compact 19.8 (53.7) -> 10.3 (54.0) MB, 1.90 / 0.00 ms  (+ 6.0 ms in 35 steps since start of marking, biggest step 0.3 ms, walltime since start of marking 9 ms) (average mu = 0.999, current mu = 0.999) finalize incremental marking via task; GC in old space requested
[173454:0x5921400]  5598110 ms: Mark-Compact 19.7 (54.0) -> 10.3 (53.7) MB, 1.36 / 0.00 ms  (+ 6.5 ms in 43 steps since start of marking, biggest step 0.3 ms, walltime since start of marking 9 ms) (average mu = 0.999, current mu = 0.999) finalize incremental marking via task; GC in old space requested
[173454:0x5921400]  5606371 ms: Mark-Compact 19.7 (53.7) -> 10.3 (53.0) MB, 1.62 / 0.00 ms  (+ 6.7 ms in 45 steps since start of marking, biggest step 0.3 ms, walltime since start of marking 9 ms) (average mu = 0.999, current mu = 0.999) finalize incremental marking via task; GC in old space requested
[173454:0x5921400]  5614648 ms: Mark-Compact 19.9 (53.0) -> 10.4 (53.5) MB, 1.91 / 0.00 ms  (+ 12.0 ms in 36 steps since start of marking, biggest step 2.5 ms, walltime since start of marking 16 ms) (average mu = 0.999, current mu = 0.998) finalize incremental marking via task; GC in old space requested
[173454:0x5921400]  5622873 ms: Mark-Compact 19.8 (53.5) -> 10.3 (53.5) MB, 1.63 / 0.00 ms  (+ 9.9 ms in 42 steps since start of marking, biggest step 0.5 ms, walltime since start of marking 13 ms) (average mu = 0.999, current mu = 0.999) finalize incremental marking via task; GC in old space requested
[173454:0x5921400]  5631150 ms: Mark-Compact 19.7 (53.5) -> 10.3 (53.0) MB, 1.31 / 0.00 ms  (+ 4.8 ms in 30 steps since start of marking, biggest step 0.4 ms, walltime since start of marking 7 ms) (average mu = 0.999, current mu = 0.999) finalize incremental marking via task; GC in old space requested
[173454:0x5921400]  5639352 ms: Mark-Compact 19.7 (53.0) -> 10.3 (53.5) MB, 1.80 / 0.00 ms  (+ 9.2 ms in 22 steps since start of marking, biggest step 2.9 ms, walltime since start of marking 12 ms) (average mu = 0.999, current mu = 0.999) finalize incremental marking via task; GC in old space requested
[173454:0x5921400]  5647585 ms: Mark-Compact 19.7 (53.5) -> 10.3 (53.2) MB, 1.93 / 0.00 ms  (+ 10.9 ms in 27 steps since start of marking, biggest step 0.8 ms, walltime since start of marking 14 ms) (average mu = 0.999, current mu = 0.998) finalize incremental marking via task; GC in old space requested
[173454:0x5921400]  5655779 ms: Mark-Compact 19.7 (53.2) -> 10.3 (53.5) MB, 1.87 / 0.00 ms  (+ 7.2 ms in 47 steps since start of marking, biggest step 0.5 ms, walltime since start of marking 10 ms) (average mu = 0.999, current mu = 0.999) finalize incremental marking via task; GC in old space requested
[173454:0x5921400]  5663968 ms: Mark-Compact 19.9 (53.5) -> 10.4 (53.0) MB, 1.49 / 0.00 ms  (+ 11.7 ms in 27 steps since start of marking, biggest step 0.7 ms, walltime since start of marking 16 ms) (average mu = 0.999, current mu = 0.998) finalize incremental marking via task; GC in old space requested
[173454:0x5921400]  5672238 ms: Mark-Compact 19.9 (53.0) -> 10.4 (53.5) MB, 1.22 / 0.00 ms  (+ 10.3 ms in 39 steps since start of marking, biggest step 0.5 ms, walltime since start of marking 13 ms) (average mu = 0.999, current mu = 0.999) finalize incremental marking via task; GC in old space requested
[173454:0x5921400]  5680508 ms: Mark-Compact 19.9 (53.5) -> 10.4 (53.2) MB, 1.99 / 0.00 ms  (+ 14.8 ms in 40 steps since start of marking, biggest step 1.2 ms, walltime since start of marking 19 ms) (average mu = 0.998, current mu = 0.998) finalize incremental marking via task; GC in old space requested
[173454:0x5921400]  5688736 ms: Mark-Compact 19.8 (53.2) -> 10.3 (53.5) MB, 1.87 / 0.00 ms  (+ 6.1 ms in 23 steps since start of marking, biggest step 1.9 ms, walltime since start of marking 9 ms) (average mu = 0.999, current mu = 0.999) finalize incremental marking via task; GC in old space requested
[173454:0x5921400]  5696951 ms: Mark-Compact 19.8 (53.5) -> 10.3 (53.7) MB, 1.47 / 0.00 ms  (+ 3.6 ms in 33 steps since start of marking, biggest step 0.2 ms, walltime since start of marking 6 ms) (average mu = 0.999, current mu = 0.999) finalize incremental marking via task; GC in old space requested
[173454:0x5921400]  5705121 ms: Mark-Compact 19.7 (53.7) -> 10.3 (52.7) MB, 1.18 / 0.00 ms  (+ 8.3 ms in 41 steps since start of marking, biggest step 0.3 ms, walltime since start of marking 10 ms) (average mu = 0.999, current mu = 0.999) finalize incremental marking via task; GC in old space requested
[173454:0x5921400]  5713316 ms: Mark-Compact 19.9 (52.7) -> 10.3 (53.7) MB, 1.26 / 0.00 ms  (+ 9.8 ms in 31 steps since start of marking, biggest step 5.2 ms, walltime since start of marking 12 ms) (average mu = 0.999, current mu = 0.999) finalize incremental marking via task; GC in old space requested
[173454:0x5921400]  5721484 ms: Mark-Compact 19.7 (53.7) -> 10.3 (54.7) MB, 1.63 / 0.00 ms  (+ 7.1 ms in 34 steps since start of marking, biggest step 3.5 ms, walltime since start of marking 10 ms) (average mu = 0.999, current mu = 0.999) finalize incremental marking via task; GC in old space requested
[173454:0x5921400]  5729725 ms: Mark-Compact 20.0 (54.7) -> 10.4 (54.2) MB, 2.55 / 0.00 ms  (+ 18.2 ms in 28 steps since start of marking, biggest step 1.4 ms, walltime since start of marking 25 ms) (average mu = 0.998, current mu = 0.997) finalize incremental marking via task; GC in old space requested
[173454:0x5921400]  5737973 ms: Mark-Compact 19.9 (54.2) -> 10.4 (53.7) MB, 1.66 / 0.00 ms  (+ 10.9 ms in 33 steps since start of marking, biggest step 0.7 ms, walltime since start of marking 15 ms) (average mu = 0.998, current mu = 0.998) finalize incremental marking via task; GC in old space requested
[173454:0x5921400]  5746200 ms: Mark-Compact 19.8 (53.7) -> 10.3 (53.7) MB, 2.51 / 0.00 ms  (+ 8.0 ms in 29 steps since start of marking, biggest step 0.9 ms, walltime since start of marking 12 ms) (average mu = 0.999, current mu = 0.999) finalize incremental marking via task; GC in old space requested
[173454:0x5921400]  5754434 ms: Mark-Compact 19.7 (53.7) -> 10.3 (53.5) MB, 1.25 / 0.00 ms  (+ 6.1 ms in 33 steps since start of marking, biggest step 2.8 ms, walltime since start of marking 8 ms) (average mu = 0.999, current mu = 0.999) finalize incremental marking via task; GC in old space requested
[173454:0x5921400]  5762683 ms: Mark-Compact 19.7 (53.5) -> 10.3 (53.2) MB, 4.13 / 0.00 ms  (+ 10.0 ms in 30 steps since start of marking, biggest step 0.6 ms, walltime since start of marking 16 ms) (average mu = 0.999, current mu = 0.998) finalize incremental marking via task; GC in old space requested
[173454:0x5921400]  5770942 ms: Mark-Compact 19.7 (53.2) -> 10.3 (54.2) MB, 2.32 / 0.00 ms  (+ 4.9 ms in 32 steps since start of marking, biggest step 0.2 ms, walltime since start of marking 8 ms) (average mu = 0.999, current mu = 0.999) finalize incremental marking via task; GC in old space requested
[173454:0x5921400]  5779151 ms: Mark-Compact 19.9 (54.2) -> 10.4 (54.2) MB, 1.41 / 0.01 ms  (+ 16.1 ms in 37 steps since start of marking, biggest step 0.7 ms, walltime since start of marking 21 ms) (average mu = 0.998, current mu = 0.998) finalize incremental marking via task; GC in old space requested
[173454:0x5921400]  5787419 ms: Mark-Compact 20.1 (54.2) -> 10.4 (53.2) MB, 2.09 / 0.00 ms  (+ 16.2 ms in 31 steps since start of marking, biggest step 0.8 ms, walltime since start of marking 22 ms) (average mu = 0.998, current mu = 0.998) finalize incremental marking via task; GC in old space requested
[173454:0x5921400]  5795567 ms: Mark-Compact 19.8 (53.2) -> 10.3 (53.2) MB, 1.17 / 0.00 ms  (+ 5.3 ms in 38 steps since start of marking, biggest step 0.3 ms, walltime since start of marking 7 ms) (average mu = 0.999, current mu = 0.999) finalize incremental marking via task; GC in old space requested
[173454:0x5921400]  5803731 ms: Mark-Compact 19.8 (53.2) -> 10.3 (53.2) MB, 1.69 / 0.00 ms  (+ 4.6 ms in 31 steps since start of marking, biggest step 0.2 ms, walltime since start of marking 7 ms) (average mu = 0.999, current mu = 0.999) finalize incremental marking via task; GC in old space requested
[173454:0x5921400]  5811948 ms: Mark-Compact 19.8 (53.2) -> 10.3 (53.7) MB, 1.54 / 0.00 ms  (+ 8.1 ms in 29 steps since start of marking, biggest step 0.6 ms, walltime since start of marking 11 ms) (average mu = 0.999, current mu = 0.999) finalize incremental marking via task; GC in old space requested
[173454:0x5921400]  5820185 ms: Mark-Compact 19.7 (53.7) -> 10.3 (53.2) MB, 1.69 / 0.00 ms  (+ 11.2 ms in 44 steps since start of marking, biggest step 0.5 ms, walltime since start of marking 14 ms) (average mu = 0.999, current mu = 0.998) finalize incremental marking via task; GC in old space requested
[173454:0x5921400]  5828338 ms: Mark-Compact 19.7 (53.2) -> 10.3 (53.7) MB, 1.74 / 0.00 ms  (+ 7.4 ms in 32 steps since start of marking, biggest step 0.4 ms, walltime since start of marking 10 ms) (average mu = 0.999, current mu = 0.999) finalize incremental marking via task; GC in old space requested
[173454:0x5921400]  5836560 ms: Mark-Compact 19.9 (53.7) -> 10.4 (53.7) MB, 2.52 / 0.00 ms  (+ 10.4 ms in 30 steps since start of marking, biggest step 0.5 ms, walltime since start of marking 15 ms) (average mu = 0.999, current mu = 0.998) finalize incremental marking via task; GC in old space requested
[173454:0x5921400]  5844790 ms: Mark-Compact 19.8 (53.7) -> 10.3 (53.7) MB, 1.44 / 0.00 ms  (+ 11.8 ms in 43 steps since start of marking, biggest step 0.8 ms, walltime since start of marking 14 ms) (average mu = 0.998, current mu = 0.998) finalize incremental marking via task; GC in old space requested
[173454:0x5921400]  5853011 ms: Mark-Compact 19.7 (53.7) -> 10.3 (54.0) MB, 1.80 / 0.00 ms  (+ 7.8 ms in 38 steps since start of marking, biggest step 2.2 ms, walltime since start of marking 10 ms) (average mu = 0.999, current mu = 0.999) finalize incremental marking via task; GC in old space requested
[173454:0x5921400]  5861281 ms: Mark-Compact 19.8 (54.0) -> 10.3 (53.5) MB, 1.90 / 0.00 ms  (+ 9.4 ms in 42 steps since start of marking, biggest step 0.4 ms, walltime since start of marking 13 ms) (average mu = 0.999, current mu = 0.999) finalize incremental marking via task; GC in old space requested
[173454:0x5921400]  5869460 ms: Mark-Compact 19.7 (53.5) -> 10.3 (54.0) MB, 1.79 / 0.00 ms  (+ 4.7 ms in 27 steps since start of marking, biggest step 0.3 ms, walltime since start of marking 7 ms) (average mu = 0.999, current mu = 0.999) finalize incremental marking via task; GC in old space requested
[173454:0x5921400]  5877691 ms: Mark-Compact 19.8 (54.0) -> 10.3 (54.0) MB, 1.96 / 0.00 ms  (+ 9.8 ms in 21 steps since start of marking, biggest step 2.4 ms, walltime since start of marking 13 ms) (average mu = 0.999, current mu = 0.999) finalize incremental marking via task; GC in old space requested
[173454:0x5921400]  5885862 ms: Mark-Compact 19.7 (54.0) -> 10.3 (53.5) MB, 1.81 / 0.00 ms  (+ 7.3 ms in 39 steps since start of marking, biggest step 0.3 ms, walltime since start of marking 10 ms) (average mu = 0.999, current mu = 0.999) finalize incremental marking via task; GC in old space requested
[173454:0x5921400]  5894109 ms: Mark-Compact 19.7 (53.5) -> 10.3 (53.7) MB, 2.58 / 0.00 ms  (+ 5.5 ms in 27 steps since start of marking, biggest step 0.3 ms, walltime since start of marking 9 ms) (average mu = 0.999, current mu = 0.999) finalize incremental marking via task; GC in old space requested
[173454:0x5921400]  5902338 ms: Mark-Compact 19.9 (53.7) -> 10.4 (53.5) MB, 3.91 / 0.00 ms  (+ 12.8 ms in 34 steps since start of marking, biggest step 2.4 ms, walltime since start of marking 18 ms) (average mu = 0.998, current mu = 0.998) finalize incremental marking via task; GC in old space requested
[173454:0x5921400]  5910544 ms: Mark-Compact 19.8 (53.5) -> 10.3 (54.0) MB, 1.35 / 0.00 ms  (+ 3.7 ms in 29 steps since start of marking, biggest step 0.3 ms, walltime since start of marking 6 ms) (average mu = 0.999, current mu = 0.999) finalize incremental marking via task; GC in old space requested
[173454:0x5921400]  5918783 ms: Mark-Compact 19.7 (54.0) -> 10.3 (53.5) MB, 1.90 / 0.00 ms  (+ 14.3 ms in 19 steps since start of marking, biggest step 6.1 ms, walltime since start of marking 18 ms) (average mu = 0.998, current mu = 0.998) finalize incremental marking via task; GC in old space requested
[173454:0x5921400]  5926999 ms: Mark-Compact 19.7 (53.5) -> 10.3 (54.0) MB, 1.44 / 0.00 ms  (+ 4.9 ms in 27 steps since start of marking, biggest step 0.4 ms, walltime since start of marking 7 ms) (average mu = 0.999, current mu = 0.999) finalize incremental marking via task; GC in old space requested
[173454:0x5921400]  5935221 ms: Mark-Compact 19.8 (54.0) -> 10.3 (53.2) MB, 1.94 / 0.00 ms  (+ 4.6 ms in 31 steps since start of marking, biggest step 0.3 ms, walltime since start of marking 7 ms) (average mu = 0.999, current mu = 0.999) finalize incremental marking via task; GC in old space requested
[173454:0x5921400]  5943392 ms: Mark-Compact 19.7 (53.2) -> 10.3 (53.7) MB, 2.90 / 0.01 ms  (+ 6.3 ms in 42 steps since start of marking, biggest step 0.5 ms, walltime since start of marking 10 ms) (average mu = 0.999, current mu = 0.999) finalize incremental marking via task; GC in old space requested
[173454:0x5921400]  5951586 ms: Mark-Compact 19.9 (53.7) -> 10.4 (54.0) MB, 1.83 / 0.00 ms  (+ 14.0 ms in 25 steps since start of marking, biggest step 1.6 ms, walltime since start of marking 19 ms) (average mu = 0.999, current mu = 0.998) finalize incremental marking via task; GC in old space requested
[173454:0x5921400]  5959816 ms: Mark-Compact 19.8 (54.0) -> 10.3 (53.2) MB, 1.84 / 0.00 ms  (+ 4.1 ms in 27 steps since start of marking, biggest step 0.3 ms, walltime since start of marking 7 ms) (average mu = 0.999, current mu = 0.999) finalize incremental marking via task; GC in old space requested
[173454:0x5921400]  5968046 ms: Mark-Compact 19.8 (53.2) -> 10.3 (53.5) MB, 1.61 / 0.00 ms  (+ 8.4 ms in 29 steps since start of marking, biggest step 0.4 ms, walltime since start of marking 11 ms) (average mu = 0.999, current mu = 0.999) finalize incremental marking via task; GC in old space requested
[173454:0x5921400]  5976219 ms: Mark-Compact 19.7 (53.5) -> 10.3 (54.5) MB, 1.09 / 0.00 ms  (+ 6.3 ms in 43 steps since start of marking, biggest step 0.5 ms, walltime since start of marking 8 ms) (average mu = 0.999, current mu = 0.999) finalize incremental marking via task; GC in old space requested
[173454:0x5921400]  5984422 ms: Mark-Compact 19.9 (54.5) -> 10.4 (53.0) MB, 2.66 / 0.00 ms  (+ 9.5 ms in 31 steps since start of marking, biggest step 0.6 ms, walltime since start of marking 15 ms) (average mu = 0.999, current mu = 0.999) finalize incremental marking via task; GC in old space requested
[173454:0x5921400]  5992664 ms: Mark-Compact 19.8 (53.0) -> 10.3 (53.5) MB, 1.34 / 0.00 ms  (+ 7.7 ms in 41 steps since start of marking, biggest step 0.4 ms, walltime since start of marking 10 ms) (average mu = 0.999, current mu = 0.999) finalize incremental marking via task; GC in old space requested
[173454:0x5921400]  6000840 ms: Mark-Compact 19.7 (53.5) -> 10.3 (53.2) MB, 1.51 / 0.00 ms  (+ 4.3 ms in 25 steps since start of marking, biggest step 0.3 ms, walltime since start of marking 7 ms) (average mu = 0.999, current mu = 0.999) finalize incremental marking via task; GC in old space requested
[173454:0x5921400]  6009045 ms: Mark-Compact 19.6 (53.2) -> 10.3 (53.7) MB, 1.24 / 0.00 ms  (+ 3.7 ms in 40 steps since start of marking, biggest step 0.8 ms, walltime since start of marking 5 ms) (average mu = 0.999, current mu = 0.999) finalize incremental marking via task; GC in old space requested
[173454:0x5921400]  6017207 ms: Mark-Compact 19.7 (53.7) -> 10.3 (53.0) MB, 2.01 / 0.01 ms  (+ 8.4 ms in 27 steps since start of marking, biggest step 0.5 ms, walltime since start of marking 12 ms) (average mu = 0.999, current mu = 0.999) finalize incremental marking via task; GC in old space requested
[173454:0x5921400]  6025481 ms: Mark-Compact 19.9 (53.0) -> 10.3 (53.5) MB, 2.63 / 0.01 ms  (+ 14.7 ms in 28 steps since start of marking, biggest step 1.9 ms, walltime since start of marking 20 ms) (average mu = 0.998, current mu = 0.998) finalize incremental marking via task; GC in old space requested
[173454:0x5921400]  6033771 ms: Mark-Compact 19.8 (53.5) -> 10.3 (53.7) MB, 4.09 / 0.00 ms  (+ 7.3 ms in 42 steps since start of marking, biggest step 0.4 ms, walltime since start of marking 12 ms) (average mu = 0.999, current mu = 0.999) finalize incremental marking via task; GC in old space requested
